--------- beginning of /dev/log/system
I/Vold    (  103): Vold 2.1 (the revenge) firing up
D/Vold    (  103): Volume sdcard state changing -1 (Initializing) -> 0 (No-Media)
D/Vold    (  103): Volume usbdrive state changing -1 (Initializing) -> 0 (No-Media)
I/SystemServer(  312): Entered the Android system server!
I/SystemServer(  312): Entropy Mixer
I/SystemServer(  312): Power Manager
I/SystemServer(  312): Activity Manager
I/ActivityManager(  312): Memory class: 96
I/SystemServer(  312): Telephony Registry
I/SystemServer(  312): Scheduling Policy
I/SystemServer(  312): Package Manager
W/PackageManager(  312): Permissions library file /system/etc/permissions/com.nvidia.nvsiutilv1.xml cannot be read
W/PackageManager(  312): Library not found: /system/framework/com.nvidia.nvstereoutils.jar
W/PackageManager(  312): Library not found: /system/framework/com.android.future.usb.accessory.jar
W/PackageParser(  312): No actions in intent filter at /system/app/Bluetooth.apk Binary XML file line #159
I/Installer(  312): connecting...
W/PackageParser(  312): Unknown element under <manifest>: supports-gl-texture at /data/app/com.firestartergames.globulousfree-1.apk Binary XML file line #30
W/PackageParser(  312): Unknown element under <manifest>: supports-gl-texture at /data/app/com.firestartergames.globulousfree-1.apk Binary XML file line #31
W/PackageParser(  312): Unknown element under <manifest>: supports-gl-texture at /data/app/com.juicybeast.KnightmareTower-1.apk Binary XML file line #15
W/PackageParser(  312): Unknown element under <manifest>: supports-gl-texture at /data/app/com.juicybeast.KnightmareTower-1.apk Binary XML file line #16
I/PackageManager(  312): Time to scan packages: 3.409 seconds
W/PackageManager(  312): Unknown permission android.permission.ADD_SYSTEM_SERVICE in package com.android.phone
W/PackageManager(  312): Unknown permission com.android.smspush.WAPPUSH_MANAGER_BIND in package com.android.phone
W/PackageManager(  312): Not granting permission android.permission.SEND_DOWNLOAD_COMPLETED_INTENTS to package com.android.browser (protectionLevel=2 flags=0x9be45)
W/PackageManager(  312): Unknown permission com.android.launcher.permission.INSTALL_SHORTCUT in package com.android.browser
W/PackageManager(  312): Unknown permission com.google.android.googleapps.permission.GOOGLE_AUTH in package com.android.settings
W/PackageManager(  312): Unknown permission com.android.launcher.permission.READ_SETTINGS in package com.android.settings
W/PackageManager(  312): Unknown permission com.android.launcher.permission.WRITE_SETTINGS in package com.android.settings
W/PackageManager(  312): Unknown permission com.android.vending.BILLING in package air.com.bossastudios.ddd
W/PackageManager(  312): Unknown permission com.android.vending.CHECK_LICENSE in package air.com.bossastudios.ddd
W/PackageManager(  312): Unknown permission com.android.vending.BILLING in package com.steenriver.littlecrane
I/SystemServer(  312): Account Manager
I/SystemServer(  312): Content Manager
I/SystemServer(  312): System Content Providers
I/SystemServer(  312): Lights Service
I/SystemServer(  312): Battery Service
I/SystemServer(  312): Vibrator Service
I/SystemServer(  312): Alarm Manager
I/SystemServer(  312): Init Watchdog
I/SystemServer(  312): Window Manager
I/InputManager(  312): Initializing input manager
W/StatusBarManager(  312): warning: no STATUS_BAR_SERVICE
I/InputManager(  312): Starting input manager
I/SystemServer(  312): Bluetooth Service
I/SystemServer(  312): Input Method Service
W/InputMethodManagerService(  312): Couldn't create dir.: /data/system/inputmethod
I/SystemServer(  312): Accessibility Manager
I/ActivityManager(  312): Config changed: {1.0 0mcc0mnc en_US sw540dp w960dp h515dp lrg long land ?uimode ?night -touch -keyb/v/h -nav/h s.2}
I/SystemServer(  312): Mount Service
D/MountService(  312): got storage path: /storage/sdcard0 description: Internal storage primary: true removable: false emulated: true mtpReserve: 100 allowMassStorage: false maxFileSize: 0
D/MountService(  312): got storage path: /storage/sdcard1 description: SD card primary: false removable: true emulated: false mtpReserve: 0 allowMassStorage: false maxFileSize: 0
D/MountService(  312): using emulated external storage
I/SystemServer(  312): LockSettingsService
I/SystemServer(  312): Device Policy
I/SystemServer(  312): Status Bar
I/SystemServer(  312): Clipboard Service
D/VoldCmdListener(  103): volume list
I/SystemServer(  312): NetworkManagement Service
D/MountService(  312): volume state changed for /storage/sdcard1 (null -> removed)
D/MountService(  312): volume state changed for /mnt/usbdrive (null -> removed)
D/VoldCmdListener(  103): asec list
I/SystemServer(  312): Text Service Manager Service
W/PackageManager(  312): Unknown permission android.permission.ADD_SYSTEM_SERVICE in package com.android.phone
W/PackageManager(  312): Unknown permission com.android.smspush.WAPPUSH_MANAGER_BIND in package com.android.phone
W/PackageManager(  312): Not granting permission android.permission.SEND_DOWNLOAD_COMPLETED_INTENTS to package com.android.browser (protectionLevel=2 flags=0x9be45)
W/PackageManager(  312): Unknown permission com.android.launcher.permission.INSTALL_SHORTCUT in package com.android.browser
W/PackageManager(  312): Unknown permission com.google.android.googleapps.permission.GOOGLE_AUTH in package com.android.settings
W/PackageManager(  312): Unknown permission com.android.launcher.permission.READ_SETTINGS in package com.android.settings
W/PackageManager(  312): Unknown permission com.android.launcher.permission.WRITE_SETTINGS in package com.android.settings
W/PackageManager(  312): Unknown permission com.android.vending.BILLING in package air.com.bossastudios.ddd
W/PackageManager(  312): Unknown permission com.android.vending.CHECK_LICENSE in package air.com.bossastudios.ddd
W/PackageManager(  312): Unknown permission com.android.vending.BILLING in package com.steenriver.littlecrane
W/TextServicesManagerService(  312): no available spell checker services found
I/SystemServer(  312): NetworkStats Service
I/SystemServer(  312): NetworkPolicy Service
I/SystemServer(  312): Wi-Fi P2pService
I/SystemServer(  312): Wi-Fi Service
I/SystemServer(  312): Connectivity Service
D/ConnectivityService(  312): ConnectivityService starting up
E/ConnectivityService(  312): Ignoring protectedNetwork 10
E/ConnectivityService(  312): Ignoring protectedNetwork 11
E/ConnectivityService(  312): Ignoring protectedNetwork 12
I/EthernetStateTracker(  312): Starts...
I/EthernetStateTracker(  312): Success
V/EthernetService(  312): Ethernet dev enabled 2
I/EthernetService(  312): total found 2 net devices
I/EthernetService(  312):  device 0 name eth0
I/EthernetService(  312):  device 1 name dummy0
I/EthernetService(  312): setEthState from 0 to 2
I/EthernetService(  312): $$ EthernetService uninited,disable setEthState() call resetInterface()
I/EthernetService(  312): $$ resetInterface() will be called in reconnect()
V/EthernetService(  312): Trigger the ethernet monitor
V/EthernetStateTracker(  312): start polling
I/EthernetStateTracker(  312): start to monitor the Ethernet devices
I/EthernetManager(  312): Init Ethernet Manager
I/EthernetStateTracker(  312): $$ DISABLE startMonitoring call resetInterface()
I/EthernetService(  312): setEthState from 2 to 2
I/EthernetStateTracker(  312): $$reconnect call resetInterface()
I/EthernetStateTracker(  312): reset device eth0
I/EthernetStateTracker(  312): Force the connection disconnected before configuration
D/EthernetStateTracker(  312): setEthState state=false->false event=4
V/EthernetStateTracker(  312): report new state DISCONNECTED on dev eth0 current=eth0
V/EthernetStateTracker(  312): update network state tracker
I/EthernetStateTracker(  312): trigger dhcp for device eth0
D/EthernetStateTracker(  312): DhcpHandler: DHCP request started
D/EthernetStateTracker(  312): setEthState state=false->false event=0
I/EthernetStateTracker(  312): Old status stackConnected=false HWConnected=false
I/EthernetStateTracker(  312): [EVENT: ether is removed]
D/EthernetStateTracker(  312): setEthState state=false->false event=4
I/EthernetStateTracker(  312): New status, stackConnected=false HWConnected=false
I/WifiService(  312): WifiService starting up with Wi-Fi enabled
D/WifiService(  312): setWifiEnabled: true pid=312, uid=1000
I/SystemServer(  312): Network Service Discovery Service
D/NsdService(  312): Network service discovery enabled true
I/SystemServer(  312): Throttle Service
I/SystemServer(  312): UpdateLock Service
I/SystemServer(  312): NotificationTracker Service
I/SystemServer(  312): Notification Manager
I/SystemServer(  312): Device Storage Monitor
I/SystemServer(  312): Location Manager
I/SystemServer(  312): Country Detector
I/SystemServer(  312): Search Service
I/SystemServer(  312): DropBox Service
I/SystemServer(  312): Wallpaper Service
I/SystemServer(  312): Audio Service
I/SystemServer(  312): Dock Observer
W/DockObserver(  312): This kernel does not have dock station support
I/SystemServer(  312): Wired Accessory Observer
I/SystemServer(  312): USB Service
I/SystemServer(  312): Serial Service
I/SystemServer(  312): UI Mode Manager Service
I/SystemServer(  312): Backup Service
V/BackupManagerService(  312): Initializing package tracking
V/BackupManagerService(  312): No ancestral data
V/BackupManagerService(  312): addPackageParticipantsLocked: all
I/BackupManagerService(  312): New app android never backed up; scheduling
D/BackupManagerService(  312): Now staging backup of android
I/BackupManagerService(  312): New app com.android.browser never backed up; scheduling
D/BackupManagerService(  312): Now staging backup of com.android.browser
I/BackupManagerService(  312): New app com.android.providers.settings never backed up; scheduling
D/BackupManagerService(  312): Now staging backup of com.android.providers.settings
I/BackupManagerService(  312): New app com.android.providers.userdictionary never backed up; scheduling
D/BackupManagerService(  312): Now staging backup of com.android.providers.userdictionary
I/BackupManagerService(  312): New app com.android.sharedstoragebackup never backed up; scheduling
D/BackupManagerService(  312): Now staging backup of com.android.sharedstoragebackup
V/BackupManagerService(  312): Registering transport android/com.android.internal.backup.LocalTransport = com.android.internal.backup.LocalTransport@42863258
V/BackupManagerService(  312): Starting with transport android/com.android.internal.backup.LocalTransport
V/BackupManagerService(  312): Google transport not present
I/BackupManagerService(  312): Found stale backup journal, scheduling
I/BackupManagerService(  312):   android
I/BackupManagerService(  312):   com.android.browser
I/BackupManagerService(  312):   com.android.providers.settings
I/BackupManagerService(  312):   com.android.providers.userdictionary
I/BackupManagerService(  312):   com.android.sharedstoragebackup
I/BackupManagerService(  312): Backup enabled => false
I/BackupManagerService(  312): Opting out of backup
I/SystemServer(  312): AppWidget Service
I/SystemServer(  312): Recognition Service
I/SystemServer(  312): DiskStats Service
I/SystemServer(  312): SamplingProfiler Service
I/SystemServer(  312): NetworkTimeUpdateService
I/SystemServer(  312): CommonTimeManagementService
I/SystemServer(  312): CertBlacklister
D/PowerManagerService(  312): system ready!
I/ActivityManager(  312): System now ready
I/SystemServer(  312): Making services ready
D/SystemServer(  312): Starting service: Intent { cmp=com.android.systemui/.SystemUIService }
I/ActivityManager(  312): Start proc com.android.systemui for service com.android.systemui/.SystemUIService: pid=414 uid=10026 gids={1028, 1015, 1023, 3002, 3001}
D/NetworkManagementService(  312): enabling bandwidth control
W/NetworkStats(  312): problem registering for global alert: java.lang.IllegalStateException: command '7 bandwidth setglobalalert 2097152' failed with '400 7 Bandwidth command failed'
I/ActivityManager(  312): Start proc android.process.media for broadcast com.android.providers.media/.UsbReceiver: pid=467 uid=10006 gids={1015, 1023, 1024, 1028, 2001, 3003, 3007}
I/ActivityManager(  312): Config changed: {1.0 0mcc0mnc en_US sw540dp w960dp h515dp lrg long land television -touch -keyb/v/h -nav/h s.3}
W/RecognitionManagerService(  312): no available voice recognition services found
I/ActivityManager(  312): Start proc tv.ouya.console.wallpaper for service tv.ouya.console.wallpaper/.OozeService: pid=480 uid=10019 gids={1015, 1023, 1028}
W/InputMethodManagerService(  312): Ignoring setImeWindowStatus of uid 1000 token: null
I/ActivityManager(  312): Start proc tv.ouya.console.ime.keyboard for service tv.ouya.console.ime.keyboard/.OUYAKeyboard: pid=492 uid=10017 gids={1028}
I/LocationManagerService(  312): whitelist: []
I/LocationManagerService(  312): blacklist: []
W/ThrottleService(  312): unable to find stats for iface wlan0
I/ActivityManager(  312): Start proc com.android.phone for added application com.android.phone: pid=511 uid=1001 gids={3002, 3001, 3003, 1028}
I/ActivityManager(  312): START {act=android.intent.action.MAIN cat=[android.intent.category.HOME] flg=0x10000000 cmp=tv.ouya.console/.launcher.OverlayMenuActivity u=0} from pid 0
I/ActivityManager(  312): Start proc tv.ouya.console for activity tv.ouya.console/.launcher.OverlayMenuActivity: pid=526 uid=10018 gids={3002, 3001, 3003, 1015, 1023, 2001, 1028}
I/LocationManagerService(  312): request passive (pid 312) 0 0
W/ActivityManager(  312): Unable to start service Intent { act=com.android.internal.telephony.IWapPushManager }: not found
E/ActivityThread(  511): Failed to find provider info for call_log
E/ActivityThread(  511): Failed to find provider info for com.android.contacts
W/ActivityManager(  312): Unable to start service Intent { act=com.android.ussd.IExtendedNetworkService }: not found
I/ActivityManager(  312): START {cmp=tv.ouya.console/.launcher.startup.PlayVideoActivity u=0} from pid 526
I/ActivityManager(  312): Start proc tv.ouya for content provider tv.ouya/.provider.settings.SettingsContentProvider: pid=584 uid=10029 gids={2001, 3002, 3003, 1007, 1015, 1023, 1028}
I/ActivityManager(  312): Start proc com.android.bluetooth for broadcast com.android.bluetooth/.pbap.BluetoothPbapReceiver: pid=596 uid=10002 gids={3003, 3002, 3001, 1015, 1023, 1028}
I/ActivityManager(  312): Start proc com.android.settings for broadcast com.android.settings/.bluetooth.DockEventReceiver: pid=628 uid=1000 gids={3003, 1015, 1023, 3002, 3001, 1028}
I/EthernetStateTracker(  312): report interface is up for eth0
I/EthernetStateTracker(  312): Old status stackConnected=false HWConnected=false
I/EthernetStateTracker(  312): [EVENT: Ether is up]
D/EthernetService(  312): EthernetNative.isEthDeviceAdded(eth0) return true
D/EthernetStateTracker(  312): setEthState state=false->false event=5
I/EthernetStateTracker(  312): New status, stackConnected=false HWConnected=true
W/InputMethodManagerService(  312): Ignoring showSoftInput of uid 10018: com.android.internal.view.IInputMethodClient$Stub$Proxy@427e6248
D/PowerManagerService(  312): bootCompleted
V/DevicePolicyManagerService(  312): Sending password expiration notifications for action android.intent.action.BOOT_COMPLETED
W/MountService(  312): Duplicate state transition (mounted -> mounted) for /storage/sdcard0
D/MountService(  312): sendStorageIntent Intent { act=android.intent.action.MEDIA_MOUNTED dat=file:///storage/sdcard0 (has extras) }
V/WiredAccessoryObserver(  312): init()
V/WiredAccessoryObserver(  312): newState = 16, headsetState = 16,mHeadsetState = 0
V/WiredAccessoryObserver(  312): device hdmi connected
I/ActivityManager(  312): Start proc com.nvidia.NvCPLSvc for broadcast com.nvidia.NvCPLSvc/.NvCPLBootReceiver: pid=752 uid=1000 gids={3003, 1015, 1023, 3002, 3001, 1028}
D/EthernetStateTracker(  312): DhcpHandler: DHCP request succeeded: addr: 192.168.0.19/24 mRoutes: 0.0.0.0/0 -> 192.168.0.1 |  dns: 8.8.8.8, dhcpServer: 192.168.0.1 leaseDuration: 604800
I/EthernetStateTracker(  312): Old status stackConnected=false HWConnected=true
I/EthernetStateTracker(  312): [EVENT_INTERFACE_CONFIGURATION_SUCCEEDED]
D/EthernetService(  312): EthernetNative.isEthDeviceAdded(eth0) return true
I/EthernetStateTracker(  312): Ether is added
D/EthernetStateTracker(  312): setEthState state=false->true event=1
D/EthernetStateTracker(  312): ***isConnected: false
D/EthernetStateTracker(  312): ***isConnected: true
I/EthernetStateTracker(  312): New status, stackConnected=true HWConnected=true
D/ConnectivityService(  312): ConnectivityChange for ethernet: CONNECTED/CONNECTED
D/ConnectivityService(  312): handleConnectivityChange: address are the same reset per doReset linkProperty[9]: resetMask=0
W/NetworkStats(  312): problem registering for global alert: java.lang.IllegalStateException: command '16 bandwidth setglobalalert 2097152' failed with '400 16 Bandwidth command failed'
W/ActivityManager(  312): Unable to start service Intent { act=com.google.android.gms.analytics.service.START (has extras) }: not found
I/ActivityManager(  312): START {cmp=tv.ouya.console/.launcher.OverlayMenuActivity u=0} from pid 526
W/ActivityManager(  312): Unable to start service Intent { act=com.google.android.gms.analytics.service.START (has extras) }: not found
D/ConnectivityService(  312): ConnectivityChange for WIFI: CONNECTED/CONNECTED
D/ConnectivityService(  312): ConnectivityChange for WIFI: CONNECTED/CONNECTED
I/ActivityManager(  312): START {cmp=tv.ouya.console/.launcher.startup.PairControllersActivity u=0} from pid 526
W/ThrottleService(  312): unable to find stats for iface wlan0
D/ConnectivityService(  312): ConnectivityChange for WIFI: DISCONNECTED/DISCONNECTED
D/ConnectivityService(  312): Attempting to switch to BLUETOOTH_TETHER
D/ConnectivityService(  312): Attempting to switch to ethernet
D/ConnectivityService(  312): resetConnections(wlan0, 3)
D/ConnectivityService(  312): ConnectivityChange for WIFI: DISCONNECTED/DISCONNECTED
D/ConnectivityService(  312): Attempting to switch to BLUETOOTH_TETHER
D/ConnectivityService(  312): Attempting to switch to ethernet
D/ConnectivityService(  312): resetConnections(wlan0, 3)
W/NetworkStats(  312): problem registering for global alert: java.lang.IllegalStateException: command '20 bandwidth setglobalalert 2097152' failed with '400 20 Bandwidth command failed'
W/NetworkStats(  312): problem registering for global alert: java.lang.IllegalStateException: command '21 bandwidth setglobalalert 2097152' failed with '400 21 Bandwidth command failed'
V/EthernetStateTracker(  312): report new state DISCONNECTED on dev eth0 current=eth0
V/EthernetStateTracker(  312): update network state tracker
I/EthernetStateTracker(  312): Old status stackConnected=true HWConnected=true
I/EthernetStateTracker(  312): [EVENT: ether is removed]
D/EthernetStateTracker(  312): setEthState state=true->false event=4
D/EthernetStateTracker(  312): ***isConnected: true
D/EthernetStateTracker(  312): ***isConnected: false
D/EthernetStateTracker(  312): EVENT_HW_DISCONNECTED: StopInterface
I/EthernetStateTracker(  312): stop dhcp and interface
W/NetworkStats(  312): problem registering for global alert: java.lang.IllegalStateException: command '22 bandwidth setglobalalert 2097152' failed with '400 22 Bandwidth command failed'
W/NetworkStats(  312): problem registering for global alert: java.lang.IllegalStateException: command '23 bandwidth setglobalalert 2097152' failed with '400 23 Bandwidth command failed'
I/EthernetStateTracker(  312): New status, stackConnected=true HWConnected=false
D/ConnectivityService(  312): ConnectivityChange for ethernet: DISCONNECTED/DISCONNECTED
D/ConnectivityService(  312): Attempting to switch to WIFI
D/ConnectivityService(  312): Attempting to switch to BLUETOOTH_TETHER
D/ConnectivityService(  312): resetConnections(eth0, 3)
W/NetworkStats(  312): problem registering for global alert: java.lang.IllegalStateException: command '27 bandwidth setglobalalert 2097152' failed with '400 27 Bandwidth command failed'
D/ConnectivityService(  312): ConnectivityChange for WIFI: CONNECTED/CONNECTED
D/ConnectivityService(  312): ConnectivityChange for WIFI: CONNECTED/CONNECTED
D/ConnectivityService(  312): handleConnectivityChange: address are the same reset per doReset linkProperty[1]: resetMask=0
W/NetworkStats(  312): problem registering for global alert: java.lang.IllegalStateException: command '34 bandwidth setglobalalert 2097152' failed with '400 34 Bandwidth command failed'
W/NetworkStats(  312): problem registering for global alert: java.lang.IllegalStateException: command '35 bandwidth setglobalalert 2097152' failed with '400 35 Bandwidth command failed'
D/ConnectivityService(  312): NetTransition Wakelock for WifiStateMachine released by timeout
W/ThrottleService(  312): unable to find stats for iface wlan0
W/NetworkStats(  312): problem registering for global alert: java.lang.IllegalStateException: command '36 bandwidth setglobalalert 2097152' failed with '400 36 Bandwidth command failed'
W/ThrottleService(  312): unable to find stats for iface wlan0
W/ThrottleService(  312): unable to find stats for iface wlan0
W/ThrottleService(  312): unable to find stats for iface wlan0
W/NetworkStats(  312): problem registering for global alert: java.lang.IllegalStateException: command '37 bandwidth setglobalalert 2097152' failed with '400 37 Bandwidth command failed'
W/ThrottleService(  312): unable to find stats for iface wlan0
W/ThrottleService(  312): unable to find stats for iface wlan0
W/ActivityManager(  312): Activity pause timeout for ActivityRecord{42828220 tv.ouya.console/.launcher.startup.PairControllersActivity}
W/ActivityManager(  312): Duplicate finish request for ActivityRecord{42828220 tv.ouya.console/.launcher.startup.PairControllersActivity}
W/ThrottleService(  312): unable to find stats for iface wlan0
W/NetworkStats(  312): problem registering for global alert: java.lang.IllegalStateException: command '38 bandwidth setglobalalert 2097152' failed with '400 38 Bandwidth command failed'
W/ThrottleService(  312): unable to find stats for iface wlan0
W/ThrottleService(  312): unable to find stats for iface wlan0
W/ThrottleService(  312): unable to find stats for iface wlan0
W/NetworkStats(  312): problem registering for global alert: java.lang.IllegalStateException: command '39 bandwidth setglobalalert 2097152' failed with '400 39 Bandwidth command failed'
I/ActivityManager(  312): START {cmp=tv.ouya.console/.launcher.PlayActivity u=0} from pid 526
I/ActivityManager(  312): START {act=android.intent.action.MAIN cat=[android.intent.category.LAUNCHER,tv.ouya.intent.category.GAME] pkg=com.MattMakesGames.TowerFall cmp=com.MattMakesGames.TowerFall/towerfall.Activity u=0} from pid 526
I/ActivityManager(  312): Start proc com.MattMakesGames.TowerFall for activity com.MattMakesGames.TowerFall/towerfall.Activity: pid=1742 uid=10031 gids={1015, 1023, 3003, 1028}
I/ActivityManager(  312): Start proc fishnoodle.canabalt for broadcast fishnoodle.canabalt/.OuyaMenuReceiver: pid=1761 uid=10037 gids={3003, 1015, 1023, 1028}
I/ActivityManager(  312): START {act=android.intent.action.MAIN cat=[android.intent.category.HOME] flg=0x10208000 cmp=tv.ouya.console/.launcher.OverlayMenuActivity u=0} from pid 312
W/InputMethodManagerService(  312): Ignoring showSoftInput of uid 1000: android.view.inputmethod.InputMethodManager$1@42939fc0
W/InputMethodManagerService(  312): Ignoring showSoftInput of uid 1000: android.view.inputmethod.InputMethodManager$1@42939fc0
W/ActivityManager(  312): Activity pause timeout for ActivityRecord{426562b0 com.MattMakesGames.TowerFall/towerfall.Activity}
W/InputMethodManagerService(  312): Ignoring showSoftInput of uid 10031: com.android.internal.view.IInputMethodClient$Stub$Proxy@42846b90
I/ActivityManager(  312): No longer want fishnoodle.canabalt (pid 1761): hidden #2
I/ActivityManager(  312): START {cmp=tv.ouya.console/.launcher.PlayActivity u=0} from pid 526
W/ActivityThread(  467): ClassLoader.getResources: The class loader returned by Thread.getContextClassLoader() may fail for processes that host multiple applications. You should explicitly specify a context class loader. For example: Thread.setContextClassLoader(getClass().getClassLoader());
D/ConnectivityService(  312): ConnectivityChange for WIFI: DISCONNECTED/DISCONNECTED
D/ConnectivityService(  312): Attempting to switch to BLUETOOTH_TETHER
I/EthernetService(  312): setEthState from 2 to 2
I/EthernetStateTracker(  312): $$reconnect call resetInterface()
I/EthernetStateTracker(  312): reset device eth0
I/ActivityManager(  312): START {act=android.intent.action.MAIN cat=[android.intent.category.LAUNCHER,tv.ouya.intent.category.GAME] pkg=com.captain.Valet cmp=com.captain.Valet/.ValetActivity u=0} from pid 526
W/InputMethodManagerService(  312): Ignoring showSoftInput of uid 1000: android.view.inputmethod.InputMethodManager$1@42939fc0
W/InputMethodManagerService(  312): Ignoring showSoftInput of uid 1000: android.view.inputmethod.InputMethodManager$1@42939fc0
I/ActivityManager(  312): Start proc com.captain.Valet for activity com.captain.Valet/.ValetActivity: pid=1813 uid=10032 gids={1028}
I/EthernetStateTracker(  312): Force the connection disconnected before configuration
D/EthernetStateTracker(  312): setEthState state=false->false event=4
I/EthernetStateTracker(  312): trigger dhcp for device eth0
D/ConnectivityService(  312): Attempting to switch to ethernet
D/EthernetStateTracker(  312): DhcpHandler: DHCP request started
D/EthernetStateTracker(  312): setEthState state=false->false event=0
D/ConnectivityService(  312): resetConnections(wlan0, 3)
D/ConnectivityService(  312): ConnectivityChange for WIFI: DISCONNECTED/DISCONNECTED
D/ConnectivityService(  312): Attempting to switch to BLUETOOTH_TETHER
I/EthernetService(  312): setEthState from 2 to 2
I/EthernetStateTracker(  312): $$reconnect call resetInterface()
I/EthernetStateTracker(  312): reset device eth0
W/NetworkStats(  312): problem registering for global alert: java.lang.IllegalStateException: command '45 bandwidth setglobalalert 2097152' failed with '400 45 Bandwidth command failed'
I/EthernetStateTracker(  312): Force the connection disconnected before configuration
D/EthernetStateTracker(  312): setEthState state=false->false event=4
I/EthernetStateTracker(  312): trigger dhcp for device eth0
D/ConnectivityService(  312): Attempting to switch to ethernet
D/ConnectivityService(  312): resetConnections(wlan0, 3)
W/InputMethodManagerService(  312): Ignoring showSoftInput of uid 10018: com.android.internal.view.IInputMethodClient$Stub$Proxy@4294d970
W/InputMethodManagerService(  312): Ignoring showSoftInput of uid 10018: com.android.internal.view.IInputMethodClient$Stub$Proxy@427eb568
W/InputMethodManagerService(  312): Ignoring showSoftInput of uid 10018: com.android.internal.view.IInputMethodClient$Stub$Proxy@42995d20
W/InputMethodManagerService(  312): Ignoring showSoftInput of uid 10018: com.android.internal.view.IInputMethodClient$Stub$Proxy@428f0520
W/NetworkStats(  312): problem registering for global alert: java.lang.IllegalStateException: command '46 bandwidth setglobalalert 2097152' failed with '400 46 Bandwidth command failed'
W/InputMethodManagerService(  312): Ignoring showSoftInput of uid 10018: com.android.internal.view.IInputMethodClient$Stub$Proxy@429704b0
W/InputMethodManagerService(  312): Ignoring showSoftInput of uid 10018: com.android.internal.view.IInputMethodClient$Stub$Proxy@42970950
W/InputMethodManagerService(  312): Ignoring showSoftInput of uid 10018: com.android.internal.view.IInputMethodClient$Stub$Proxy@428287e8
W/InputMethodManagerService(  312): Ignoring showSoftInput of uid 10018: com.android.internal.view.IInputMethodClient$Stub$Proxy@42988ca8
W/InputMethodManagerService(  312): Ignoring showSoftInput of uid 10018: com.android.internal.view.IInputMethodClient$Stub$Proxy@4293ac48
W/InputMethodManagerService(  312): Ignoring showSoftInput of uid 10018: com.android.internal.view.IInputMethodClient$Stub$Proxy@429627c0
D/ConnectivityService(  312): ConnectivityChange for WIFI: CONNECTED/CONNECTED
D/ConnectivityService(  312): ConnectivityChange for WIFI: CONNECTED/CONNECTED
D/ConnectivityService(  312): handleConnectivityChange: address are the same reset per doReset linkProperty[1]: resetMask=0
W/NetworkStats(  312): problem registering for global alert: java.lang.IllegalStateException: command '51 bandwidth setglobalalert 2097152' failed with '400 51 Bandwidth command failed'
W/NetworkStats(  312): problem registering for global alert: java.lang.IllegalStateException: command '52 bandwidth setglobalalert 2097152' failed with '400 52 Bandwidth command failed'
D/ConnectivityService(  312): NetTransition Wakelock for WifiStateMachine released by timeout
I/EthernetStateTracker(  312): DhcpHandler: DHCP request failed: Timed out waiting for dhcpcd to start
D/EthernetStateTracker(  312): DhcpHandler: DHCP request started
D/EthernetStateTracker(  312): setEthState state=false->false event=0
D/EthernetStateTracker(  312): DhcpHandler: DHCP request succeeded: addr: 192.168.0.19/24 mRoutes: 0.0.0.0/0 -> 192.168.0.1 |  dns: 8.8.8.8, dhcpServer: 192.168.0.1 leaseDuration: 604800
I/EthernetStateTracker(  312): Old status stackConnected=false HWConnected=false
I/EthernetStateTracker(  312): [EVENT_INTERFACE_CONFIGURATION_SUCCEEDED]
D/EthernetService(  312): EthernetNative.isEthDeviceAdded(eth0) return true
I/EthernetStateTracker(  312): Ether is added
D/EthernetStateTracker(  312): setEthState state=false->true event=1
D/EthernetStateTracker(  312): ***isConnected: false
D/EthernetStateTracker(  312): ***isConnected: true
I/EthernetStateTracker(  312): New status, stackConnected=true HWConnected=true
D/ConnectivityService(  312): ConnectivityChange for ethernet: CONNECTED/CONNECTED
D/ConnectivityService(  312): Policy requires WIFI teardown
D/ConnectivityService(  312): handleConnectivityChange: address are the same reset per doReset linkProperty[9]: resetMask=0
W/NetworkStats(  312): problem registering for global alert: java.lang.IllegalStateException: command '56 bandwidth setglobalalert 2097152' failed with '400 56 Bandwidth command failed'
W/ThrottleService(  312): unable to find stats for iface wlan0
D/ConnectivityService(  312): ConnectivityChange for WIFI: DISCONNECTED/DISCONNECTED
D/ConnectivityService(  312): Attempting to switch to BLUETOOTH_TETHER
D/ConnectivityService(  312): Attempting to switch to ethernet
D/ConnectivityService(  312): resetConnections(wlan0, 3)
D/ConnectivityService(  312): ConnectivityChange for WIFI: DISCONNECTED/DISCONNECTED
D/ConnectivityService(  312): Attempting to switch to BLUETOOTH_TETHER
D/ConnectivityService(  312): Attempting to switch to ethernet
D/ConnectivityService(  312): resetConnections(wlan0, 3)
W/NetworkStats(  312): problem registering for global alert: java.lang.IllegalStateException: command '60 bandwidth setglobalalert 2097152' failed with '400 60 Bandwidth command failed'
W/NetworkStats(  312): problem registering for global alert: java.lang.IllegalStateException: command '61 bandwidth setglobalalert 2097152' failed with '400 61 Bandwidth command failed'
V/EthernetStateTracker(  312): report new state DISCONNECTED on dev eth0 current=eth0
V/EthernetStateTracker(  312): update network state tracker
I/EthernetStateTracker(  312): Old status stackConnected=true HWConnected=true
I/EthernetStateTracker(  312): [EVENT: ether is removed]
D/EthernetStateTracker(  312): setEthState state=true->false event=4
D/EthernetStateTracker(  312): ***isConnected: true
D/EthernetStateTracker(  312): ***isConnected: false
D/EthernetStateTracker(  312): EVENT_HW_DISCONNECTED: StopInterface
I/EthernetStateTracker(  312): stop dhcp and interface
W/NetworkStats(  312): problem registering for global alert: java.lang.IllegalStateException: command '62 bandwidth setglobalalert 2097152' failed with '400 62 Bandwidth command failed'
W/NetworkStats(  312): problem registering for global alert: java.lang.IllegalStateException: command '63 bandwidth setglobalalert 2097152' failed with '400 63 Bandwidth command failed'
I/EthernetStateTracker(  312): New status, stackConnected=true HWConnected=false
D/ConnectivityService(  312): ConnectivityChange for ethernet: DISCONNECTED/DISCONNECTED
D/ConnectivityService(  312): Attempting to switch to WIFI
D/ConnectivityService(  312): Attempting to switch to BLUETOOTH_TETHER
D/ConnectivityService(  312): resetConnections(eth0, 3)
W/NetworkStats(  312): problem registering for global alert: java.lang.IllegalStateException: command '67 bandwidth setglobalalert 2097152' failed with '400 67 Bandwidth command failed'
D/DownloadManager(  467): deleteFileIfExists() deleting /storage/sdcard0/com.juicybeast.KnightmareTower.apk
W/ProcessStats(  312): Skipping unknown process pid 2181
D/DownloadManager(  467): deleteDownloadLocked() deleting /storage/sdcard0/com.juicybeast.KnightmareTower.apk
D/ConnectivityService(  312): ConnectivityChange for WIFI: CONNECTED/CONNECTED
D/ConnectivityService(  312): ConnectivityChange for WIFI: CONNECTED/CONNECTED
D/ConnectivityService(  312): handleConnectivityChange: address are the same reset per doReset linkProperty[1]: resetMask=0
W/NetworkStats(  312): problem registering for global alert: java.lang.IllegalStateException: command '74 bandwidth setglobalalert 2097152' failed with '400 74 Bandwidth command failed'
W/NetworkStats(  312): problem registering for global alert: java.lang.IllegalStateException: command '75 bandwidth setglobalalert 2097152' failed with '400 75 Bandwidth command failed'
D/ConnectivityService(  312): NetTransition Wakelock for WifiStateMachine released by timeout
I/ActivityManager(  312): Start proc fishnoodle.canabalt for broadcast fishnoodle.canabalt/.OuyaMenuReceiver: pid=2557 uid=10037 gids={3003, 1015, 1023, 1028}
I/ActivityManager(  312): START {act=android.intent.action.MAIN cat=[android.intent.category.HOME] flg=0x10208000 cmp=tv.ouya.console/.launcher.OverlayMenuActivity u=0} from pid 312
I/WindowState(  312): WIN DEATH: Window{42943d78 SurfaceView paused=false}
I/ActivityManager(  312): Process com.captain.Valet (pid 1813) has died.
W/ActivityManager(  312): Force removing ActivityRecord{42721ef8 com.captain.Valet/.ValetActivity}: app died, no saved state
I/WindowState(  312): WIN DEATH: Window{428f1400 com.captain.Valet/com.captain.Valet.ValetActivity paused=true}
I/WindowManager(  312): WINDOW DIED Window{428f1400 com.captain.Valet/com.captain.Valet.ValetActivity paused=true}
W/InputMethodManagerService(  312): Ignoring showSoftInput of uid 10018: com.android.internal.view.IInputMethodClient$Stub$Proxy@42af2f00
I/ActivityManager(  312): No longer want com.MattMakesGames.TowerFall (pid 1742): hidden #2
W/InputMethodManagerService(  312): Got RemoteException sending setActive(false) notification to pid 1813 uid 10032
I/ActivityManager(  312): START {cmp=tv.ouya.console/.launcher.PlayActivity u=0} from pid 526
W/WindowManager(  312): Rebuild removed 4 windows but added 2
W/WindowManager(  312): This window was lost: Window{42943d78 SurfaceView paused=false}
W/WindowManager(  312): mSession=Session{42963170 uid 10032} mClient=android.os.BinderProxy@4296d630
W/WindowManager(  312): mAttrs=WM.LayoutParams{(0,0)(1920x1080) gr=#33 ty=1001 fl=#4218 fmt=4}
W/WindowManager(  312): Requested w=1920 h=1080 mLayoutSeq=91
W/WindowManager(  312): mAttachedWindow=Window{428f1400 com.captain.Valet/com.captain.Valet.ValetActivity paused=true} mLayoutAttached=true
W/WindowManager(  312): mBaseLayer=21000 mSubLayer=-2 mAnimLayer=21005+0=21005 mLastLayer=21005
W/WindowManager(  312): mToken=WindowToken{4296d798 token=android.os.BinderProxy@42963438}
W/WindowManager(  312): mRootToken=AppWindowToken{42910ed0 token=Token{426566e8 ActivityRecord{42721ef8 com.captain.Valet/.ValetActivity}}}
W/WindowManager(  312): mAppToken=AppWindowToken{42910ed0 token=Token{426566e8 ActivityRecord{42721ef8 com.captain.Valet/.ValetActivity}}}
W/WindowManager(  312): mViewVisibility=0x0 mHaveFrame=true mObscured=false
W/WindowManager(  312): mSeq=0 mSystemUiVisibility=0x0
W/WindowManager(  312): mGivenContentInsets=[0,0][0,0] mGivenVisibleInsets=[0,0][0,0]
W/WindowManager(  312): mConfiguration={1.0 0mcc0mnc en_US sw540dp w960dp h515dp lrg long land television -touch -keyb/v/h -nav/h s.3}
W/WindowManager(  312): mHasSurface=true mShownFrame=[0.0,0.0][1920.0,1080.0]
W/WindowManager(  312): mFrame=[0,0][1920,1080] last=[0,0][1920,1080]
W/WindowManager(  312): mSystemDecorRect=[0,0][1920,1080] last=[0,0][1920,1080]
W/WindowManager(  312): Frames: containing=[0,0][1920,1080] parent=[0,0][1920,1080] display=[-10000,-10000][10000,10000]
W/WindowManager(  312):     content=[0,0][1920,1080] visible=[0,0][1920,1080]
W/WindowManager(  312): Cur insets: content=[0,0][0,0] visible=[0,0][0,0]
W/WindowManager(  312): Lst insets: content=[0,0][0,0] visible=[0,0][0,0]
W/WindowManager(  312): mSurface=Surface(name=SurfaceView, identity=20)
W/WindowManager(  312): mDrawState=HAS_DRAWN mLastHidden=true
W/WindowManager(  312): Surface: shown=false layer=21005 alpha=1.0 rect=(0.0,0.0) 1920.0 x 1080.0
W/WindowManager(  312): mGlobalScale=1.0 mDsDx=1.0 mDtDx=0.0 mDsDy=0.0 mDtDy=1.0
W/WindowManager(  312): mExiting=true mRemoveOnExit=true mDestroying=false mRemoved=false
W/WindowManager(  312): This window was lost: Window{428f1400 com.captain.Valet/com.captain.Valet.ValetActivity paused=true}
W/WindowManager(  312): mSession=Session{42963170 uid 10032} mClient=android.os.BinderProxy@42963438
W/WindowManager(  312): mAttrs=WM.LayoutParams{(0,0)(fillxfill) sim=#120 ty=1 fl=#1810500 pfl=0x8 fmt=-3 wanim=0x1030001}
W/WindowManager(  312): Requested w=1920 h=1080 mLayoutSeq=91
W/WindowManager(  312): mBaseLayer=21000 mSubLayer=0 mAnimLayer=21010+0=21010 mLastLayer=21010
W/WindowManager(  312): mToken=AppWindowToken{42910ed0 token=Token{426566e8 ActivityRecord{42721ef8 com.captain.Valet/.ValetActivity}}}
W/WindowManager(  312): mRootToken=AppWindowToken{42910ed0 token=Token{426566e8 ActivityRecord{42721ef8 com.captain.Valet/.ValetActivity}}}
W/WindowManager(  312): mAppToken=AppWindowToken{42910ed0 token=Token{426566e8 ActivityRecord{42721ef8 com.captain.Valet/.ValetActivity}}}
W/WindowManager(  312): mViewVisibility=0x0 mHaveFrame=true mObscured=false
W/WindowManager(  312): mSeq=0 mSystemUiVisibility=0x0
W/WindowManager(  312): mGivenContentInsets=[0,0][0,0] mGivenVisibleInsets=[0,0][0,0]
W/WindowManager(  312): mConfiguration={1.0 0mcc0mnc en_US sw540dp w960dp h515dp lrg long land television -touch -keyb/v/h -nav/h s.3}
W/WindowManager(  312): mHasSurface=true mShownFrame=[0.0,0.0][1920.0,1080.0]
W/WindowManager(  312): mFrame=[0,0][1920,1080] last=[0,0][1920,1080]
W/WindowManager(  312): mSystemDecorRect=[0,0][1920,1080] last=[0,0][1920,1080]
W/WindowManager(  312): Frames: containing=[0,0][1920,1080] parent=[0,0][1920,1080] display=[0,0][1920,1080]
W/WindowManager(  312):     content=[0,0][1920,1080] visible=[0,0][1920,1080]
W/WindowManager(  312): Cur insets: content=[0,0][0,0] visible=[0,0][0,0]
W/WindowManager(  312): Lst insets: content=[0,0][0,0] visible=[0,0][0,0]
W/WindowManager(  312): mSurface=Surface(name=com.captain.Valet/com.captain.Valet.ValetActivity, identity=19)
W/WindowManager(  312): mDrawState=HAS_DRAWN mLastHidden=true
W/WindowManager(  312): Surface: shown=false layer=21010 alpha=1.0 rect=(0.0,0.0) 1920.0 x 1080.0
W/WindowManager(  312): mGlobalScale=1.0 mDsDx=1.0 mDtDx=0.0 mDsDy=0.0 mDtDy=1.0
W/WindowManager(  312): mExiting=true mRemoveOnExit=true mDestroying=false mRemoved=false
W/WindowManager(  312): Current app token list:
V/WindowManager(  312):   #3: Token{42a9f028 ActivityRecord{426ab1f0 tv.ouya.console/.launcher.PlayActivity}}
V/WindowManager(  312):   #2: Token{42b51980 ActivityRecord{426562b0 tv.ouya.console/.launcher.OverlayMenuActivity}}
V/WindowManager(  312):   #1: Token{428b1e90 ActivityRecord{4274cee8 tv.ouya.console/.launcher.PlayActivity}}
V/WindowManager(  312):   #0: Token{4273ec98 ActivityRecord{42744728 tv.ouya.console/.launcher.OverlayMenuActivity}}
W/WindowManager(  312): Final window list:
V/WindowManager(  312):   #2: Window{4275c2e8 tv.ouya.console/tv.ouya.console.launcher.PlayActivity paused=false}
V/WindowManager(  312):   #1: Window{4266f870 tv.ouya.console/tv.ouya.console.launcher.OverlayMenuActivity paused=false}
V/WindowManager(  312):   #0: Window{428c73c0 tv.ouya.console.wallpaper.OozeService paused=false}
I/ActivityManager(  312): START {cmp=tv.ouya.console/.launcher.store.adapter.DiscoverActivity u=0} from pid 526
I/ActivityManager(  312): Start proc com.android.defcontainer for service com.android.defcontainer/.DefaultContainerService: pid=2656 uid=10005 gids={1015, 1023, 2001, 1028}
W/ActivityManager(  312): No content provider found for permission revoke: file:///storage/sdcard0/com.juicybeast.KnightmareTower.apk
W/ActivityManager(  312): No content provider found for permission revoke: file:///storage/sdcard0/com.juicybeast.KnightmareTower.apk
W/PackageParser(  312): Unknown element under <manifest>: supports-gl-texture at /data/app/vmdl471622530.tmp Binary XML file line #15
W/PackageParser(  312): Unknown element under <manifest>: supports-gl-texture at /data/app/vmdl471622530.tmp Binary XML file line #16
I/ActivityManager(  312): Force stopping package com.juicybeast.KnightmareTower uid=10047
I/PackageManager(  312): Package com.juicybeast.KnightmareTower codePath changed from /data/app/com.juicybeast.KnightmareTower-1.apk to /data/app/com.juicybeast.KnightmareTower-2.apk; Retaining data and using new
W/PackageManager(  312): Code path for pkg : com.juicybeast.KnightmareTower changing from /data/app/com.juicybeast.KnightmareTower-1.apk to /data/app/com.juicybeast.KnightmareTower-2.apk
I/ActivityManager(  312): Force stopping package com.juicybeast.KnightmareTower uid=10047
W/PackageManager(  312): Resource path for pkg : com.juicybeast.KnightmareTower changing from /data/app/com.juicybeast.KnightmareTower-1.apk to /data/app/com.juicybeast.KnightmareTower-2.apk
I/ActivityManager(  312): Force stopping package com.juicybeast.KnightmareTower uid=10047
D/BackupManagerService(  312): Received broadcast Intent { act=android.intent.action.PACKAGE_REMOVED dat=package:com.juicybeast.KnightmareTower flg=0x8000010 (has extras) }
D/BackupManagerService(  312): Received broadcast Intent { act=android.intent.action.PACKAGE_ADDED dat=package:com.juicybeast.KnightmareTower flg=0x8000010 (has extras) }
V/BackupManagerService(  312): removePackageParticipantsLocked: uid=10047 #1
I/ActivityManager(  312): Start proc com.android.keychain for broadcast com.android.keychain/.KeyChainBroadcastReceiver: pid=2670 uid=1000 gids={3003, 1015, 1023, 3002, 3001, 1028}
V/BackupManagerService(  312): addPackageParticipantsLocked: #1
W/RecognitionManagerService(  312): no available voice recognition services found
I/ActivityManager(  312): Start proc com.android.musicfx for broadcast com.android.musicfx/.Compatibility$Receiver: pid=2684 uid=10013 gids={3003, 3002, 1028}
I/ActivityManager(  312): No longer want fishnoodle.canabalt (pid 2557): hidden #2
I/ActivityManager(  312): No longer want com.android.keychain (pid 2670): hidden #2
I/ActivityManager(  312): Start proc com.svox.pico for broadcast com.svox.pico/.VoiceDataInstallerReceiver: pid=2698 uid=10022 gids={1015, 1023, 1028}
I/ActivityManager(  312): No longer want com.android.musicfx (pid 2684): hidden #2
I/ActivityManager(  312): No longer want com.svox.pico (pid 2698): hidden #2
W/ThrottleService(  312): unable to find stats for iface wlan0
W/ThrottleService(  312): unable to find stats for iface wlan0
I/ActivityManager(  312): START {cmp=tv.ouya.console/.launcher.store.AppDetailsActivity (has extras) u=0} from pid 526
I/ActivityManager(  312): START {act=android.intent.action.MAIN cat=[android.intent.category.LAUNCHER,tv.ouya.intent.category.GAME] pkg=com.juicybeast.KnightmareTower cmp=com.juicybeast.KnightmareTower/.OuyaUnityApplication u=0} from pid 526
W/InputMethodManagerService(  312): Ignoring showSoftInput of uid 1000: android.view.inputmethod.InputMethodManager$1@42939fc0
W/InputMethodManagerService(  312): Ignoring showSoftInput of uid 1000: android.view.inputmethod.InputMethodManager$1@42939fc0
I/ActivityManager(  312): Start proc com.juicybeast.KnightmareTower for activity com.juicybeast.KnightmareTower/.OuyaUnityApplication: pid=2757 uid=10047 gids={3003, 1028}
W/InputMethodManagerService(  312): Ignoring showSoftInput of uid 10018: com.android.internal.view.IInputMethodClient$Stub$Proxy@43985648
W/ActivityManager(  312): Activity stop timeout for ActivityRecord{427394b8 tv.ouya.console/.launcher.store.adapter.DiscoverActivity}
W/NetworkStats(  312): problem registering for global alert: java.lang.IllegalStateException: command '76 bandwidth setglobalalert 2097152' failed with '400 76 Bandwidth command failed'
W/ThrottleService(  312): unable to find stats for iface wlan0
W/ThrottleService(  312): unable to find stats for iface wlan0
V/WiredAccessoryObserver(  312): Headset UEVENT: {SUBSYSTEM=switch, SWITCH_STATE=0, DEVPATH=/devices/virtual/switch/hdmi, SEQNUM=1297, ACTION=change, SWITCH_NAME=hdmi}
V/WiredAccessoryObserver(  312): newState = 0, headsetState = 0,mHeadsetState = 16
V/WiredAccessoryObserver(  312): device hdmi disconnected
V/WiredAccessoryObserver(  312): Headset UEVENT: {SUBSYSTEM=switch, SWITCH_STATE=1, DEVPATH=/devices/virtual/switch/hdmi, SEQNUM=1299, ACTION=change, SWITCH_NAME=hdmi}
V/WiredAccessoryObserver(  312): newState = 16, headsetState = 16,mHeadsetState = 0
V/WiredAccessoryObserver(  312): device hdmi connected
I/ActivityManager(  312): Start proc fishnoodle.canabalt for broadcast fishnoodle.canabalt/.OuyaMenuReceiver: pid=2909 uid=10037 gids={3003, 1015, 1023, 1028}
I/ActivityManager(  312): START {act=android.intent.action.MAIN cat=[android.intent.category.HOME] flg=0x10208000 cmp=tv.ouya.console/.launcher.OverlayMenuActivity u=0} from pid 312
W/InputMethodManagerService(  312): Ignoring showSoftInput of uid 1000: android.view.inputmethod.InputMethodManager$1@42939fc0
W/InputMethodManagerService(  312): Ignoring showSoftInput of uid 1000: android.view.inputmethod.InputMethodManager$1@42939fc0
I/ActivityManager(  312): No longer want com.android.defcontainer (pid 2656): hidden #2
W/InputMethodManagerService(  312): Ignoring showSoftInput of uid 10047: com.android.internal.view.IInputMethodClient$Stub$Proxy@43abc9d0
I/ActivityManager(  312): Process com.juicybeast.KnightmareTower (pid 2757) has died.
I/WindowState(  312): WIN DEATH: Window{4266f870 com.juicybeast.KnightmareTower/com.juicybeast.KnightmareTower.OuyaUnityApplication paused=false}
I/ActivityManager(  312): START {cmp=tv.ouya.console/.launcher.developer.MakeActivity u=0} from pid 526
--------- beginning of /dev/log/main
E/c       (  584): Error fetching https://devs.ouya.tv/api/v1/events?auth_token=16a67b73-f776-4b59-9d66-8b90dfdfb510
E/c       (  584): java.lang.RuntimeException: org.apache.http.client.ClientProtocolException
E/c       (  584): 	at tv.ouya.console.util.a.q.a(Unknown Source)
E/c       (  584): 	at tv.ouya.console.util.a.q.a(Unknown Source)
E/c       (  584): 	at tv.ouya.console.util.a.g.a(Unknown Source)
E/c       (  584): 	at tv.ouya.keymanager.l.a(Unknown Source)
E/c       (  584): 	at tv.ouya.console.util.a.d.a(Unknown Source)
E/c       (  584): 	at tv.ouya.console.util.a.d.a(Unknown Source)
E/c       (  584): 	at tv.ouya.console.util.a.d.doInBackground(Unknown Source)
E/c       (  584): 	at android.os.AsyncTask$2.call(AsyncTask.java:287)
E/c       (  584): 	at java.util.concurrent.FutureTask$Sync.innerRun(FutureTask.java:305)
E/c       (  584): 	at java.util.concurrent.FutureTask.run(FutureTask.java:137)
E/c       (  584): 	at android.os.AsyncTask$SerialExecutor$1.run(AsyncTask.java:230)
E/c       (  584): 	at java.util.concurrent.ThreadPoolExecutor.runWorker(ThreadPoolExecutor.java:1076)
E/c       (  584): 	at java.util.concurrent.ThreadPoolExecutor$Worker.run(ThreadPoolExecutor.java:569)
E/c       (  584): 	at java.lang.Thread.run(Thread.java:856)
E/c       (  584): Caused by: org.apache.http.client.ClientProtocolException
E/c       (  584): 	at org.apache.http.impl.client.AbstractHttpClient.execute(AbstractHttpClient.java:901)
E/c       (  584): 	at org.apache.http.impl.client.cache.CachingHttpClient.callBackend(CachingHttpClient.java:670)
E/c       (  584): 	at org.apache.http.impl.client.cache.CachingHttpClient.execute(CachingHttpClient.java:371)
E/c       (  584): 	at org.apache.http.impl.client.AbstractHttpClient.execute(AbstractHttpClient.java:797)
E/c       (  584): 	at org.apache.http.impl.client.AbstractHttpClient.execute(AbstractHttpClient.java:776)
E/c       (  584): 	... 14 more
E/c       (  584): Caused by: org.apache.http.ProtocolException: The server failed to respond with a valid HTTP response
E/c       (  584): 	at org.apache.http.impl.conn.DefaultHttpResponseParser.parseHead(DefaultHttpResponseParser.java:103)
E/c       (  584): 	at org.apache.http.impl.conn.DefaultHttpResponseParser.parseHead(DefaultHttpResponseParser.java:61)
E/c       (  584): 	at org.apache.http.impl.io.AbstractMessageParser.parse(AbstractMessageParser.java:254)
