I/ActivityManager(  312): Start proc ca.struct.Tether for activity ca.struct.Tether/.OuyaUnityApplication: pid=3390 uid=10050 gids={1028}
D/AndroidRuntime( 3390): Shutting down VM
W/dalvikvm( 3390): threadid=1: thread exiting with uncaught exception (group=0x41bd2300)
E/AndroidRuntime( 3390): FATAL EXCEPTION: main
E/AndroidRuntime( 3390): java.lang.RuntimeException: Unable to instantiate activity ComponentInfo{ca.struct.Tether/ca.struct.Tether.OuyaUnityApplication}: java.lang.ClassNotFoundException: ca.struct.Tether.OuyaUnityApplication
E/AndroidRuntime( 3390): 	at android.app.ActivityThread.performLaunchActivity(ActivityThread.java:1983)
E/AndroidRuntime( 3390): 	at android.app.ActivityThread.handleLaunchActivity(ActivityThread.java:2084)
E/AndroidRuntime( 3390): 	at android.app.ActivityThread.access$600(ActivityThread.java:130)
E/AndroidRuntime( 3390): 	at android.app.ActivityThread$H.handleMessage(ActivityThread.java:1195)
E/AndroidRuntime( 3390): 	at android.os.Handler.dispatchMessage(Handler.java:99)
E/AndroidRuntime( 3390): 	at android.os.Looper.loop(Looper.java:137)
E/AndroidRuntime( 3390): 	at android.app.ActivityThread.main(ActivityThread.java:4745)
E/AndroidRuntime( 3390): 	at java.lang.reflect.Method.invokeNative(Native Method)
E/AndroidRuntime( 3390): 	at java.lang.reflect.Method.invoke(Method.java:511)
E/AndroidRuntime( 3390): 	at com.android.internal.os.ZygoteInit$MethodAndArgsCaller.run(ZygoteInit.java:786)
E/AndroidRuntime( 3390): 	at com.android.internal.os.ZygoteInit.main(ZygoteInit.java:553)
E/AndroidRuntime( 3390): 	at dalvik.system.NativeStart.main(Native Method)
E/AndroidRuntime( 3390): Caused by: java.lang.ClassNotFoundException: ca.struct.Tether.OuyaUnityApplication
E/AndroidRuntime( 3390): 	at dalvik.system.BaseDexClassLoader.findClass(BaseDexClassLoader.java:61)
E/AndroidRuntime( 3390): 	at java.lang.ClassLoader.loadClass(ClassLoader.java:501)
E/AndroidRuntime( 3390): 	at java.lang.ClassLoader.loadClass(ClassLoader.java:461)
E/AndroidRuntime( 3390): 	at android.app.Instrumentation.newActivity(Instrumentation.java:1053)
E/AndroidRuntime( 3390): 	at android.app.ActivityThread.performLaunchActivity(ActivityThread.java:1974)
E/AndroidRuntime( 3390): 	... 11 more
W/ActivityManager(  312):   Force finishing activity ca.struct.Tether/.OuyaUnityApplication
W/ActivityManager(  312):   Force finishing activity tv.ouya.console/.launcher.PlayActivity
I/Process ( 3390): Sending signal. PID: 3390 SIG: 9
V/DropBoxReceiver(  584): Starting service for tag: data_app_crash, time: 1373785393778
I/ActivityManager(  312): Process ca.struct.Tether (pid 3390) has died.
D/CrashReportService(  584): Writing crash report to: /data/user/0/tv.ouya/cache/.reports/1373785393778
I/OUYAOverlayMenu(  526): Checking video requirements : 1373769942398:1373769942398
D/OUYAOverlayMenu(  526): onResume called
D/inAppPurchase(  526): Binding to StoreService
D/AppDownloadServiceReceiver(  584): Received: Intent { act=tv.ouya.download.ACTION_RESUME_DOWNLOADS flg=0x10 cmp=tv.ouya/.provider.app.download.AppDownloadServiceReceiver }
I/AppDownloadService(  584): Entering RUNNING state
D/inAppPurchase(  526): Successfully bound to IapService
D/e       (  584): Getting from URL: https://devs.ouya.tv/api/firmware_builds?auth_token=16a67b73-f776-4b59-9d66-8b90dfdfb510
D/HTTP    (  584): Request 47: GET /api/firmware_builds?auth_token=16a67b73-f776-4b59-9d66-8b90dfdfb510 HTTP/1.1
I/ActivityManager(  312): Displayed tv.ouya.console/.launcher.OverlayMenuActivity: +172ms (total +265ms)
D/HTTP    (  584): Response 47: GET /api/firmware_builds?auth_token=16a67b73-f776-4b59-9d66-8b90dfdfb510 HTTP/1.1 (status: HTTP/1.1 200 OK)
D/l       (  584): {"result":[{"filename":"OUYA-1.0.346-r1.zip","timestamp":"1372534572","url":"http://devs-ouya-tv-prod.s3.amazonaws.com/ota/RC-OUYA-1.0.346-r1_ota.zip","md5sum":"e57f3e11ff5ddfa9ef798f39c5b2ef7e","channel":"stable","requiredUpto":"1.0.346","changes":"https://devs.ouya.tv/api/changelog/e57f3e11ff5ddfa9ef798f39c5b2ef7e.txt"}]}
V/Http    (  584): Response uncompressed len: 325
D/d       (  584): received success response
D/e       (  584): Getting from URL: https://devs.ouya.tv/api/firmware_builds?auth_token=16a67b73-f776-4b59-9d66-8b90dfdfb510
D/HTTP    (  584): Request 48: GET /api/firmware_builds?auth_token=16a67b73-f776-4b59-9d66-8b90dfdfb510 HTTP/1.1
D/HTTP    (  584): Response 48: GET /api/firmware_builds?auth_token=16a67b73-f776-4b59-9d66-8b90dfdfb510 HTTP/1.1 (status: HTTP/1.1 200 OK)
D/l       (  584): {"result":[{"filename":"OUYA-1.0.346-r1.zip","timestamp":"1372534572","url":"http://devs-ouya-tv-prod.s3.amazonaws.com/ota/RC-OUYA-1.0.346-r1_ota.zip","md5sum":"e57f3e11ff5ddfa9ef798f39c5b2ef7e","channel":"stable","requiredUpto":"1.0.346","changes":"https://devs.ouya.tv/api/changelog/e57f3e11ff5ddfa9ef798f39c5b2ef7e.txt"}]}
V/Http    (  584): Response uncompressed len: 325
D/d       (  584): received success response
D/HTTP    (  584): Request 49: GET /system_message?build=1.0.346_r1 HTTP/1.1
D/HTTP    (  584): Response 49: GET /system_message?build=1.0.346_r1 HTTP/1.1 (status: HTTP/1.1 404 Not Found)
D/OUYAOverlayMenu(  526): Found a connected controller after 1000 milliseconds !
I/ActivityManager(  312): START {cmp=tv.ouya.console/.launcher.PlayActivity u=0} from pid 526
D/AppDownloadServiceReceiver(  584): Received: Intent { act=tv.ouya.download.ACTION_RESUME_DOWNLOADS flg=0x10 cmp=tv.ouya/.provider.app.download.AppDownloadServiceReceiver }
I/ActivityManager(  312): Displayed tv.ouya.console/.launcher.PlayActivity: +199ms
I/dalvikvm-heap(  526): Grow heap (frag case) to 50.554MB for 1206352-byte allocation
D/dalvikvm(  526): GC_CONCURRENT freed 4408K, 23% free 42382K/54471K, paused 2ms+8ms, total 58ms
I/dalvikvm-heap(  526): Grow heap (frag case) to 51.681MB for 1206352-byte allocation
D/dalvikvm(  526): GC_CONCURRENT freed 4986K, 20% free 44114K/54471K, paused 13ms+9ms, total 80ms
I/dalvikvm-heap(  526): Grow heap (frag case) to 53.560MB for 1206352-byte allocation
D/dalvikvm(  526): GC_CONCURRENT freed 5927K, 20% free 43919K/54471K, paused 2ms+3ms, total 41ms
D/dalvikvm(  526): WAIT_FOR_CONCURRENT_GC blocked 2ms
D/AppDownloadServiceReceiver(  584): Received: Intent { act=tv.ouya.download.ACTION_PAUSE_DOWNLOADS flg=0x10 cmp=tv.ouya/.provider.app.download.AppDownloadServiceReceiver }
I/AppDownloadService(  584): Entering SUSPENDED state
I/ActivityManager(  312): START {act=android.intent.action.MAIN cat=[android.intent.category.LAUNCHER,tv.ouya.intent.category.GAME] pkg=ca.struct.Tether cmp=ca.struct.Tether/.OuyaUnityApplication u=0} from pid 526
W/InputMethodManagerService(  312): Ignoring showSoftInput of uid 1000: android.view.inputmethod.InputMethodManager$1@42939fc0
W/InputMethodManagerService(  312): Ignoring showSoftInput of uid 1000: android.view.inputmethod.InputMethodManager$1@42939fc0
I/ActivityManager(  312): Start proc ca.struct.Tether for activity ca.struct.Tether/.OuyaUnityApplication: pid=3414 uid=10050 gids={1028}
D/AndroidRuntime( 3414): Shutting down VM
W/dalvikvm( 3414): threadid=1: thread exiting with uncaught exception (group=0x41bd2300)
E/AndroidRuntime( 3414): FATAL EXCEPTION: main
E/AndroidRuntime( 3414): java.lang.RuntimeException: Unable to instantiate activity ComponentInfo{ca.struct.Tether/ca.struct.Tether.OuyaUnityApplication}: java.lang.ClassNotFoundException: ca.struct.Tether.OuyaUnityApplication
E/AndroidRuntime( 3414): 	at android.app.ActivityThread.performLaunchActivity(ActivityThread.java:1983)
E/AndroidRuntime( 3414): 	at android.app.ActivityThread.handleLaunchActivity(ActivityThread.java:2084)
E/AndroidRuntime( 3414): 	at android.app.ActivityThread.access$600(ActivityThread.java:130)
E/AndroidRuntime( 3414): 	at android.app.ActivityThread$H.handleMessage(ActivityThread.java:1195)
E/AndroidRuntime( 3414): 	at android.os.Handler.dispatchMessage(Handler.java:99)
E/AndroidRuntime( 3414): 	at android.os.Looper.loop(Looper.java:137)
E/AndroidRuntime( 3414): 	at android.app.ActivityThread.main(ActivityThread.java:4745)
E/AndroidRuntime( 3414): 	at java.lang.reflect.Method.invokeNative(Native Method)
E/AndroidRuntime( 3414): 	at java.lang.reflect.Method.invoke(Method.java:511)
E/AndroidRuntime( 3414): 	at com.android.internal.os.ZygoteInit$MethodAndArgsCaller.run(ZygoteInit.java:786)
E/AndroidRuntime( 3414): 	at com.android.internal.os.ZygoteInit.main(ZygoteInit.java:553)
E/AndroidRuntime( 3414): 	at dalvik.system.NativeStart.main(Native Method)
E/AndroidRuntime( 3414): Caused by: java.lang.ClassNotFoundException: ca.struct.Tether.OuyaUnityApplication
E/AndroidRuntime( 3414): 	at dalvik.system.BaseDexClassLoader.findClass(BaseDexClassLoader.java:61)
E/AndroidRuntime( 3414): 	at java.lang.ClassLoader.loadClass(ClassLoader.java:501)
E/AndroidRuntime( 3414): 	at java.lang.ClassLoader.loadClass(ClassLoader.java:461)
E/AndroidRuntime( 3414): 	at android.app.Instrumentation.newActivity(Instrumentation.java:1053)
E/AndroidRuntime( 3414): 	at android.app.ActivityThread.performLaunchActivity(ActivityThread.java:1974)
E/AndroidRuntime( 3414): 	... 11 more
W/ActivityManager(  312):   Force finishing activity ca.struct.Tether/.OuyaUnityApplication
I/Process ( 3414): Sending signal. PID: 3414 SIG: 9
W/ActivityManager(  312):   Force finishing activity tv.ouya.console/.launcher.PlayActivity
V/DropBoxReceiver(  584): Starting service for tag: data_app_crash, time: 1373785396577
D/CrashReportService(  584): Writing crash report to: /data/user/0/tv.ouya/cache/.reports/1373785396577
I/ActivityManager(  312): Process ca.struct.Tether (pid 3414) has died.
I/OUYAOverlayMenu(  526): Checking video requirements : 1373769942398:1373769942398
D/OUYAOverlayMenu(  526): onResume called
D/inAppPurchase(  526): Binding to StoreService
D/AppDownloadServiceReceiver(  584): Received: Intent { act=tv.ouya.download.ACTION_RESUME_DOWNLOADS flg=0x10 cmp=tv.ouya/.provider.app.download.AppDownloadServiceReceiver }
I/AppDownloadService(  584): Entering RUNNING state
D/dalvikvm(  526): GC_CONCURRENT freed 5744K, 21% free 43202K/54471K, paused 12ms+9ms, total 63ms
D/inAppPurchase(  526): Successfully bound to IapService
D/e       (  584): Getting from URL: https://devs.ouya.tv/api/firmware_builds?auth_token=16a67b73-f776-4b59-9d66-8b90dfdfb510
D/HTTP    (  584): Request 50: GET /api/firmware_builds?auth_token=16a67b73-f776-4b59-9d66-8b90dfdfb510 HTTP/1.1
I/ActivityManager(  312): Displayed tv.ouya.console/.launcher.OverlayMenuActivity: +209ms (total +316ms)
D/HTTP    (  584): Response 50: GET /api/firmware_builds?auth_token=16a67b73-f776-4b59-9d66-8b90dfdfb510 HTTP/1.1 (status: HTTP/1.1 200 OK)
D/l       (  584): {"result":[{"filename":"OUYA-1.0.346-r1.zip","timestamp":"1372534572","url":"http://devs-ouya-tv-prod.s3.amazonaws.com/ota/RC-OUYA-1.0.346-r1_ota.zip","md5sum":"e57f3e11ff5ddfa9ef798f39c5b2ef7e","channel":"stable","requiredUpto":"1.0.346","changes":"https://devs.ouya.tv/api/changelog/e57f3e11ff5ddfa9ef798f39c5b2ef7e.txt"}]}
V/Http    (  584): Response uncompressed len: 325
D/d       (  584): received success response
D/e       (  584): Getting from URL: https://devs.ouya.tv/api/firmware_builds?auth_token=16a67b73-f776-4b59-9d66-8b90dfdfb510
D/HTTP    (  584): Request 51: GET /api/firmware_builds?auth_token=16a67b73-f776-4b59-9d66-8b90dfdfb510 HTTP/1.1
D/HTTP    (  584): Response 51: GET /api/firmware_builds?auth_token=16a67b73-f776-4b59-9d66-8b90dfdfb510 HTTP/1.1 (status: HTTP/1.1 200 OK)
D/l       (  584): {"result":[{"filename":"OUYA-1.0.346-r1.zip","timestamp":"1372534572","url":"http://devs-ouya-tv-prod.s3.amazonaws.com/ota/RC-OUYA-1.0.346-r1_ota.zip","md5sum":"e57f3e11ff5ddfa9ef798f39c5b2ef7e","channel":"stable","requiredUpto":"1.0.346","changes":"https://devs.ouya.tv/api/changelog/e57f3e11ff5ddfa9ef798f39c5b2ef7e.txt"}]}
V/Http    (  584): Response uncompressed len: 325
D/d       (  584): received success response
D/HTTP    (  584): Request 52: GET /system_message?build=1.0.346_r1 HTTP/1.1
D/HTTP    (  584): Response 52: GET /system_message?build=1.0.346_r1 HTTP/1.1 (status: HTTP/1.1 404 Not Found)
D/OUYAOverlayMenu(  526): Found a connected controller after 1000 milliseconds !
I/ActivityManager(  312): START {cmp=tv.ouya.console/.launcher.PlayActivity u=0} from pid 526
D/dalvikvm(  312): GC_CONCURRENT freed 2278K, 51% free 22378K/45575K, paused 13ms+5ms, total 48ms
D/AppDownloadServiceReceiver(  584): Received: Intent { act=tv.ouya.download.ACTION_RESUME_DOWNLOADS flg=0x10 cmp=tv.ouya/.provider.app.download.AppDownloadServiceReceiver }
D/dalvikvm(  526): WAIT_FOR_CONCURRENT_GC blocked 0ms
D/dalvikvm(  526): GC_EXPLICIT freed 1250K, 20% free 43598K/54471K, paused 2ms+12ms, total 53ms
I/ActivityManager(  312): Displayed tv.ouya.console/.launcher.PlayActivity: +245ms
I/dalvikvm-heap(  526): Grow heap (frag case) to 53.195MB for 1206352-byte allocation
D/dalvikvm(  526): GC_CONCURRENT freed 9339K, 25% free 41315K/54471K, paused 12ms+20ms, total 93ms
I/dalvikvm-heap(  526): Grow heap (frag case) to 50.824MB for 1206352-byte allocation
D/dalvikvm(  526): GC_CONCURRENT freed 5946K, 23% free 42279K/54471K, paused 3ms+4ms, total 48ms
D/dalvikvm(  526): GC_CONCURRENT freed 4736K, 22% free 42601K/54471K, paused 2ms+6ms, total 43ms
D/dalvikvm(  312): WAIT_FOR_CONCURRENT_GC blocked 0ms
D/dalvikvm(  312): GC_EXPLICIT freed 579K, 52% free 21938K/45575K, paused 6ms+4ms, total 47ms
D/dalvikvm(  467): WAIT_FOR_CONCURRENT_GC blocked 0ms
D/dalvikvm(  467): GC_EXPLICIT freed 389K, 12% free 11190K/12679K, paused 4ms+4ms, total 41ms
D/dalvikvm(  584): WAIT_FOR_CONCURRENT_GC blocked 0ms
D/dalvikvm(  584): GC_EXPLICIT freed 920K, 16% free 11909K/14151K, paused 4ms+3ms, total 39ms
D/AppDownloadServiceReceiver(  584): Received: Intent { act=tv.ouya.download.ACTION_PAUSE_DOWNLOADS flg=0x10 cmp=tv.ouya/.provider.app.download.AppDownloadServiceReceiver }
I/AppDownloadService(  584): Entering SUSPENDED state
I/ActivityManager(  312): START {act=android.intent.action.MAIN cat=[android.intent.category.LAUNCHER,tv.ouya.intent.category.GAME] pkg=ca.struct.Tether cmp=ca.struct.Tether/.OuyaUnityApplication u=0} from pid 526
W/InputMethodManagerService(  312): Ignoring showSoftInput of uid 1000: android.view.inputmethod.InputMethodManager$1@42939fc0
I/ActivityManager(  312): Start proc ca.struct.Tether for activity ca.struct.Tether/.OuyaUnityApplication: pid=3445 uid=10050 gids={1028}
W/InputMethodManagerService(  312): Ignoring showSoftInput of uid 1000: android.view.inputmethod.InputMethodManager$1@42939fc0
D/AndroidRuntime( 3445): Shutting down VM
W/dalvikvm( 3445): threadid=1: thread exiting with uncaught exception (group=0x41bd2300)
E/AndroidRuntime( 3445): FATAL EXCEPTION: main
E/AndroidRuntime( 3445): java.lang.RuntimeException: Unable to instantiate activity ComponentInfo{ca.struct.Tether/ca.struct.Tether.OuyaUnityApplication}: java.lang.ClassNotFoundException: ca.struct.Tether.OuyaUnityApplication
E/AndroidRuntime( 3445): 	at android.app.ActivityThread.performLaunchActivity(ActivityThread.java:1983)
E/AndroidRuntime( 3445): 	at android.app.ActivityThread.handleLaunchActivity(ActivityThread.java:2084)
E/AndroidRuntime( 3445): 	at android.app.ActivityThread.access$600(ActivityThread.java:130)
E/AndroidRuntime( 3445): 	at android.app.ActivityThread$H.handleMessage(ActivityThread.java:1195)
E/AndroidRuntime( 3445): 	at android.os.Handler.dispatchMessage(Handler.java:99)
E/AndroidRuntime( 3445): 	at android.os.Looper.loop(Looper.java:137)
E/AndroidRuntime( 3445): 	at android.app.ActivityThread.main(ActivityThread.java:4745)
E/AndroidRuntime( 3445): 	at java.lang.reflect.Method.invokeNative(Native Method)
E/AndroidRuntime( 3445): 	at java.lang.reflect.Method.invoke(Method.java:511)
E/AndroidRuntime( 3445): 	at com.android.internal.os.ZygoteInit$MethodAndArgsCaller.run(ZygoteInit.java:786)
E/AndroidRuntime( 3445): 	at com.android.internal.os.ZygoteInit.main(ZygoteInit.java:553)
E/AndroidRuntime( 3445): 	at dalvik.system.NativeStart.main(Native Method)
E/AndroidRuntime( 3445): Caused by: java.lang.ClassNotFoundException: ca.struct.Tether.OuyaUnityApplication
E/AndroidRuntime( 3445): 	at dalvik.system.BaseDexClassLoader.findClass(BaseDexClassLoader.java:61)
E/AndroidRuntime( 3445): 	at java.lang.ClassLoader.loadClass(ClassLoader.java:501)
E/AndroidRuntime( 3445): 	at java.lang.ClassLoader.loadClass(ClassLoader.java:461)
E/AndroidRuntime( 3445): 	at android.app.Instrumentation.newActivity(Instrumentation.java:1053)
E/AndroidRuntime( 3445): 	at android.app.ActivityThread.performLaunchActivity(ActivityThread.java:1974)
E/AndroidRuntime( 3445): 	... 11 more
W/ActivityManager(  312):   Force finishing activity ca.struct.Tether/.OuyaUnityApplication
W/ActivityManager(  312):   Force finishing activity tv.ouya.console/.launcher.PlayActivity
I/Process ( 3445): Sending signal. PID: 3445 SIG: 9
V/DropBoxReceiver(  584): Starting service for tag: data_app_crash, time: 1373785416759
D/CrashReportService(  584): Writing crash report to: /data/user/0/tv.ouya/cache/.reports/1373785416759
I/ActivityManager(  312): Process ca.struct.Tether (pid 3445) has died.
I/OUYAOverlayMenu(  526): Checking video requirements : 1373769942398:1373769942398
D/OUYAOverlayMenu(  526): onResume called
D/inAppPurchase(  526): Binding to StoreService
D/AppDownloadServiceReceiver(  584): Received: Intent { act=tv.ouya.download.ACTION_RESUME_DOWNLOADS flg=0x10 cmp=tv.ouya/.provider.app.download.AppDownloadServiceReceiver }
I/AppDownloadService(  584): Entering RUNNING state
W/InputMethodManagerService(  312): Ignoring showSoftInput of uid 1000: android.view.inputmethod.InputMethodManager$1@42939fc0
D/inAppPurchase(  526): Successfully bound to IapService
D/e       (  584): Getting from URL: https://devs.ouya.tv/api/firmware_builds?auth_token=16a67b73-f776-4b59-9d66-8b90dfdfb510
D/HTTP    (  584): Request 53: GET /api/firmware_builds?auth_token=16a67b73-f776-4b59-9d66-8b90dfdfb510 HTTP/1.1
I/ActivityManager(  312): Displayed tv.ouya.console/.launcher.OverlayMenuActivity: +159ms (total +254ms)
D/HTTP    (  584): Response 53: GET /api/firmware_builds?auth_token=16a67b73-f776-4b59-9d66-8b90dfdfb510 HTTP/1.1 (status: HTTP/1.1 200 OK)
D/l       (  584): {"result":[{"filename":"OUYA-1.0.346-r1.zip","timestamp":"1372534572","url":"http://devs-ouya-tv-prod.s3.amazonaws.com/ota/RC-OUYA-1.0.346-r1_ota.zip","md5sum":"e57f3e11ff5ddfa9ef798f39c5b2ef7e","channel":"stable","requiredUpto":"1.0.346","changes":"https://devs.ouya.tv/api/changelog/e57f3e11ff5ddfa9ef798f39c5b2ef7e.txt"}]}
V/Http    (  584): Response uncompressed len: 325
D/d       (  584): received success response
D/e       (  584): Getting from URL: https://devs.ouya.tv/api/firmware_builds?auth_token=16a67b73-f776-4b59-9d66-8b90dfdfb510
D/HTTP    (  584): Request 54: GET /api/firmware_builds?auth_token=16a67b73-f776-4b59-9d66-8b90dfdfb510 HTTP/1.1
D/HTTP    (  584): Response 54: GET /api/firmware_builds?auth_token=16a67b73-f776-4b59-9d66-8b90dfdfb510 HTTP/1.1 (status: HTTP/1.1 200 OK)
D/l       (  584): {"result":[{"filename":"OUYA-1.0.346-r1.zip","timestamp":"1372534572","url":"http://devs-ouya-tv-prod.s3.amazonaws.com/ota/RC-OUYA-1.0.346-r1_ota.zip","md5sum":"e57f3e11ff5ddfa9ef798f39c5b2ef7e","channel":"stable","requiredUpto":"1.0.346","changes":"https://devs.ouya.tv/api/changelog/e57f3e11ff5ddfa9ef798f39c5b2ef7e.txt"}]}
V/Http    (  584): Response uncompressed len: 325
D/d       (  584): received success response
D/HTTP    (  584): Request 55: GET /system_message?build=1.0.346_r1 HTTP/1.1
D/HTTP    (  584): Response 55: GET /system_message?build=1.0.346_r1 HTTP/1.1 (status: HTTP/1.1 404 Not Found)
D/OUYAOverlayMenu(  526): Found a connected controller after 1000 milliseconds !
I/ActivityManager(  312): START {cmp=tv.ouya.console/.launcher.PlayActivity u=0} from pid 526
D/AppDownloadServiceReceiver(  584): Received: Intent { act=tv.ouya.download.ACTION_RESUME_DOWNLOADS flg=0x10 cmp=tv.ouya/.provider.app.download.AppDownloadServiceReceiver }
I/ActivityManager(  312): Displayed tv.ouya.console/.launcher.PlayActivity: +175ms
I/dalvikvm-heap(  526): Grow heap (frag case) to 51.725MB for 1206352-byte allocation
D/dalvikvm(  526): GC_CONCURRENT freed 5237K, 20% free 43912K/54471K, paused 13ms+14ms, total 99ms
I/dalvikvm-heap(  526): Grow heap (frag case) to 53.402MB for 1206352-byte allocation
D/dalvikvm(  526): GC_CONCURRENT freed 6174K, 21% free 43511K/54471K, paused 2ms+5ms, total 45ms
D/dalvikvm(  526): WAIT_FOR_CONCURRENT_GC blocked 10ms
I/dalvikvm-heap(  526): Grow heap (frag case) to 52.773MB for 1206352-byte allocation
D/dalvikvm(  526): GC_CONCURRENT freed 4740K, 20% free 44100K/54471K, paused 2ms+6ms, total 45ms
D/dalvikvm(  526): WAIT_FOR_CONCURRENT_GC blocked 10ms
I/ActivityManager(  312): START {cmp=tv.ouya.console/.launcher.store.AppDetailsActivity (has extras) u=0} from pid 526
D/inAppPurchase(  526): Binding to StoreService
D/OUYAUM  (  526): Binding to UserService
D/AppDownloadServiceReceiver(  584): Received: Intent { act=tv.ouya.download.ACTION_RESUME_DOWNLOADS flg=0x10 cmp=tv.ouya/.provider.app.download.AppDownloadServiceReceiver }
D/dalvikvm(  526): WAIT_FOR_CONCURRENT_GC blocked 0ms
D/dalvikvm(  526): GC_EXPLICIT freed 3958K, 21% free 43402K/54471K, paused 2ms+8ms, total 49ms
D/inAppPurchase(  526): Successfully bound to IapService
D/e       (  584): Getting from URL: https://devs.ouya.tv/api/v1/apps/com.MattMakesGames.TowerFall
D/OUYAUM  (  526): Successfully bound to UserService
D/UserGateway(  584): requesting user likes
D/HTTP    (  584): Request 56: GET /api/v1/apps/com.MattMakesGames.TowerFall HTTP/1.1
I/ActivityManager(  312): Displayed tv.ouya.console/.launcher.store.AppDetailsActivity: +161ms
D/HTTP    (  584): Response 56: GET /api/v1/apps/com.MattMakesGames.TowerFall HTTP/1.1 (status: HTTP/1.1 200 OK)
V/HTTP    (  584): Response compressed len: 864
D/l       (  584): {"app":{"uuid":"b9334d21-fe78-4d8c-8fee-f7c6ea309966","title":"TowerFall","description":"Enter the land of TowerFall with your friends and engage in the noble and brutal tradition of bow-and-arrow combat. Supports XBox 360 and PlayStation 3 controllers!\r\n\r\nTowerFall is an archery combat platformer for up to 4 players. It's a local party game centering around hilarious, intense versus matches. The core mechanics are simple and accessible, but combat is fast and fierce. The focus is on player mastery and friendly rivalry.","supportEmailAddress":"mattmakesgames@gmail.com","supportPhone":null,"website":"www.mattmakesgames.com","mainImageFullUrl":"https://devs-ouya-tv-prod.s3.amazonaws.com/apps/a8e5b9f0-1ccd-4cd0-a89e-806170896de8/com.MattMakesGames.TowerFall/b9334d21-fe78-4d8c-8fee-f7c6ea309966/ouya_icon.png","founder":false,"apkFileSize":75212172,"publishedAt":"2013-07-09T19:33:37Z","versionNumber":"1.0.2.2","likeCount":1289,"overview":"Released in July 2013 by Matt Makes Games Inc..","filepickerScreenshots":["https://www.filepicker.io/api/file/S8FwV04dQJeA0HXakO2a","https://www.filepicker.io/api/file/OU0bThtHSezJnnboyCBQ","https://www.filepicker.io/api/file/HOxGnxTHQkyZeoTCLGSf","https://www.filepicker.io/api/file/VSlh3oPDRcWBWawwfqst","https://www.filepicker.io/api/file/y5LbFB5SAW3mxzBMUIQR","https://www.filepicker.io/api/file/Ebys5a3Qhezi9dDVMPZt","https://www.filepicker.io/api/file/b6G8RS0QTI3sNqOSmxxA"],"contentRating":"9+","latestVersion":"b9334d21-fe78-4d8c-8fee-f7c6ea309966","screenshots":[],"developer":"Matt Makes Games Inc."}}
V/Http    (  584): Response uncompressed len: 1563
D/d       (  584): received success response
D/e       (  584): Getting from URL: https://devs.ouya.tv/api/v1/likes?auth_token=16a67b73-f776-4b59-9d66-8b90dfdfb510
D/HTTP    (  584): Request 57: GET /api/v1/likes?auth_token=16a67b73-f776-4b59-9d66-8b90dfdfb510 HTTP/1.1
D/HTTP    (  584): Response 57: GET /api/v1/likes?auth_token=16a67b73-f776-4b59-9d66-8b90dfdfb510 HTTP/1.1 (status: HTTP/1.1 200 OK)
D/l       (  584): {"likes":[{"uuid":"com.captain.Valet"},{"uuid":"com.stalagflight"},{"uuid":"ATS.AdamSpraggGames.HiddenInPlainSight"},{"uuid":"com.MattMakesGames.TowerFall"},{"uuid":"com.nimblebit.nimblequest"}]}
V/Http    (  584): Response uncompressed len: 195
D/d       (  584): received success response
I/dalvikvm-heap(  526): Grow heap (frag case) to 53.558MB for 1598344-byte allocation
D/dalvikvm(  526): GC_CONCURRENT freed 3273K, 15% free 46416K/54471K, paused 2ms+7ms, total 58ms
D/dalvikvm(  526): GC_CONCURRENT freed 3492K, 12% free 47978K/54471K, paused 12ms+18ms, total 89ms
I/dalvikvm-heap(  526): Grow heap (frag case) to 54.800MB for 1598344-byte allocation
D/AppDownloadServiceReceiver(  584): Received: Intent { act=tv.ouya.download.ACTION_RESUME_DOWNLOADS flg=0x10 cmp=tv.ouya/.provider.app.download.AppDownloadServiceReceiver }
I/ActivityManager(  312): Displayed tv.ouya.console/.launcher.PlayActivity: +218ms
I/dalvikvm-heap(  526): Grow heap (frag case) to 58.930MB for 1206352-byte allocation
I/dalvikvm-heap(  526): Grow heap (frag case) to 63.168MB for 1206352-byte allocation
I/dalvikvm-heap(  526): Grow heap (frag case) to 67.606MB for 201616-byte allocation
I/dalvikvm-heap(  526): Grow heap (frag case) to 72.980MB for 1206352-byte allocation
D/dalvikvm(  526): GC_CONCURRENT freed 20989K, 30% free 50873K/72327K, paused 12ms+9ms, total 78ms
D/AppDownloadServiceReceiver(  584): Received: Intent { act=tv.ouya.download.ACTION_PAUSE_DOWNLOADS flg=0x10 cmp=tv.ouya/.provider.app.download.AppDownloadServiceReceiver }
I/AppDownloadService(  584): Entering SUSPENDED state
I/ActivityManager(  312): START {act=android.intent.action.MAIN cat=[android.intent.category.LAUNCHER,tv.ouya.intent.category.GAME] pkg=com.juicybeast.KnightmareTower cmp=com.juicybeast.KnightmareTower/.OuyaUnityApplication u=0} from pid 526
I/dalvikvm-heap(  312): Grow heap (frag case) to 27.683MB for 380496-byte allocation
W/InputMethodManagerService(  312): Ignoring showSoftInput of uid 1000: android.view.inputmethod.InputMethodManager$1@42939fc0
D/dalvikvm(  312): GC_CONCURRENT freed 2348K, 51% free 22419K/45575K, paused 2ms+17ms, total 49ms
I/ActivityManager(  312): Start proc com.juicybeast.KnightmareTower for activity com.juicybeast.KnightmareTower/.OuyaUnityApplication: pid=3481 uid=10047 gids={3003, 1028}
W/InputMethodManagerService(  312): Ignoring showSoftInput of uid 1000: android.view.inputmethod.InputMethodManager$1@42939fc0
D/dalvikvm( 3481): Trying to load lib /data/data/com.juicybeast.KnightmareTower/lib/libmono.so 0x42667448
D/dalvikvm( 3481): Added shared lib /data/data/com.juicybeast.KnightmareTower/lib/libmono.so 0x42667448
D/proxy   ( 3481): Added shared lib /assets/libs/armeabi-v7a/libmono.so 0x64da8044
D/proxy   ( 3481): No JNI_OnLoad found in /assets/libs/armeabi-v7a/libmono.so 0x64da8044
D/dalvikvm( 3481): Trying to load lib /data/data/com.juicybeast.KnightmareTower/lib/libunity.so 0x42667448
D/dalvikvm( 3481): Added shared lib /data/data/com.juicybeast.KnightmareTower/lib/libunity.so 0x42667448
D/proxy   ( 3481): Added shared lib /assets/libs/armeabi-v7a/libunity.so 0x64de9044
D/libEGL  ( 3481): loaded /system/lib/egl/libEGL_tegra.so
E/        ( 3481): file /data/data/com.nvidia.NvCPLSvc/files/driverlist.txt: not found!
I/        ( 3481): Attempting to load EGL implementation /system/lib//egl/libEGL_tegra_impl
I/        ( 3481): Loaded EGL implementation /system/lib//egl/libEGL_tegra_impl
D/libEGL  ( 3481): loaded /system/lib/egl/libGLESv1_CM_tegra.so
D/libEGL  ( 3481): loaded /system/lib/egl/libGLESv2_tegra.so
D/dalvikvm(  584): WAIT_FOR_CONCURRENT_GC blocked 0ms
D/dalvikvm(  584): GC_EXPLICIT freed 810K, 16% free 11904K/14151K, paused 2ms+2ms, total 24ms
D/dalvikvm(  312): WAIT_FOR_CONCURRENT_GC blocked 0ms
D/dalvikvm(  312): GC_EXPLICIT freed 488K, 52% free 21955K/45575K, paused 2ms+4ms, total 32ms
I/WindowManager(  312): Switching to real app window: Window{42715e90 com.juicybeast.KnightmareTower/com.juicybeast.KnightmareTower.OuyaUnityApplication paused=false}
I/        ( 3481): Loading GLESv2 implementation /system/lib//egl/libGLESv2_tegra_impl
D/OpenGLRenderer( 3481): Enabling debug mode 0
D/Unity   ( 3481): Creating OpenGL ES 2.0 context (RGB16 565 16/0[NLZ])
I/ActivityManager(  312): Displayed com.juicybeast.KnightmareTower/.OuyaUnityApplication: +999ms
W/InputMethodManagerService(  312): Ignoring showSoftInput of uid 10018: com.android.internal.view.IInputMethodClient$Stub$Proxy@428369a0
D/Unity   ( 3481): GL_OES_rgb8_rgba8 GL_OES_EGL_sync GL_OES_surfaceless_context GL_OES_fbo_render_mipmap GL_NV_depth_nonlinear GL_NV_draw_path GL_NV_draw_texture GL_NV_texture_npot_2D_mipmap GL_OES_EGL_image GL_OES_EGL_image_external GL_OES_vertex_half_float GL_OES_mapbuffer GL_NV_draw_buffers GL_NV_multiview_draw_buffers GL_EXT_Cg_shader GL_EXT_packed_float GL_OES_texture_half_float GL_EXT_texture_array GL_OES_compressed_ETC1_RGB8_texture GL_EXT_texture_compression_latc GL_NV_texture_compression_latc GL_EXT_texture_compression_dxt1 GL_EXT_texture_compression_s3tc GL_NV_texture_compression_s3tc GL_EXT_texture_filter_anisotropic GL_NV_get_tex_image GL_NV_read_buffer GL_NV_shader_framebuffer_fetch GL_NV_copy_image GL_NV_fbo_color_attachments GL_EXT_bgra GL_EXT_texture_format_BGRA8888 GL_EXT_read_format_bgra GL_EXT_unpack_subimage GL_NV_pack_subimage GL_NV_texture_compression_s3tc_update GL_NV_read_depth GL_NV_read_stencil GL_NV_uniform_buffer_object GL_NV_map_buffer_range GL_EXT_robustness GL_OES_standard_derivatives GL_NV_EGL_s
D/Unity   ( 3481): tream_consumer_external GL_EXT_separate_shader_objects GL_NV_copy_buffer GL_NV_3dvision_settings GL_EXT_debug_marker GL_EXT_debug_label GL_KHR_debug GL_EXT_texture_storage GL_NV_pixel_buffer_object GL_NV_framebuffer_blit GL_NV_non_square_matrices GL_NV_explicit_attrib_location GL_OES_vertex_array_object GL_NV_smooth_points_lines GL_NV_coverage_sample GL_EXT_occlusion_query_boolean GL_NV_occlusion_query_samples GL_NV_timer_query 
I/Unity   ( 3481): JavaSetDeveloperId
I/Unity   ( 3481):  
I/Unity   ( 3481): (Filename: ./Runtime/ExportGenerated/AndroidManaged/UnityEngineDebug.cpp Line: 54)
I/Unity   ( 3481): 
I/Unity   ( 3481): setDeveloperId developerId: 1ea64da6-c391-4251-a971-1ca0c69ec319
I/Unity   ( 3481): JavaUnityInitialized
I/Unity   ( 3481):  
I/Unity   ( 3481): (Filename: ./Runtime/ExportGenerated/AndroidManaged/UnityEngineDebug.cpp Line: 54)
I/Unity   ( 3481): 
I/Unity   ( 3481): InitializeTest: m_test is null
I/Unity   ( 3481): InitializeTest: Unity has initialized,  constructing TestOuyaFacade
I/TestOuyaFacade( 3481): TestOuyaFacade.Init(1ea64da6-c391-4251-a971-1ca0c69ec319);
V/OUYAF   ( 3481): ODK version number: 28
I/TestOuyaFacade( 3481): OuyaFacade.init(context, 1ea64da6-c391-4251-a971-1ca0c69ec319);
I/Unity   ( 3481): TestOuyaFacade.Init(1ea64da6-c391-4251-a971-1ca0c69ec319);
I/Unity   ( 3481):  
I/Unity   ( 3481): (Filename: ./Runtime/ExportGenerated/AndroidManaged/UnityEngineDebug.cpp Line: 54)
I/Unity   ( 3481): 
I/Unity   ( 3481): ouyaFacade.init(context, 1ea64da6-c391-4251-a971-1ca0c69ec319);
I/Unity   ( 3481):  
I/Unity   ( 3481): (Filename: ./Runtime/ExportGenerated/AndroidManaged/UnityEngineDebug.cpp Line: 54)
I/Unity   ( 3481): 
D/Unity   ( 3481): onDetachedFromWindow
D/AwesomePlayer(  110): Failed to open file, all profile flags have to set through setprop method.
I/AwesomePlayer(  110): Profile flag is set to 0
V/MPEG2TSExtractor(  110): Unrecognised TS Content
D/AwesomePlayer(  110): Failed to open file, all profile flags have to set through setprop method.
I/AwesomePlayer(  110): Profile flag is set to 0
I/MPEG4Extractor(  110):  NON-QT MODE DECIDED 
I/NuCachedSource2(  110): ERROR_END_OF_STREAM
I/SampleTable(  110): There are reordered frames present.
D/NvOsDebugPrintf(  110): NvxLiteH264DecoderInit : Opening TVMR H264 block 
I/OMXCodec(  110): [OMX.Nvidia.h264.decode] AVC profile = 77 (Main), level = 32
I/OMXCodec(  110): [OMX.Nvidia.h264.decode] video dimensions are 1136 x 640
I/OMXCodec(  110): [OMX.Nvidia.h264.decode] Crop rect is 1136 x 640 @ (0, 0)
D/NvOsDebugPrintf(  110): HandleEnableANBLite:65 internal format eColorFormat=0x180
D/NvOsDebugPrintf(  110): NvMMLiteOpen : Block : BlockType = 261 
D/NvOsDebugPrintf(  110): TVMR: NvMMLiteTVMRDecBlockOpen: 2873: NvMMLiteBlockOpen 
D/NvOsDebugPrintf(  110): TVMR: TVMRFrameDelivery: 2054: TVMRFrameDelivery Started
D/NvOsDebugPrintf(  110): NvMMLiteBlockCreate : Block : BlockType = 261 
D/NvOsDebugPrintf(  110): NvMMLiteBlockCreate : Block : BlockType = 771 
D/NvOsDebugPrintf(  110): TVMR: cbBeginSequence: 234: BeginSequence 1136x640
D/NvOsDebugPrintf(  110): TVMR: cbBeginSequence: 421: pnvsi->nDecodeBuffers = 8 
D/NvOsDebugPrintf(  110): TVMR: cbBeginSequence: 431: Display Resolution : (1136x640) 
D/NvOsDebugPrintf(  110): TVMR: cbBeginSequence: 432: Display Aspect Ratio : (1136x640) 
D/NvOsDebugPrintf(  110): TVMR: cbBeginSequence: 504: SurfaceLayout = 2
D/NvOsDebugPrintf(  110): TVMR: cbBeginSequence: 519: NumOfSurfaces = 12, InteraceStream = 0, InterlaceEnabled = 0 
D/NvOsDebugPrintf(  110): Allocating new output: 1136x640 (x 14)
I/OMXCodec(  110): [OMX.Nvidia.h264.decode] video dimensions are 1136 x 640
I/OMXCodec(  110): [OMX.Nvidia.h264.decode] Crop rect is 1136 x 640 @ (0, 0)
D/NvOsDebugPrintf(  110): TVMR: NvMMLiteTVMRDecAbortBuffers: 2971: StreamIndex = 0 
D/NvOsDebugPrintf(  110): TVMR: NvMMLiteTVMRDecAbortBuffers: 3236: StreamIndex = 0, AbortStatus = 1, Done 
D/NvOsDebugPrintf(  110): TVMR: NvMMLiteTVMRDecAbortBuffers: 2971: StreamIndex = 1 
D/NvOsDebugPrintf(  110): TVMR: NvMMLiteTVMRDecAbortBuffers: 3236: StreamIndex = 1, AbortStatus = 3, Done 
D/NvOsDebugPrintf(  110): TVMR: NvMMLiteTVMRDecDoWork: 2314: NVMMLITE_TVMR: EOS detected
D/NvOsDebugPrintf(  110): TVMR: TVMRBufferProcessing: 1827: Processing of EOS 
D/NvOsDebugPrintf(  110): TVMR: TVMRBufferProcessing: 1855: EOS Waiting for AbortDisplayQueueSema
D/NvOsDebugPrintf(  110): TVMR: TVMRBufferProcessing: 1857: EOS Waiting for AbortDisplayQueueSema Done
D/NvOsDebugPrintf(  110): TVMR: TVMRBufferProcessing: 1867: Sending Stream End Event 
D/NvOsDebugPrintf(  110): TVMR: TVMRBufferProcessing: 1878: Processing of EOS Done
D/NvOsDebugPrintf(  110): TVMR: NvMMLiteTVMRDecAbortBuffers: 2971: StreamIndex = 0 
D/NvOsDebugPrintf(  110): TVMR: NvMMLiteTVMRDecAbortBuffers: 3236: StreamIndex = 0, AbortStatus = 1, Done 
D/NvOsDebugPrintf(  110): TVMR: NvMMLiteTVMRDecAbortBuffers: 2971: StreamIndex = 1 
D/NvOsDebugPrintf(  110): TVMR: NvMMLiteTVMRDecAbortBuffers: 3236: StreamIndex = 1, AbortStatus = 3, Done 
D/NvOsDebugPrintf(  110): TVMR: NvMMLiteTVMRDecAbortBuffers: 2971: StreamIndex = 0 
D/NvOsDebugPrintf(  110): TVMR: NvMMLiteTVMRDecAbortBuffers: 3236: StreamIndex = 0, AbortStatus = 1, Done 
D/NvOsDebugPrintf(  110): TVMR: NvMMLiteTVMRDecAbortBuffers: 2971: StreamIndex = 1 
D/NvOsDebugPrintf(  110): TVMR: NvMMLiteTVMRDecAbortBuffers: 3236: StreamIndex = 1, AbortStatus = 3, Done 
D/NvOsDebugPrintf(  110): TVMR: NvMMLiteTVMRDecBlockClose: 2935 
D/NvOsDebugPrintf(  110): TVMR: NvMMLiteTVMRDecPrivateClose: 2449 ++
D/NvOsDebugPrintf(  110): TVMR: TVMRFrameDelivery: 2061: Closing TVMR Frame Delivery Thread -------------
D/NvOsDebugPrintf(  110): TVMR: NvMMDecTVMRDestroyParser: 2427: NvAvpClose
D/NvOsDebugPrintf(  110): TVMR: NvMMLiteTVMRDecPrivateClose: 2462: NvMMLiteTVMRDecPrivateClose Done 
D/NvOsDebugPrintf(  110): TVMR: NvMMLiteTVMRDecPrivateClose: 2464 --
D/NvOsDebugPrintf(  110): TVMR: NvMMLiteTVMRDecBlockClose: 2940: Done 
W/AudioFlinger(  110): session id 557 not found for pid 3481
I/ActivityManager(  312): Start proc fishnoodle.canabalt for broadcast fishnoodle.canabalt/.OuyaMenuReceiver: pid=3530 uid=10037 gids={3003, 1015, 1023, 1028}
I/ActivityManager(  312): START {act=android.intent.action.MAIN cat=[android.intent.category.HOME] flg=0x10208000 cmp=tv.ouya.console/.launcher.OverlayMenuActivity u=0} from pid 312
W/InputMethodManagerService(  312): Ignoring showSoftInput of uid 1000: android.view.inputmethod.InputMethodManager$1@42939fc0
W/InputMethodManagerService(  312): Ignoring showSoftInput of uid 1000: android.view.inputmethod.InputMethodManager$1@42939fc0
I/dalvikvm-heap( 3530): Grow heap (frag case) to 12.956MB for 868368-byte allocation
I/ActivityManager(  312): No longer want com.android.defcontainer (pid 3252): hidden #2
D/Unity   ( 3481): onDetachedFromWindow
I/OUYAOverlayMenu(  526): Checking video requirements : 1373769942398:1373769942398
D/OUYAOverlayMenu(  526): onResume called
D/inAppPurchase(  526): Binding to StoreService
D/AppDownloadServiceReceiver(  584): Received: Intent { act=tv.ouya.download.ACTION_RESUME_DOWNLOADS flg=0x10 cmp=tv.ouya/.provider.app.download.AppDownloadServiceReceiver }
I/AppDownloadService(  584): Entering RUNNING state
D/inAppPurchase(  526): Successfully bound to IapService
I/WindowManager(  312): Switching to real app window: Window{426f3680 tv.ouya.console/tv.ouya.console.launcher.OverlayMenuActivity paused=false}
D/e       (  584): Getting from URL: https://devs.ouya.tv/api/firmware_builds?auth_token=16a67b73-f776-4b59-9d66-8b90dfdfb510
D/HTTP    (  584): Request 58: GET /api/firmware_builds?auth_token=16a67b73-f776-4b59-9d66-8b90dfdfb510 HTTP/1.1
I/ActivityManager(  312): Displayed tv.ouya.console/.launcher.OverlayMenuActivity: +160ms
D/HTTP    (  584): Response 58: GET /api/firmware_builds?auth_token=16a67b73-f776-4b59-9d66-8b90dfdfb510 HTTP/1.1 (status: HTTP/1.1 200 OK)
D/l       (  584): {"result":[{"filename":"OUYA-1.0.346-r1.zip","timestamp":"1372534572","url":"http://devs-ouya-tv-prod.s3.amazonaws.com/ota/RC-OUYA-1.0.346-r1_ota.zip","md5sum":"e57f3e11ff5ddfa9ef798f39c5b2ef7e","channel":"stable","requiredUpto":"1.0.346","changes":"https://devs.ouya.tv/api/changelog/e57f3e11ff5ddfa9ef798f39c5b2ef7e.txt"}]}
V/Http    (  584): Response uncompressed len: 325
D/d       (  584): received success response
D/e       (  584): Getting from URL: https://devs.ouya.tv/api/firmware_builds?auth_token=16a67b73-f776-4b59-9d66-8b90dfdfb510
D/HTTP    (  584): Request 59: GET /api/firmware_builds?auth_token=16a67b73-f776-4b59-9d66-8b90dfdfb510 HTTP/1.1
D/HTTP    (  584): Request 60: GET /system_message?build=1.0.346_r1 HTTP/1.1
D/HTTP    (  584): Response 59: GET /api/firmware_builds?auth_token=16a67b73-f776-4b59-9d66-8b90dfdfb510 HTTP/1.1 (status: HTTP/1.1 200 OK)
D/l       (  584): {"result":[{"filename":"OUYA-1.0.346-r1.zip","timestamp":"1372534572","url":"http://devs-ouya-tv-prod.s3.amazonaws.com/ota/RC-OUYA-1.0.346-r1_ota.zip","md5sum":"e57f3e11ff5ddfa9ef798f39c5b2ef7e","channel":"stable","requiredUpto":"1.0.346","changes":"https://devs.ouya.tv/api/changelog/e57f3e11ff5ddfa9ef798f39c5b2ef7e.txt"}]}
V/Http    (  584): Response uncompressed len: 325
D/d       (  584): received success response
D/HTTP    (  584): Response 60: GET /system_message?build=1.0.346_r1 HTTP/1.1 (status: HTTP/1.1 404 Not Found)
W/InputMethodManagerService(  312): Ignoring showSoftInput of uid 10047: com.android.internal.view.IInputMethodClient$Stub$Proxy@4276e960
I/Process ( 3481): Sending signal. PID: 3481 SIG: 9
I/ActivityManager(  312): Process com.juicybeast.KnightmareTower (pid 3481) has died.
I/WindowState(  312): WIN DEATH: Window{42715e90 com.juicybeast.KnightmareTower/com.juicybeast.KnightmareTower.OuyaUnityApplication paused=false}
D/OUYAOverlayMenu(  526): Found a connected controller after 1000 milliseconds !
I/ActivityManager(  312): START {cmp=tv.ouya.console/.launcher.PlayActivity u=0} from pid 526
D/AppDownloadServiceReceiver(  584): Received: Intent { act=tv.ouya.download.ACTION_RESUME_DOWNLOADS flg=0x10 cmp=tv.ouya/.provider.app.download.AppDownloadServiceReceiver }
I/ActivityManager(  312): Displayed tv.ouya.console/.launcher.PlayActivity: +172ms
I/dalvikvm-heap(  526): Grow heap (frag case) to 60.316MB for 1206352-byte allocation
D/dalvikvm(  526): GC_CONCURRENT freed 8590K, 32% free 49553K/72327K, paused 3ms+22ms, total 98ms
I/dalvikvm-heap(  526): Grow heap (frag case) to 58.679MB for 1206352-byte allocation
D/dalvikvm(  526): GC_CONCURRENT freed 11477K, 39% free 44790K/72327K, paused 3ms+5ms, total 57ms
I/dalvikvm-heap(  526): Grow heap (frag case) to 54.916MB for 2143312-byte allocation
D/dalvikvm(  526): GC_CONCURRENT freed 4740K, 36% free 46490K/72327K, paused 2ms+5ms, total 45ms
D/AppDownloadServiceReceiver(  584): Received: Intent { act=tv.ouya.download.ACTION_PAUSE_DOWNLOADS flg=0x10 cmp=tv.ouya/.provider.app.download.AppDownloadServiceReceiver }
I/AppDownloadService(  584): Entering SUSPENDED state
I/ActivityManager(  312): START {act=android.intent.action.MAIN cat=[android.intent.category.LAUNCHER,tv.ouya.intent.category.GAME] pkg=ca.struct.Tether cmp=ca.struct.Tether/.OuyaUnityApplication u=0} from pid 526
W/InputMethodManagerService(  312): Ignoring showSoftInput of uid 1000: android.view.inputmethod.InputMethodManager$1@42939fc0
D/dalvikvm(  108): WAIT_FOR_CONCURRENT_GC blocked 0ms
I/ActivityManager(  312): Start proc ca.struct.Tether for activity ca.struct.Tether/.OuyaUnityApplication: pid=3554 uid=10050 gids={1028}
D/dalvikvm(  108): GC_EXPLICIT freed 37K, 7% free 10748K/11459K, paused 2ms+2ms, total 19ms
D/dalvikvm(  108): WAIT_FOR_CONCURRENT_GC blocked 0ms
D/AndroidRuntime( 3554): Shutting down VM
W/dalvikvm( 3554): threadid=1: thread exiting with uncaught exception (group=0x41bd2300)
E/AndroidRuntime( 3554): FATAL EXCEPTION: main
E/AndroidRuntime( 3554): java.lang.RuntimeException: Unable to instantiate activity ComponentInfo{ca.struct.Tether/ca.struct.Tether.OuyaUnityApplication}: java.lang.ClassNotFoundException: ca.struct.Tether.OuyaUnityApplication
E/AndroidRuntime( 3554): 	at android.app.ActivityThread.performLaunchActivity(ActivityThread.java:1983)
E/AndroidRuntime( 3554): 	at android.app.ActivityThread.handleLaunchActivity(ActivityThread.java:2084)
E/AndroidRuntime( 3554): 	at android.app.ActivityThread.access$600(ActivityThread.java:130)
E/AndroidRuntime( 3554): 	at android.app.ActivityThread$H.handleMessage(ActivityThread.java:1195)
E/AndroidRuntime( 3554): 	at android.os.Handler.dispatchMessage(Handler.java:99)
E/AndroidRuntime( 3554): 	at android.os.Looper.loop(Looper.java:137)
E/AndroidRuntime( 3554): 	at android.app.ActivityThread.main(ActivityThread.java:4745)
E/AndroidRuntime( 3554): 	at java.lang.reflect.Method.invokeNative(Native Method)
E/AndroidRuntime( 3554): 	at java.lang.reflect.Method.invoke(Method.java:511)
E/AndroidRuntime( 3554): 	at com.android.internal.os.ZygoteInit$MethodAndArgsCaller.run(ZygoteInit.java:786)
E/AndroidRuntime( 3554): 	at com.android.internal.os.ZygoteInit.main(ZygoteInit.java:553)
E/AndroidRuntime( 3554): 	at dalvik.system.NativeStart.main(Native Method)
E/AndroidRuntime( 3554): Caused by: java.lang.ClassNotFoundException: ca.struct.Tether.OuyaUnityApplication
E/AndroidRuntime( 3554): 	at dalvik.system.BaseDexClassLoader.findClass(BaseDexClassLoader.java:61)
E/AndroidRuntime( 3554): 	at java.lang.ClassLoader.loadClass(ClassLoader.java:501)
E/AndroidRuntime( 3554): 	at java.lang.ClassLoader.loadClass(ClassLoader.java:461)
E/AndroidRuntime( 3554): 	at android.app.Instrumentation.newActivity(Instrumentation.java:1053)
E/AndroidRuntime( 3554): 	at android.app.ActivityThread.performLaunchActivity(ActivityThread.java:1974)
E/AndroidRuntime( 3554): 	... 11 more
D/dalvikvm(  108): GC_EXPLICIT freed <1K, 7% free 10748K/11459K, paused 1ms+2ms, total 18ms
D/dalvikvm(  108): WAIT_FOR_CONCURRENT_GC blocked 0ms
W/ActivityManager(  312):   Force finishing activity ca.struct.Tether/.OuyaUnityApplication
D/dalvikvm(  108): GC_EXPLICIT freed <1K, 7% free 10748K/11459K, paused 1ms+2ms, total 22ms
I/Process ( 3554): Sending signal. PID: 3554 SIG: 9
V/DropBoxReceiver(  584): Starting service for tag: data_app_crash, time: 1373785452481
W/ActivityManager(  312):   Force finishing activity tv.ouya.console/.launcher.PlayActivity
D/CrashReportService(  584): Writing crash report to: /data/user/0/tv.ouya/cache/.reports/1373785452481
I/ActivityManager(  312): Process ca.struct.Tether (pid 3554) has died.
I/OUYAOverlayMenu(  526): Checking video requirements : 1373769942398:1373769942398
D/OUYAOverlayMenu(  526): onResume called
D/inAppPurchase(  526): Binding to StoreService
D/AppDownloadServiceReceiver(  584): Received: Intent { act=tv.ouya.download.ACTION_RESUME_DOWNLOADS flg=0x10 cmp=tv.ouya/.provider.app.download.AppDownloadServiceReceiver }
I/AppDownloadService(  584): Entering RUNNING state
D/dalvikvm(  526): WAIT_FOR_CONCURRENT_GC blocked 0ms
D/dalvikvm(  526): GC_EXPLICIT freed 3599K, 41% free 43353K/72327K, paused 2ms+11ms, total 57ms
D/inAppPurchase(  526): Successfully bound to IapService
D/e       (  584): Getting from URL: https://devs.ouya.tv/api/firmware_builds?auth_token=16a67b73-f776-4b59-9d66-8b90dfdfb510
D/HTTP    (  584): Request 61: GET /api/firmware_builds?auth_token=16a67b73-f776-4b59-9d66-8b90dfdfb510 HTTP/1.1
I/ActivityManager(  312): Displayed tv.ouya.console/.launcher.OverlayMenuActivity: +217ms (total +301ms)
D/HTTP    (  584): Response 61: GET /api/firmware_builds?auth_token=16a67b73-f776-4b59-9d66-8b90dfdfb510 HTTP/1.1 (status: HTTP/1.1 200 OK)
D/l       (  584): {"result":[{"filename":"OUYA-1.0.346-r1.zip","timestamp":"1372534572","url":"http://devs-ouya-tv-prod.s3.amazonaws.com/ota/RC-OUYA-1.0.346-r1_ota.zip","md5sum":"e57f3e11ff5ddfa9ef798f39c5b2ef7e","channel":"stable","requiredUpto":"1.0.346","changes":"https://devs.ouya.tv/api/changelog/e57f3e11ff5ddfa9ef798f39c5b2ef7e.txt"}]}
V/Http    (  584): Response uncompressed len: 325
D/d       (  584): received success response
D/e       (  584): Getting from URL: https://devs.ouya.tv/api/firmware_builds?auth_token=16a67b73-f776-4b59-9d66-8b90dfdfb510
D/HTTP    (  584): Request 62: GET /api/firmware_builds?auth_token=16a67b73-f776-4b59-9d66-8b90dfdfb510 HTTP/1.1
D/HTTP    (  584): Response 62: GET /api/firmware_builds?auth_token=16a67b73-f776-4b59-9d66-8b90dfdfb510 HTTP/1.1 (status: HTTP/1.1 200 OK)
D/l       (  584): {"result":[{"filename":"OUYA-1.0.346-r1.zip","timestamp":"1372534572","url":"http://devs-ouya-tv-prod.s3.amazonaws.com/ota/RC-OUYA-1.0.346-r1_ota.zip","md5sum":"e57f3e11ff5ddfa9ef798f39c5b2ef7e","channel":"stable","requiredUpto":"1.0.346","changes":"https://devs.ouya.tv/api/changelog/e57f3e11ff5ddfa9ef798f39c5b2ef7e.txt"}]}
V/Http    (  584): Response uncompressed len: 325
D/d       (  584): received success response
D/HTTP    (  584): Request 63: GET /system_message?build=1.0.346_r1 HTTP/1.1
D/HTTP    (  584): Response 63: GET /system_message?build=1.0.346_r1 HTTP/1.1 (status: HTTP/1.1 404 Not Found)
D/dalvikvm(  584): WAIT_FOR_CONCURRENT_GC blocked 0ms
D/dalvikvm(  584): GC_EXPLICIT freed 851K, 16% free 11915K/14151K, paused 4ms+5ms, total 51ms
D/dalvikvm(  312): WAIT_FOR_CONCURRENT_GC blocked 0ms
D/dalvikvm(  312): GC_EXPLICIT freed 2028K, 52% free 22049K/45575K, paused 6ms+4ms, total 64ms
D/dalvikvm(  467): WAIT_FOR_CONCURRENT_GC blocked 0ms
D/dalvikvm(  467): GC_EXPLICIT freed 391K, 12% free 11189K/12679K, paused 3ms+4ms, total 40ms
D/g       (  584): Posting to URL: https://devs.ouya.tv/api/v1/events?auth_token=16a67b73-f776-4b59-9d66-8b90dfdfb510
D/HTTP    (  584): Request 64: POST /api/v1/events?auth_token=16a67b73-f776-4b59-9d66-8b90dfdfb510 HTTP/1.1
W/HTTP    (  584): Caught exception: ClientProtocolException
W/HTTP    (  584): org.apache.http.client.ClientProtocolException
W/HTTP    (  584): 	at org.apache.http.impl.client.AbstractHttpClient.execute(AbstractHttpClient.java:901)
W/HTTP    (  584): 	at org.apache.http.impl.client.cache.CachingHttpClient.callBackend(CachingHttpClient.java:670)
W/HTTP    (  584): 	at org.apache.http.impl.client.cache.CachingHttpClient.execute(CachingHttpClient.java:371)
W/HTTP    (  584): 	at org.apache.http.impl.client.AbstractHttpClient.execute(AbstractHttpClient.java:797)
W/HTTP    (  584): 	at org.apache.http.impl.client.AbstractHttpClient.execute(AbstractHttpClient.java:776)
W/HTTP    (  584): 	at tv.ouya.console.util.a.q.a(Unknown Source)
W/HTTP    (  584): 	at tv.ouya.console.util.a.q.a(Unknown Source)
W/HTTP    (  584): 	at tv.ouya.console.util.a.g.a(Unknown Source)
W/HTTP    (  584): 	at tv.ouya.keymanager.l.a(Unknown Source)
W/HTTP    (  584): 	at tv.ouya.console.util.a.d.a(Unknown Source)
W/HTTP    (  584): 	at tv.ouya.console.util.a.d.a(Unknown Source)
W/HTTP    (  584): 	at tv.ouya.console.util.a.d.doInBackground(Unknown Source)
W/HTTP    (  584): 	at android.os.AsyncTask$2.call(AsyncTask.java:287)
W/HTTP    (  584): 	at java.util.concurrent.FutureTask$Sync.innerRun(FutureTask.java:305)
W/HTTP    (  584): 	at java.util.concurrent.FutureTask.run(FutureTask.java:137)
W/HTTP    (  584): 	at android.os.AsyncTask$SerialExecutor$1.run(AsyncTask.java:230)
W/HTTP    (  584): 	at java.util.concurrent.ThreadPoolExecutor.runWorker(ThreadPoolExecutor.java:1076)
W/HTTP    (  584): 	at java.util.concurrent.ThreadPoolExecutor$Worker.run(ThreadPoolExecutor.java:569)
W/HTTP    (  584): 	at java.lang.Thread.run(Thread.java:856)
W/HTTP    (  584): Caused by: org.apache.http.ProtocolException: The server failed to respond with a valid HTTP response
W/HTTP    (  584): 	at org.apache.http.impl.conn.DefaultHttpResponseParser.parseHead(DefaultHttpResponseParser.java:103)
W/HTTP    (  584): 	at org.apache.http.impl.conn.DefaultHttpResponseParser.parseHead(DefaultHttpResponseParser.java:61)
W/HTTP    (  584): 	at org.apache.http.impl.io.AbstractMessageParser.parse(AbstractMessageParser.java:254)
W/HTTP    (  584): 	at org.apache.http.impl.AbstractHttpClientConnection.receiveResponseHeader(AbstractHttpClientConnection.java:289)
