I/EventHub(  312): Removed device: path=/dev/input/event1 name=OUYA Game Controller id=6 fd=217 classes=0x80000149
D/BluetoothEventLoop(  312): Device property changed: B8:5A:F7:C1:69:CF property: Connected value: false
D/BluetoothBroadcastReceiver(  584): Got action: android.bluetooth.device.action.ACL_DISCONNECTED
D/BluetoothBroadcastReceiver(  584): ACL_DISCONNECTED device: OUYA Game Controller state: 12
D/ControllerService(  584): Controller service created! 1116644056
D/ControllerService(  584): Controller service destroyed!
I/EventHub(  312): Removing device '/dev/input/event1' due to inotify event
I/InputReader(  312): Device removed: id=6, name='OUYA Game Controller', sources=0x01002513
D/ControllerInputDeviceListener(  584): InputDeviceRemoved: 6
D/ControllerInputDeviceListener(  584): removeInputDevice: Updated 1 entries for InputDevice id 6
D/AndroidRuntime( 4282): 
D/AndroidRuntime( 4282): >>>>>> AndroidRuntime START com.android.internal.os.RuntimeInit <<<<<<
D/AndroidRuntime( 4282): CheckJNI is OFF
D/dalvikvm( 4282): Trying to load lib libjavacore.so 0x0
D/dalvikvm( 4282): Added shared lib libjavacore.so 0x0
D/dalvikvm( 4282): Trying to load lib libnativehelper.so 0x0
D/dalvikvm( 4282): Added shared lib libnativehelper.so 0x0
I/ethernet( 4282): Loading ethernet jni class
D/AndroidRuntime( 4282): Calling main entry com.android.commands.pm.Pm
W/ActivityManager(  312): No content provider found for permission revoke: file:///data/local/tmp/Package.apk
W/ActivityManager(  312): No content provider found for permission revoke: file:///data/local/tmp/Package.apk
I/PackageManager(  312): Removing non-system package:ca.struct.Tether
I/ActivityManager(  312): Force stopping package ca.struct.Tether uid=10050
I/PackageManager(  312): Running dexopt on: ca.struct.Tether
I/PackageManager(  312): Package ca.struct.Tether codePath changed from /data/app/ca.struct.Tether-1.apk to /data/app/ca.struct.Tether-2.apk; Retaining data and using new
D/dalvikvm( 4293): DexOpt: 'Ltv/ouya/console/api/OuyaIntent;' has an earlier definition; blocking out
D/dalvikvm( 4293): DexOpt: not verifying/optimizing 'Ltv/ouya/console/api/OuyaIntent;': multiple definitions
D/dalvikvm( 4293): DexOpt: load 54ms, verify+opt 237ms, 1536684 bytes
I/ActivityManager(  312): Force stopping package ca.struct.Tether uid=10050
W/PackageManager(  312): Code path for pkg : ca.struct.Tether changing from /data/app/ca.struct.Tether-1.apk to /data/app/ca.struct.Tether-2.apk
W/PackageManager(  312): Resource path for pkg : ca.struct.Tether changing from /data/app/ca.struct.Tether-1.apk to /data/app/ca.struct.Tether-2.apk
D/PackageManager(  312): New package installed in /data/app/ca.struct.Tether-2.apk
D/dalvikvm(  526): WAIT_FOR_CONCURRENT_GC blocked 0ms
I/ActivityManager(  312): Force stopping package ca.struct.Tether uid=10050
I/InputReader(  312): Reconfiguring input devices.  changes=0x00000010
I/ActivityManager(  312): Start proc com.android.keychain for broadcast com.android.keychain/.KeyChainBroadcastReceiver: pid=4294 uid=1000 gids={3003, 1015, 1023, 3002, 3001, 1028}
D/dalvikvm(  312): WAIT_FOR_CONCURRENT_GC blocked 0ms
D/PackageManager(  312): generateServicesMap(android.accounts.AccountAuthenticator): 1 services unchanged
D/PackageManager(  312): generateServicesMap(android.content.SyncAdapter): 3 services unchanged
D/BackupManagerService(  312): Received broadcast Intent { act=android.intent.action.PACKAGE_REMOVED dat=package:ca.struct.Tether flg=0x8000010 (has extras) }
I/InputReader(  312): Reconfiguring input devices.  changes=0x00000010
D/PackageManager(  312): generateServicesMap(android.accounts.AccountAuthenticator): 1 services unchanged
D/PackageManager(  312): generateServicesMap(android.content.SyncAdapter): 3 services unchanged
W/RecognitionManagerService(  312): no available voice recognition services found
D/BackupManagerService(  312): Received broadcast Intent { act=android.intent.action.PACKAGE_ADDED dat=package:ca.struct.Tether flg=0x8000010 (has extras) }
V/BackupManagerService(  312): removePackageParticipantsLocked: uid=10050 #1
D/dalvikvm(  526): GC_EXPLICIT freed 276K, 54% free 33402K/72327K, paused 7ms+11ms, total 76ms
V/BackupManagerService(  312): addPackageParticipantsLocked: #1
I/ActivityManager(  312): Start proc com.android.musicfx for broadcast com.android.musicfx/.Compatibility$Receiver: pid=4307 uid=10013 gids={3003, 3002, 1028}
W/Searchables(  312): No global search activity found
W/Searchables(  312): No global search activity found
D/dalvikvm(  312): GC_EXPLICIT freed 1667K, 51% free 22518K/45575K, paused 12ms+5ms, total 92ms
D/dalvikvm(  312): WAIT_FOR_CONCURRENT_GC blocked 35ms
D/AndroidRuntime( 4282): Shutting down VM
I/PackageEventReceiver(  526): Broadcast Received Intent { act=android.intent.action.PACKAGE_ADDED dat=package:ca.struct.Tether flg=0x8000010 cmp=tv.ouya.console/.launcher.store.PackageEventReceiver (has extras) }
I/PackageEventReceiver(  526): Upgraded app: ca.struct.Tether
D/dalvikvm( 4282): GC_CONCURRENT freed 98K, 89% free 455K/4096K, paused 1ms+1ms, total 4ms
I/ActivityManager(  312): Start proc com.svox.pico for broadcast com.svox.pico/.VoiceDataInstallerReceiver: pid=4322 uid=10022 gids={1015, 1023, 1028}
I/ActivityManager(  312): No longer want com.android.keychain (pid 4294): hidden #2
D/dalvikvm(  312): GC_EXPLICIT freed 189K, 51% free 22356K/45575K, paused 12ms+5ms, total 72ms
I/ActivityThread( 4322): Pub com.svox.pico.providers.SettingsProvider: com.svox.pico.providers.SettingsProvider
D/AppDownloadServiceReceiver(  584): Received: Intent { act=tv.ouya.PACKAGE_INSTALLED flg=0x10 cmp=tv.ouya/.provider.app.download.AppDownloadServiceReceiver (has extras) }
I/ActivityManager(  312): No longer want com.android.musicfx (pid 4307): hidden #2
D/AndroidRuntime( 4343): 
D/AndroidRuntime( 4343): >>>>>> AndroidRuntime START com.android.internal.os.RuntimeInit <<<<<<
D/AndroidRuntime( 4343): CheckJNI is OFF
D/dalvikvm( 4343): Trying to load lib libjavacore.so 0x0
D/dalvikvm( 4343): Added shared lib libjavacore.so 0x0
D/dalvikvm( 4343): Trying to load lib libnativehelper.so 0x0
D/dalvikvm( 4343): Added shared lib libnativehelper.so 0x0
I/ethernet( 4343): Loading ethernet jni class
D/AndroidRuntime( 4343): Calling main entry com.android.commands.am.Am
I/ActivityManager(  312): START {act=android.intent.action.MAIN cat=[android.intent.category.LAUNCHER] flg=0x10200000 cmp=ca.struct.Tether/.OuyaUnityApplication u=0} from pid 4343
W/InputMethodManagerService(  312): Ignoring showSoftInput of uid 1000: android.view.inputmethod.InputMethodManager$1@42939fc0
D/AndroidRuntime( 4343): Shutting down VM
D/dalvikvm( 4343): GC_CONCURRENT freed 100K, 89% free 486K/4096K, paused 0ms+1ms, total 5ms
I/ActivityManager(  312): Start proc ca.struct.Tether for activity ca.struct.Tether/.OuyaUnityApplication: pid=4354 uid=10050 gids={1028}
W/InputMethodManagerService(  312): Ignoring showSoftInput of uid 1000: android.view.inputmethod.InputMethodManager$1@42939fc0
I/dalvikvm( 4354): Could not find method tv.ouya.sdk.IOuyaActivity.SetApplicationKey, referenced from method ca.struct.Tether.OuyaUnityApplication.onCreate
W/dalvikvm( 4354): VFY: unable to resolve static method 11113: Ltv/ouya/sdk/IOuyaActivity;.SetApplicationKey ([B)V
D/dalvikvm( 4354): VFY: replacing opcode 0x71 at 0x0021
D/AndroidRuntime( 4354): Shutting down VM
W/dalvikvm( 4354): threadid=1: thread exiting with uncaught exception (group=0x41bd2300)
E/AndroidRuntime( 4354): FATAL EXCEPTION: main
E/AndroidRuntime( 4354): java.lang.NoSuchMethodError: tv.ouya.sdk.IOuyaActivity.SetApplicationKey
E/AndroidRuntime( 4354): 	at ca.struct.Tether.OuyaUnityApplication.onCreate(OuyaUnityApplication.java:78)
E/AndroidRuntime( 4354): 	at android.app.Activity.performCreate(Activity.java:5021)
E/AndroidRuntime( 4354): 	at android.app.Instrumentation.callActivityOnCreate(Instrumentation.java:1079)
E/AndroidRuntime( 4354): 	at android.app.ActivityThread.performLaunchActivity(ActivityThread.java:2023)
E/AndroidRuntime( 4354): 	at android.app.ActivityThread.handleLaunchActivity(ActivityThread.java:2084)
E/AndroidRuntime( 4354): 	at android.app.ActivityThread.access$600(ActivityThread.java:130)
E/AndroidRuntime( 4354): 	at android.app.ActivityThread$H.handleMessage(ActivityThread.java:1195)
E/AndroidRuntime( 4354): 	at android.os.Handler.dispatchMessage(Handler.java:99)
E/AndroidRuntime( 4354): 	at android.os.Looper.loop(Looper.java:137)
E/AndroidRuntime( 4354): 	at android.app.ActivityThread.main(ActivityThread.java:4745)
E/AndroidRuntime( 4354): 	at java.lang.reflect.Method.invokeNative(Native Method)
E/AndroidRuntime( 4354): 	at java.lang.reflect.Method.invoke(Method.java:511)
E/AndroidRuntime( 4354): 	at com.android.internal.os.ZygoteInit$MethodAndArgsCaller.run(ZygoteInit.java:786)
E/AndroidRuntime( 4354): 	at com.android.internal.os.ZygoteInit.main(ZygoteInit.java:553)
E/AndroidRuntime( 4354): 	at dalvik.system.NativeStart.main(Native Method)
W/ActivityManager(  312):   Force finishing activity ca.struct.Tether/.OuyaUnityApplication
I/Process ( 4354): Sending signal. PID: 4354 SIG: 9
W/ActivityManager(  312):   Force finishing activity tv.ouya.console/.launcher.store.adapter.DiscoverActivity
I/ActivityManager(  312): Process ca.struct.Tether (pid 4354) has died.
V/DropBoxReceiver(  584): Starting service for tag: data_app_crash, time: 1373786729921
D/CrashReportService(  584): Writing crash report to: /data/user/0/tv.ouya/cache/.reports/1373786729921
I/OUYAOverlayMenu(  526): Checking video requirements : 1373769942398:1373769942398
D/OUYAOverlayMenu(  526): onResume called
D/inAppPurchase(  526): Binding to StoreService
D/AppDownloadServiceReceiver(  584): Received: Intent { act=tv.ouya.download.ACTION_RESUME_DOWNLOADS flg=0x10 cmp=tv.ouya/.provider.app.download.AppDownloadServiceReceiver }
D/inAppPurchase(  526): Successfully bound to IapService
D/e       (  584): Getting from URL: https://devs.ouya.tv/api/firmware_builds?auth_token=16a67b73-f776-4b59-9d66-8b90dfdfb510
D/HTTP    (  584): Request 105: GET /api/firmware_builds?auth_token=16a67b73-f776-4b59-9d66-8b90dfdfb510 HTTP/1.1
W/HTTP    (  584): Caught exception: ClientProtocolException
W/HTTP    (  584): org.apache.http.client.ClientProtocolException
W/HTTP    (  584): 	at org.apache.http.impl.client.AbstractHttpClient.execute(AbstractHttpClient.java:901)
W/HTTP    (  584): 	at org.apache.http.impl.client.cache.CachingHttpClient.callBackend(CachingHttpClient.java:670)
W/HTTP    (  584): 	at org.apache.http.impl.client.cache.CachingHttpClient.handleCacheMiss(CachingHttpClient.java:451)
W/HTTP    (  584): 	at org.apache.http.impl.client.cache.CachingHttpClient.execute(CachingHttpClient.java:377)
W/HTTP    (  584): 	at org.apache.http.impl.client.AbstractHttpClient.execute(AbstractHttpClient.java:797)
W/HTTP    (  584): 	at org.apache.http.impl.client.AbstractHttpClient.execute(AbstractHttpClient.java:776)
W/HTTP    (  584): 	at tv.ouya.console.util.a.q.a(Unknown Source)
W/HTTP    (  584): 	at tv.ouya.console.util.a.q.a(Unknown Source)
W/HTTP    (  584): 	at tv.ouya.console.util.a.e.a(Unknown Source)
W/HTTP    (  584): 	at tv.ouya.console.util.a.d.a(Unknown Source)
W/HTTP    (  584): 	at tv.ouya.console.util.a.d.a(Unknown Source)
W/HTTP    (  584): 	at tv.ouya.console.util.a.d.doInBackground(Unknown Source)
W/HTTP    (  584): 	at android.os.AsyncTask$2.call(AsyncTask.java:287)
W/HTTP    (  584): 	at java.util.concurrent.FutureTask$Sync.innerRun(FutureTask.java:305)
W/HTTP    (  584): 	at java.util.concurrent.FutureTask.run(FutureTask.java:137)
W/HTTP    (  584): 	at android.os.AsyncTask$SerialExecutor$1.run(AsyncTask.java:230)
W/HTTP    (  584): 	at java.util.concurrent.ThreadPoolExecutor.runWorker(ThreadPoolExecutor.java:1076)
W/HTTP    (  584): 	at java.util.concurrent.ThreadPoolExecutor$Worker.run(ThreadPoolExecutor.java:569)
W/HTTP    (  584): 	at java.lang.Thread.run(Thread.java:856)
W/HTTP    (  584): Caused by: org.apache.http.ProtocolException: The server failed to respond with a valid HTTP response
W/HTTP    (  584): 	at org.apache.http.impl.conn.DefaultHttpResponseParser.parseHead(DefaultHttpResponseParser.java:103)
W/HTTP    (  584): 	at org.apache.http.impl.conn.DefaultHttpResponseParser.parseHead(DefaultHttpResponseParser.java:61)
W/HTTP    (  584): 	at org.apache.http.impl.io.AbstractMessageParser.parse(AbstractMessageParser.java:254)
W/HTTP    (  584): 	at org.apache.http.impl.AbstractHttpClientConnection.receiveResponseHeader(AbstractHttpClientConnection.java:289)
W/HTTP    (  584): 	at org.apache.http.impl.conn.DefaultClientConnection.receiveResponseHeader(DefaultClientConnection.java:252)
W/HTTP    (  584): 	at org.apache.http.impl.conn.AbstractClientConnAdapter.receiveResponseHeader(AbstractClientConnAdapter.java:219)
W/HTTP    (  584): 	at org.apache.http.protocol.HttpRequestExecutor.doReceiveResponse(HttpRequestExecutor.java:300)
W/HTTP    (  584): 	at org.apache.http.protocol.HttpRequestExecutor.execute(HttpRequestExecutor.java:127)
W/HTTP    (  584): 	at org.apache.http.impl.client.DefaultRequestDirector.tryExecute(DefaultRequestDirector.java:717)
W/HTTP    (  584): 	at org.apache.http.impl.client.DefaultRequestDirector.execute(DefaultRequestDirector.java:522)
W/HTTP    (  584): 	at org.apache.http.impl.client.AbstractHttpClient.execute(AbstractHttpClient.java:898)
W/HTTP    (  584): 	... 18 more
E/c       (  584): Error fetching https://devs.ouya.tv/api/firmware_builds?auth_token=16a67b73-f776-4b59-9d66-8b90dfdfb510
E/c       (  584): java.lang.RuntimeException: org.apache.http.client.ClientProtocolException
E/c       (  584): 	at tv.ouya.console.util.a.q.a(Unknown Source)
E/c       (  584): 	at tv.ouya.console.util.a.q.a(Unknown Source)
E/c       (  584): 	at tv.ouya.console.util.a.e.a(Unknown Source)
E/c       (  584): 	at tv.ouya.console.util.a.d.a(Unknown Source)
E/c       (  584): 	at tv.ouya.console.util.a.d.a(Unknown Source)
E/c       (  584): 	at tv.ouya.console.util.a.d.doInBackground(Unknown Source)
E/c       (  584): 	at android.os.AsyncTask$2.call(AsyncTask.java:287)
E/c       (  584): 	at java.util.concurrent.FutureTask$Sync.innerRun(FutureTask.java:305)
E/c       (  584): 	at java.util.concurrent.FutureTask.run(FutureTask.java:137)
E/c       (  584): 	at android.os.AsyncTask$SerialExecutor$1.run(AsyncTask.java:230)
E/c       (  584): 	at java.util.concurrent.ThreadPoolExecutor.runWorker(ThreadPoolExecutor.java:1076)
E/c       (  584): 	at java.util.concurrent.ThreadPoolExecutor$Worker.run(ThreadPoolExecutor.java:569)
E/c       (  584): 	at java.lang.Thread.run(Thread.java:856)
E/c       (  584): Caused by: org.apache.http.client.ClientProtocolException
E/c       (  584): 	at org.apache.http.impl.client.AbstractHttpClient.execute(AbstractHttpClient.java:901)
E/c       (  584): 	at org.apache.http.impl.client.cache.CachingHttpClient.callBackend(CachingHttpClient.java:670)
E/c       (  584): 	at org.apache.http.impl.client.cache.CachingHttpClient.handleCacheMiss(CachingHttpClient.java:451)
E/c       (  584): 	at org.apache.http.impl.client.cache.CachingHttpClient.execute(CachingHttpClient.java:377)
E/c       (  584): 	at org.apache.http.impl.client.AbstractHttpClient.execute(AbstractHttpClient.java:797)
E/c       (  584): 	at org.apache.http.impl.client.AbstractHttpClient.execute(AbstractHttpClient.java:776)
E/c       (  584): 	... 13 more
E/c       (  584): Caused by: org.apache.http.ProtocolException: The server failed to respond with a valid HTTP response
E/c       (  584): 	at org.apache.http.impl.conn.DefaultHttpResponseParser.parseHead(DefaultHttpResponseParser.java:103)
E/c       (  584): 	at org.apache.http.impl.conn.DefaultHttpResponseParser.parseHead(DefaultHttpResponseParser.java:61)
E/c       (  584): 	at org.apache.http.impl.io.AbstractMessageParser.parse(AbstractMessageParser.java:254)
E/c       (  584): 	at org.apache.http.impl.AbstractHttpClientConnection.receiveResponseHeader(AbstractHttpClientConnection.java:289)
E/c       (  584): 	at org.apache.http.impl.conn.DefaultClientConnection.receiveResponseHeader(DefaultClientConnection.java:252)
E/c       (  584): 	at org.apache.http.impl.conn.AbstractClientConnAdapter.receiveResponseHeader(AbstractClientConnAdapter.java:219)
E/c       (  584): 	at org.apache.http.protocol.HttpRequestExecutor.doReceiveResponse(HttpRequestExecutor.java:300)
E/c       (  584): 	at org.apache.http.protocol.HttpRequestExecutor.execute(HttpRequestExecutor.java:127)
E/c       (  584): 	at org.apache.http.impl.client.DefaultRequestDirector.tryExecute(DefaultRequestDirector.java:717)
E/c       (  584): 	at org.apache.http.impl.client.DefaultRequestDirector.execute(DefaultRequestDirector.java:522)
E/c       (  584): 	at org.apache.http.impl.client.AbstractHttpClient.execute(AbstractHttpClient.java:898)
E/c       (  584): 	... 18 more
D/l       (  584): org.apache.http.client.ClientProtocolException
V/Http    (  584): Response uncompressed len: 46
E/d       (  584): Got failure response with message: org.apache.http.client.ClientProtocolException
D/e       (  584): Getting from URL: https://devs.ouya.tv/api/firmware_builds?auth_token=16a67b73-f776-4b59-9d66-8b90dfdfb510
E/SystemUpdateUtils(  526): Result is null
I/ActivityManager(  312): Displayed tv.ouya.console/.launcher.OverlayMenuActivity: +214ms (total +317ms)
D/HTTP    (  584): Request 106: GET /api/firmware_builds?auth_token=16a67b73-f776-4b59-9d66-8b90dfdfb510 HTTP/1.1
D/HTTP    (  584): Response 106: GET /api/firmware_builds?auth_token=16a67b73-f776-4b59-9d66-8b90dfdfb510 HTTP/1.1 (status: HTTP/1.1 200 OK)
D/l       (  584): {"result":[{"filename":"OUYA-1.0.346-r1.zip","timestamp":"1372534572","url":"http://devs-ouya-tv-prod.s3.amazonaws.com/ota/RC-OUYA-1.0.346-r1_ota.zip","md5sum":"e57f3e11ff5ddfa9ef798f39c5b2ef7e","channel":"stable","requiredUpto":"1.0.346","changes":"https://devs.ouya.tv/api/changelog/e57f3e11ff5ddfa9ef798f39c5b2ef7e.txt"}]}
V/Http    (  584): Response uncompressed len: 325
D/d       (  584): received success response
D/HTTP    (  584): Request 107: GET /system_message?build=1.0.346_r1 HTTP/1.1
D/HTTP    (  584): Response 107: GET /system_message?build=1.0.346_r1 HTTP/1.1 (status: HTTP/1.1 404 Not Found)
I/ActivityManager(  312): No longer want com.svox.pico (pid 4322): hidden #2
D/BluetoothEventLoop(  312): Device property changed: B8:5A:F7:C1:69:CF property: Connected value: true
D/BluetoothBroadcastReceiver(  584): Got action: android.bluetooth.device.action.ACL_CONNECTED
D/BluetoothBroadcastReceiver(  584): ACL_CONNECTED device: OUYA Game Controller state: 12
D/BluetoothBroadcastReceiver(  584): ACL_CONNECTED passing device to ControllerService, address: B8:5A:F7:C1:69:CF
D/ControllerService(  584): Controller service created! 1115298744
D/ControllerService(  584): Entry already exists for OUYA Game Controller (addr: B8:5A:F7:C1:69:CF), player# 0
D/ControllerService(  584): Controller service destroyed!
I/BluetoothEventLoop.cpp(  312): agent_event_filter: Received method org.bluez.Agent:Authorize
I/BluetoothEventLoop(  312): First check pass for incoming HID connection from B8:5A:F7:C1:69:CF
D/BluetoothEventLoop(  312): onAgentAuthorize(/org/bluez/405/hci0/dev_B8_5A_F7_C1_69_CF, 00001124-0000-1000-8000-00805f9b34fb) = true
I/BluetoothDeviceProfileState(  312): handleIncomingConnection:6:true
D/BluetoothService(  312): allowIncomingProfileConnect: B8:5A:F7:C1:69:CF : true : 1727238192
E/EventHub(  312): could not get driver version for /dev/input/js0, Invalid argument
D/BluetoothEventLoop(  312): Input Device : Name of Property is: Connected
D/BluetoothInputProfileHandler(  312): InputDevice state : device: B8:5A:F7:C1:69:CF State:0->2
D/BluetoothService(  312): CONNECTION_STATE_CHANGE: B8:5A:F7:C1:69:CF: 0 -> 2
I/BluetoothDeviceProfileState(  312): Entering ACL Connected state with: 102
D/BluetoothBroadcastReceiver(  584): Got action: android.bluetooth.adapter.action.CONNECTION_STATE_CHANGED
D/BluetoothBroadcastReceiver(  584): Adapter CONNECTION_STATE_CHANGED device: state: 2
D/ControllerService(  584): Controller service created! 1115312680
D/ControllerService(  584): Controller service destroyed!
D/EventHub(  312): No input device configuration file found for device 'OUYA Game Controller'.
I/EventHub(  312): New device: id=7, fd=217, path='/dev/input/event1', name='OUYA Game Controller', classes=0x80000149, configuration='', keyLayout='/system/usr/keylayout/Vendor_2836_Product_0001.kl', keyCharacterMap='/system/usr/keychars/Generic.kcm', builtinKeyboard=false, usingSuspendBlockIoctl=true, usingClockIoctl=false
I/InputReader(  312): Device added: id=7, name='OUYA Game Controller', sources=0x01002513
D/ControllerInputDeviceListener(  584): InputDeviceAdded: 7
D/ControllerInputDeviceListener(  584): tryToMatchAndAddInputDevice: Found B8:5A:F7:C1:69:CF for InputDevice OUYA Game Controller (id: 7, desc: b1989d15e8fbb21030a1182402ecef92727b5272), player 0
D/ControllerInputDeviceListener(  584): tryToMatchAndAddInputDevice: using newPlayerNum: 0 from db lookup
D/ControllerInputDeviceListener(  584): tryToMatchAndAddInputDevice: Updated 1 entries for InputDevice OUYA Game Controller (id: 7, desc: b1989d15e8fbb21030a1182402ecef92727b5272) for player# 0
D/ControllerInputDeviceListener(  584): setLed: set LEDs for player 0 to 5 for device OUYA Game Controller (addr: B8:5A:F7:C1:69:CF)
D/BluetoothInputProfileHandler(  312): mBluetoothService.setJoystickLedNative(/org/bluez/405/hci0/dev_B8_5A_F7_C1_69_CF, 5 )
D/OUYAOverlayMenu(  526): Found a connected controller after 16017 milliseconds !
I/ActivityManager(  312): START {cmp=tv.ouya.console/.launcher.PlayActivity u=0} from pid 526
D/dalvikvm(  584): GC_CONCURRENT freed 1177K, 16% free 12120K/14407K, paused 13ms+3ms, total 52ms
D/AppDownloadServiceReceiver(  584): Received: Intent { act=tv.ouya.download.ACTION_RESUME_DOWNLOADS flg=0x10 cmp=tv.ouya/.provider.app.download.AppDownloadServiceReceiver }
I/ActivityManager(  312): Displayed tv.ouya.console/.launcher.PlayActivity: +210ms
D/dalvikvm(  526): WAIT_FOR_CONCURRENT_GC blocked 0ms
D/dalvikvm(  526): GC_EXPLICIT freed 972K, 49% free 36948K/72327K, paused 2ms+9ms, total 52ms
I/dalvikvm-heap(  526): Grow heap (frag case) to 46.591MB for 1206352-byte allocation
D/dalvikvm(  526): GC_CONCURRENT freed 6028K, 48% free 37861K/72327K, paused 12ms+6ms, total 78ms
I/dalvikvm-heap(  526): Grow heap (frag case) to 47.452MB for 1206352-byte allocation
D/dalvikvm(  526): GC_CONCURRENT freed 5936K, 48% free 37655K/72327K, paused 2ms+9ms, total 49ms
D/dalvikvm(  584): WAIT_FOR_CONCURRENT_GC blocked 0ms
D/dalvikvm(  584): GC_EXPLICIT freed 242K, 17% free 11963K/14407K, paused 3ms+3ms, total 33ms
I/dalvikvm-heap(  526): Grow heap (frag case) to 47.266MB for 1206352-byte allocation
D/dalvikvm(  526): GC_CONCURRENT freed 4843K, 46% free 39742K/72327K, paused 3ms+17ms, total 79ms
D/dalvikvm(  526): GC_CONCURRENT freed 5585K, 46% free 39269K/72327K, paused 12ms+7ms, total 78ms
D/dalvikvm(  526): WAIT_FOR_CONCURRENT_GC blocked 49ms
I/dalvikvm-heap(  526): Grow heap (frag case) to 48.650MB for 1206352-byte allocation
D/dalvikvm(  312): WAIT_FOR_CONCURRENT_GC blocked 0ms
D/dalvikvm(  526): GC_CONCURRENT freed 6076K, 47% free 38747K/72327K, paused 4ms+9ms, total 74ms
D/dalvikvm(  312): GC_EXPLICIT freed 1639K, 51% free 22414K/45575K, paused 3ms+5ms, total 37ms
I/dalvikvm-heap(  526): Grow heap (frag case) to 48.165MB for 1206352-byte allocation
D/dalvikvm(  526): GC_CONCURRENT freed 5572K, 47% free 38756K/72327K, paused 5ms+22ms, total 76ms
I/dalvikvm-heap(  526): Grow heap (frag case) to 48.892MB for 1206352-byte allocation
D/dalvikvm(  526): GC_CONCURRENT freed 14874K, 59% free 30204K/72327K, paused 14ms+17ms, total 94ms
D/dalvikvm(  526): WAIT_FOR_CONCURRENT_GC blocked 0ms
D/dalvikvm(  526): GC_EXPLICIT freed 2879K, 59% free 30356K/72327K, paused 2ms+4ms, total 40ms
I/dalvikvm-heap(  526): Grow heap (frag case) to 40.054MB for 1206352-byte allocation
D/dalvikvm(  526): GC_CONCURRENT freed 4803K, 57% free 31213K/72327K, paused 13ms+7ms, total 63ms
I/dalvikvm-heap(  526): Grow heap (frag case) to 40.924MB for 1206352-byte allocation
D/dalvikvm(  526): GC_CONCURRENT freed 5028K, 56% free 31878K/72327K, paused 13ms+10ms, total 68ms
D/AppDownloadServiceReceiver(  584): Received: Intent { act=tv.ouya.download.ACTION_PAUSE_DOWNLOADS flg=0x10 cmp=tv.ouya/.provider.app.download.AppDownloadServiceReceiver }
I/AppDownloadService(  584): Entering SUSPENDED state
I/ActivityManager(  312): START {act=android.intent.action.MAIN cat=[android.intent.category.LAUNCHER,tv.ouya.intent.category.GAME] pkg=ca.struct.Tether cmp=ca.struct.Tether/.OuyaUnityApplication u=0} from pid 526
W/InputMethodManagerService(  312): Ignoring showSoftInput of uid 1000: android.view.inputmethod.InputMethodManager$1@42939fc0
I/ActivityManager(  312): Start proc ca.struct.Tether for activity ca.struct.Tether/.OuyaUnityApplication: pid=4388 uid=10050 gids={1028}
W/InputMethodManagerService(  312): Ignoring showSoftInput of uid 1000: android.view.inputmethod.InputMethodManager$1@42939fc0
I/dalvikvm( 4388): Could not find method tv.ouya.sdk.IOuyaActivity.SetApplicationKey, referenced from method ca.struct.Tether.OuyaUnityApplication.onCreate
W/dalvikvm( 4388): VFY: unable to resolve static method 11113: Ltv/ouya/sdk/IOuyaActivity;.SetApplicationKey ([B)V
D/dalvikvm( 4388): VFY: replacing opcode 0x71 at 0x0021
D/AndroidRuntime( 4388): Shutting down VM
W/dalvikvm( 4388): threadid=1: thread exiting with uncaught exception (group=0x41bd2300)
E/AndroidRuntime( 4388): FATAL EXCEPTION: main
E/AndroidRuntime( 4388): java.lang.NoSuchMethodError: tv.ouya.sdk.IOuyaActivity.SetApplicationKey
E/AndroidRuntime( 4388): 	at ca.struct.Tether.OuyaUnityApplication.onCreate(OuyaUnityApplication.java:78)
E/AndroidRuntime( 4388): 	at android.app.Activity.performCreate(Activity.java:5021)
E/AndroidRuntime( 4388): 	at android.app.Instrumentation.callActivityOnCreate(Instrumentation.java:1079)
E/AndroidRuntime( 4388): 	at android.app.ActivityThread.performLaunchActivity(ActivityThread.java:2023)
E/AndroidRuntime( 4388): 	at android.app.ActivityThread.handleLaunchActivity(ActivityThread.java:2084)
E/AndroidRuntime( 4388): 	at android.app.ActivityThread.access$600(ActivityThread.java:130)
E/AndroidRuntime( 4388): 	at android.app.ActivityThread$H.handleMessage(ActivityThread.java:1195)
E/AndroidRuntime( 4388): 	at android.os.Handler.dispatchMessage(Handler.java:99)
E/AndroidRuntime( 4388): 	at android.os.Looper.loop(Looper.java:137)
E/AndroidRuntime( 4388): 	at android.app.ActivityThread.main(ActivityThread.java:4745)
E/AndroidRuntime( 4388): 	at java.lang.reflect.Method.invokeNative(Native Method)
E/AndroidRuntime( 4388): 	at java.lang.reflect.Method.invoke(Method.java:511)
E/AndroidRuntime( 4388): 	at com.android.internal.os.ZygoteInit$MethodAndArgsCaller.run(ZygoteInit.java:786)
E/AndroidRuntime( 4388): 	at com.android.internal.os.ZygoteInit.main(ZygoteInit.java:553)
E/AndroidRuntime( 4388): 	at dalvik.system.NativeStart.main(Native Method)
W/ActivityManager(  312):   Force finishing activity ca.struct.Tether/.OuyaUnityApplication
I/Process ( 4388): Sending signal. PID: 4388 SIG: 9
V/DropBoxReceiver(  584): Starting service for tag: data_app_crash, time: 1373786759920
W/ActivityManager(  312):   Force finishing activity tv.ouya.console/.launcher.PlayActivity
D/CrashReportService(  584): Writing crash report to: /data/user/0/tv.ouya/cache/.reports/1373786759920
I/ActivityManager(  312): Process ca.struct.Tether (pid 4388) has died.
I/OUYAOverlayMenu(  526): Checking video requirements : 1373769942398:1373769942398
D/OUYAOverlayMenu(  526): onResume called
D/inAppPurchase(  526): Binding to StoreService
D/AppDownloadServiceReceiver(  584): Received: Intent { act=tv.ouya.download.ACTION_RESUME_DOWNLOADS flg=0x10 cmp=tv.ouya/.provider.app.download.AppDownloadServiceReceiver }
I/AppDownloadService(  584): Entering RUNNING state
D/inAppPurchase(  526): Successfully bound to IapService
D/e       (  584): Getting from URL: https://devs.ouya.tv/api/firmware_builds?auth_token=16a67b73-f776-4b59-9d66-8b90dfdfb510
D/HTTP    (  584): Request 108: GET /api/firmware_builds?auth_token=16a67b73-f776-4b59-9d66-8b90dfdfb510 HTTP/1.1
I/ActivityManager(  312): Displayed tv.ouya.console/.launcher.OverlayMenuActivity: +196ms (total +282ms)
D/HTTP    (  584): Response 108: GET /api/firmware_builds?auth_token=16a67b73-f776-4b59-9d66-8b90dfdfb510 HTTP/1.1 (status: HTTP/1.1 200 OK)
D/l       (  584): {"result":[{"filename":"OUYA-1.0.346-r1.zip","timestamp":"1372534572","url":"http://devs-ouya-tv-prod.s3.amazonaws.com/ota/RC-OUYA-1.0.346-r1_ota.zip","md5sum":"e57f3e11ff5ddfa9ef798f39c5b2ef7e","channel":"stable","requiredUpto":"1.0.346","changes":"https://devs.ouya.tv/api/changelog/e57f3e11ff5ddfa9ef798f39c5b2ef7e.txt"}]}
V/Http    (  584): Response uncompressed len: 325
D/d       (  584): received success response
D/e       (  584): Getting from URL: https://devs.ouya.tv/api/firmware_builds?auth_token=16a67b73-f776-4b59-9d66-8b90dfdfb510
D/HTTP    (  584): Request 109: GET /api/firmware_builds?auth_token=16a67b73-f776-4b59-9d66-8b90dfdfb510 HTTP/1.1
D/HTTP    (  584): Response 109: GET /api/firmware_builds?auth_token=16a67b73-f776-4b59-9d66-8b90dfdfb510 HTTP/1.1 (status: HTTP/1.1 200 OK)
D/l       (  584): {"result":[{"filename":"OUYA-1.0.346-r1.zip","timestamp":"1372534572","url":"http://devs-ouya-tv-prod.s3.amazonaws.com/ota/RC-OUYA-1.0.346-r1_ota.zip","md5sum":"e57f3e11ff5ddfa9ef798f39c5b2ef7e","channel":"stable","requiredUpto":"1.0.346","changes":"https://devs.ouya.tv/api/changelog/e57f3e11ff5ddfa9ef798f39c5b2ef7e.txt"}]}
V/Http    (  584): Response uncompressed len: 325
D/d       (  584): received success response
D/HTTP    (  584): Request 110: GET /system_message?build=1.0.346_r1 HTTP/1.1
D/HTTP    (  584): Response 110: GET /system_message?build=1.0.346_r1 HTTP/1.1 (status: HTTP/1.1 404 Not Found)
D/OUYAOverlayMenu(  526): Found a connected controller after 999 milliseconds !
I/ActivityManager(  312): START {cmp=tv.ouya.console/.launcher.PlayActivity u=0} from pid 526
D/AppDownloadServiceReceiver(  584): Received: Intent { act=tv.ouya.download.ACTION_RESUME_DOWNLOADS flg=0x10 cmp=tv.ouya/.provider.app.download.AppDownloadServiceReceiver }
I/ActivityManager(  312): Displayed tv.ouya.console/.launcher.PlayActivity: +199ms
I/dalvikvm-heap(  526): Grow heap (frag case) to 42.056MB for 1206352-byte allocation
D/dalvikvm(  584): WAIT_FOR_CONCURRENT_GC blocked 0ms
D/dalvikvm(  584): GC_EXPLICIT freed 494K, 17% free 12046K/14407K, paused 2ms+3ms, total 27ms
D/dalvikvm(  526): GC_CONCURRENT freed 4991K, 55% free 33077K/72327K, paused 12ms+4ms, total 56ms
I/dalvikvm-heap(  526): Grow heap (frag case) to 42.610MB for 1206352-byte allocation
D/dalvikvm(  526): GC_CONCURRENT freed 4781K, 52% free 35030K/72327K, paused 2ms+15ms, total 73ms
I/dalvikvm-heap(  526): Grow heap (frag case) to 44.689MB for 1206352-byte allocation
D/dalvikvm(  526): GC_CONCURRENT freed 5945K, 53% free 34614K/72327K, paused 3ms+5ms, total 44ms
D/dalvikvm(  312): WAIT_FOR_CONCURRENT_GC blocked 0ms
D/dalvikvm(  312): GC_EXPLICIT freed 1628K, 51% free 22393K/45575K, paused 5ms+5ms, total 43ms
D/dalvikvm(  526): WAIT_FOR_CONCURRENT_GC blocked 0ms
D/dalvikvm(  526): GC_EXPLICIT freed 4184K, 53% free 34239K/72327K, paused 3ms+12ms, total 62ms
D/AppDownloadServiceReceiver(  584): Received: Intent { act=tv.ouya.download.ACTION_PAUSE_DOWNLOADS flg=0x10 cmp=tv.ouya/.provider.app.download.AppDownloadServiceReceiver }
I/AppDownloadService(  584): Entering SUSPENDED state
I/ActivityManager(  312): START {act=android.intent.action.MAIN cat=[android.intent.category.LAUNCHER,tv.ouya.intent.category.GAME] pkg=ca.struct.Tether cmp=ca.struct.Tether/.OuyaUnityApplication u=0} from pid 526
W/InputMethodManagerService(  312): Ignoring showSoftInput of uid 1000: android.view.inputmethod.InputMethodManager$1@42939fc0
I/ActivityManager(  312): Start proc ca.struct.Tether for activity ca.struct.Tether/.OuyaUnityApplication: pid=4413 uid=10050 gids={1028}
W/InputMethodManagerService(  312): Ignoring showSoftInput of uid 1000: android.view.inputmethod.InputMethodManager$1@42939fc0
I/dalvikvm( 4413): Could not find method tv.ouya.sdk.IOuyaActivity.SetApplicationKey, referenced from method ca.struct.Tether.OuyaUnityApplication.onCreate
W/dalvikvm( 4413): VFY: unable to resolve static method 11113: Ltv/ouya/sdk/IOuyaActivity;.SetApplicationKey ([B)V
D/dalvikvm( 4413): VFY: replacing opcode 0x71 at 0x0021
D/AndroidRuntime( 4413): Shutting down VM
W/dalvikvm( 4413): threadid=1: thread exiting with uncaught exception (group=0x41bd2300)
E/AndroidRuntime( 4413): FATAL EXCEPTION: main
E/AndroidRuntime( 4413): java.lang.NoSuchMethodError: tv.ouya.sdk.IOuyaActivity.SetApplicationKey
E/AndroidRuntime( 4413): 	at ca.struct.Tether.OuyaUnityApplication.onCreate(OuyaUnityApplication.java:78)
E/AndroidRuntime( 4413): 	at android.app.Activity.performCreate(Activity.java:5021)
E/AndroidRuntime( 4413): 	at android.app.Instrumentation.callActivityOnCreate(Instrumentation.java:1079)
E/AndroidRuntime( 4413): 	at android.app.ActivityThread.performLaunchActivity(ActivityThread.java:2023)
E/AndroidRuntime( 4413): 	at android.app.ActivityThread.handleLaunchActivity(ActivityThread.java:2084)
E/AndroidRuntime( 4413): 	at android.app.ActivityThread.access$600(ActivityThread.java:130)
E/AndroidRuntime( 4413): 	at android.app.ActivityThread$H.handleMessage(ActivityThread.java:1195)
E/AndroidRuntime( 4413): 	at android.os.Handler.dispatchMessage(Handler.java:99)
E/AndroidRuntime( 4413): 	at android.os.Looper.loop(Looper.java:137)
E/AndroidRuntime( 4413): 	at android.app.ActivityThread.main(ActivityThread.java:4745)
E/AndroidRuntime( 4413): 	at java.lang.reflect.Method.invokeNative(Native Method)
E/AndroidRuntime( 4413): 	at java.lang.reflect.Method.invoke(Method.java:511)
E/AndroidRuntime( 4413): 	at com.android.internal.os.ZygoteInit$MethodAndArgsCaller.run(ZygoteInit.java:786)
E/AndroidRuntime( 4413): 	at com.android.internal.os.ZygoteInit.main(ZygoteInit.java:553)
E/AndroidRuntime( 4413): 	at dalvik.system.NativeStart.main(Native Method)
W/ActivityManager(  312):   Force finishing activity ca.struct.Tether/.OuyaUnityApplication
I/Process ( 4413): Sending signal. PID: 4413 SIG: 9
W/ActivityManager(  312):   Force finishing activity tv.ouya.console/.launcher.PlayActivity
V/DropBoxReceiver(  584): Starting service for tag: data_app_crash, time: 1373786767522
I/ActivityManager(  312): Process ca.struct.Tether (pid 4413) has died.
D/CrashReportService(  584): Writing crash report to: /data/user/0/tv.ouya/cache/.reports/1373786767522
I/OUYAOverlayMenu(  526): Checking video requirements : 1373769942398:1373769942398
D/OUYAOverlayMenu(  526): onResume called
D/inAppPurchase(  526): Binding to StoreService
D/AppDownloadServiceReceiver(  584): Received: Intent { act=tv.ouya.download.ACTION_RESUME_DOWNLOADS flg=0x10 cmp=tv.ouya/.provider.app.download.AppDownloadServiceReceiver }
I/AppDownloadService(  584): Entering RUNNING state
D/inAppPurchase(  526): Successfully bound to IapService
D/e       (  584): Getting from URL: https://devs.ouya.tv/api/firmware_builds?auth_token=16a67b73-f776-4b59-9d66-8b90dfdfb510
D/HTTP    (  584): Request 111: GET /api/firmware_builds?auth_token=16a67b73-f776-4b59-9d66-8b90dfdfb510 HTTP/1.1
I/ActivityManager(  312): Displayed tv.ouya.console/.launcher.OverlayMenuActivity: +185ms (total +265ms)
D/HTTP    (  584): Response 111: GET /api/firmware_builds?auth_token=16a67b73-f776-4b59-9d66-8b90dfdfb510 HTTP/1.1 (status: HTTP/1.1 200 OK)
D/l       (  584): {"result":[{"filename":"OUYA-1.0.346-r1.zip","timestamp":"1372534572","url":"http://devs-ouya-tv-prod.s3.amazonaws.com/ota/RC-OUYA-1.0.346-r1_ota.zip","md5sum":"e57f3e11ff5ddfa9ef798f39c5b2ef7e","channel":"stable","requiredUpto":"1.0.346","changes":"https://devs.ouya.tv/api/changelog/e57f3e11ff5ddfa9ef798f39c5b2ef7e.txt"}]}
V/Http    (  584): Response uncompressed len: 325
D/d       (  584): received success response
D/e       (  584): Getting from URL: https://devs.ouya.tv/api/firmware_builds?auth_token=16a67b73-f776-4b59-9d66-8b90dfdfb510
D/HTTP    (  584): Request 112: GET /api/firmware_builds?auth_token=16a67b73-f776-4b59-9d66-8b90dfdfb510 HTTP/1.1
D/HTTP    (  584): Response 112: GET /api/firmware_builds?auth_token=16a67b73-f776-4b59-9d66-8b90dfdfb510 HTTP/1.1 (status: HTTP/1.1 200 OK)
D/l       (  584): {"result":[{"filename":"OUYA-1.0.346-r1.zip","timestamp":"1372534572","url":"http://devs-ouya-tv-prod.s3.amazonaws.com/ota/RC-OUYA-1.0.346-r1_ota.zip","md5sum":"e57f3e11ff5ddfa9ef798f39c5b2ef7e","channel":"stable","requiredUpto":"1.0.346","changes":"https://devs.ouya.tv/api/changelog/e57f3e11ff5ddfa9ef798f39c5b2ef7e.txt"}]}
V/Http    (  584): Response uncompressed len: 325
D/d       (  584): received success response
D/HTTP    (  584): Request 113: GET /system_message?build=1.0.346_r1 HTTP/1.1
D/HTTP    (  584): Response 113: GET /system_message?build=1.0.346_r1 HTTP/1.1 (status: HTTP/1.1 404 Not Found)
D/OUYAOverlayMenu(  526): Found a connected controller after 999 milliseconds !
D/dalvikvm(  467): WAIT_FOR_CONCURRENT_GC blocked 0ms
D/dalvikvm(  467): GC_EXPLICIT freed 390K, 13% free 11202K/12807K, paused 4ms+4ms, total 40ms
