I/AppUtils(  526): startAppDownload: e0bacc7f-388b-42c3-9749-4d80bb41fb4e
D/e       (  584): Getting from URL: https://devs.ouya.tv/api/v1/apps/e0bacc7f-388b-42c3-9749-4d80bb41fb4e/download?auth_token=16a67b73-f776-4b59-9d66-8b90dfdfb510
D/HTTP    (  584): Request 94: GET /api/v1/apps/e0bacc7f-388b-42c3-9749-4d80bb41fb4e/download?auth_token=16a67b73-f776-4b59-9d66-8b90dfdfb510 HTTP/1.1
I/dalvikvm-heap(  526): Grow heap (frag case) to 44.365MB for 1598344-byte allocation
D/dalvikvm(  526): GC_CONCURRENT freed 2578K, 48% free 37652K/72327K, paused 12ms+9ms, total 64ms
D/HTTP    (  584): Response 94: GET /api/v1/apps/e0bacc7f-388b-42c3-9749-4d80bb41fb4e/download?auth_token=16a67b73-f776-4b59-9d66-8b90dfdfb510 HTTP/1.1 (status: HTTP/1.1 200 OK)
D/l       (  584): {"app":{"downloadLink":"https://devs-ouya-tv-prod.s3.amazonaws.com/apps/1cd30203-4b1c-4207-b50a-0a3e8766cb73/com.robotinvader.knightmare/e0bacc7f-388b-42c3-9749-4d80bb41fb4e/oyLdnnQiuFRACJo42FHg_knightmare_7_2_2013_OUYA_RC3.apk?AWSAccessKeyId=AKIAJB2AZGYDUJBSZEYA&Expires=1373872449&Signature=quU38F4%2FtqE%2FTWPUfqltXTChMEE%3D"}}
V/Http    (  584): Response uncompressed len: 330
D/d       (  584): received success response
I/AppUtils(  526): startAppDownload: Enqueing e0bacc7f-388b-42c3-9749-4d80bb41fb4e
D/AppDetailsActivity(  526): Received: Intent { act=tv.ouya.download.ACTION_DOWNLOAD_QUEUED flg=0x10 (has extras) }
D/AppDetailsActivity(  526): Received: Intent { act=tv.ouya.console.util.APP_DOWNLOADING flg=0x10 (has extras) }
D/StoreListFragment(  526): Restoring from saved state
D/AppDownloadServiceReceiver(  584): Received: Intent { act=tv.ouya.download.ACTION_RESUME_DOWNLOADS flg=0x10 cmp=tv.ouya/.provider.app.download.AppDownloadServiceReceiver }
D/dalvikvm(  312): WAIT_FOR_CONCURRENT_GC blocked 0ms
D/dalvikvm(  312): JIT code cache reset in 6 ms (1048364 bytes 2/0)
D/dalvikvm(  312): GC_EXPLICIT freed 1073K, 51% free 22357K/45575K, paused 2ms+10ms, total 41ms
D/dalvikvm(  526): GC_CONCURRENT freed 2426K, 45% free 40346K/72327K, paused 12ms+6ms, total 54ms
D/dalvikvm(  526): WAIT_FOR_CONCURRENT_GC blocked 37ms
D/dalvikvm(  526): WAIT_FOR_CONCURRENT_GC blocked 36ms
D/dalvikvm(  526): WAIT_FOR_CONCURRENT_GC blocked 37ms
D/dalvikvm(  526): WAIT_FOR_CONCURRENT_GC blocked 0ms
D/dalvikvm(  526): GC_EXPLICIT freed 1150K, 42% free 42473K/72327K, paused 2ms+9ms, total 49ms
D/dalvikvm(  584): WAIT_FOR_CONCURRENT_GC blocked 0ms
D/dalvikvm(  584): GC_EXPLICIT freed 548K, 17% free 11993K/14407K, paused 2ms+3ms, total 39ms
D/dalvikvm(  467): GC_CONCURRENT freed 989K, 11% free 11404K/12679K, paused 4ms+16ms, total 46ms
I/ActivityManager(  312): START {cmp=tv.ouya.console/.launcher.store.AppDetailsActivity (has extras) u=0} from pid 526
D/inAppPurchase(  526): Binding to StoreService
D/OUYAUM  (  526): Binding to UserService
D/AppDownloadServiceReceiver(  584): Received: Intent { act=tv.ouya.download.ACTION_RESUME_DOWNLOADS flg=0x10 cmp=tv.ouya/.provider.app.download.AppDownloadServiceReceiver }
D/AppDetailsActivity(  526): Destroying package
D/dalvikvm(  526): WAIT_FOR_CONCURRENT_GC blocked 0ms
D/dalvikvm(  526): GC_EXPLICIT freed 11687K, 52% free 34805K/72327K, paused 2ms+7ms, total 52ms
D/inAppPurchase(  526): Successfully bound to IapService
D/e       (  584): Getting from URL: https://devs.ouya.tv/api/v1/apps/air.com.distractionware.american
D/OUYAUM  (  526): Successfully bound to UserService
D/UserGateway(  584): requesting user likes
D/HTTP    (  584): Request 95: GET /api/v1/apps/air.com.distractionware.american HTTP/1.1
I/ActivityManager(  312): Displayed tv.ouya.console/.launcher.store.AppDetailsActivity: +157ms
E/JavaBinder(  526): !!! FAILED BINDER TRANSACTION !!!
D/HTTP    (  584): Response 95: GET /api/v1/apps/air.com.distractionware.american HTTP/1.1 (status: HTTP/1.1 200 OK)
V/HTTP    (  584): Response compressed len: 589
D/l       (  584): {"app":{"uuid":"6e2fa865-3d0d-4dbb-925d-678d61bde89f","title":"American Dream","description":"A collaboration with Stephen Lavelle (increpare), Jasper Byrne and Tom Morgan-Jones.","supportEmailAddress":"terry@maths.tcd.ie","supportPhone":null,"website":"http://www.distractionware.com","mainImageFullUrl":"https://devs-ouya-tv-prod.s3.amazonaws.com/apps/2f6df1a7-c222-4a6d-b683-ad00c6b80889/air.com.distractionware.american/6e2fa865-3d0d-4dbb-925d-678d61bde89f/ouya_icon.png","founder":false,"apkFileSize":18133220,"publishedAt":"2013-06-28T23:12:47Z","versionNumber":"1.0","likeCount":103,"overview":"Released in June 2013 by Terry Cavanagh.","filepickerScreenshots":["https://www.filepicker.io/api/file/Qgu0prq1TqSFGsXdA22s","https://www.filepicker.io/api/file/reMkVZXuQHeRlYBnC7ET","https://www.filepicker.io/api/file/y62GoeQTRvCU9bo83Ww0"],"contentRating":"17+","latestVersion":"6e2fa865-3d0d-4dbb-925d-678d61bde89f","screenshots":[],"developer":"Terry Cavanagh"}}
V/Http    (  584): Response uncompressed len: 968
D/d       (  584): received success response
D/e       (  584): Getting from URL: https://devs.ouya.tv/api/v1/likes?auth_token=16a67b73-f776-4b59-9d66-8b90dfdfb510
D/HTTP    (  584): Request 96: GET /api/v1/likes?auth_token=16a67b73-f776-4b59-9d66-8b90dfdfb510 HTTP/1.1
D/HTTP    (  584): Response 96: GET /api/v1/likes?auth_token=16a67b73-f776-4b59-9d66-8b90dfdfb510 HTTP/1.1 (status: HTTP/1.1 200 OK)
D/l       (  584): {"likes":[{"uuid":"com.captain.Valet"},{"uuid":"com.stalagflight"},{"uuid":"ATS.AdamSpraggGames.HiddenInPlainSight"},{"uuid":"com.MattMakesGames.TowerFall"},{"uuid":"com.nimblebit.nimblequest"}]}
V/Http    (  584): Response uncompressed len: 195
D/d       (  584): received success response
D/dalvikvm(  526): GC_CONCURRENT freed 5101K, 52% free 34735K/72327K, paused 3ms+6ms, total 65ms
D/dalvikvm(  467): WAIT_FOR_CONCURRENT_GC blocked 0ms
D/dalvikvm(  467): GC_EXPLICIT freed 440K, 11% free 11305K/12679K, paused 4ms+3ms, total 38ms
D/dalvikvm(  312): WAIT_FOR_CONCURRENT_GC blocked 0ms
D/dalvikvm(  312): GC_EXPLICIT freed 677K, 51% free 22377K/45575K, paused 2ms+4ms, total 36ms
I/AppDetailsActivity(  526): Starting download of 6e2fa865-3d0d-4dbb-925d-678d61bde89f
I/AppUtils(  526): startAppDownload: 6e2fa865-3d0d-4dbb-925d-678d61bde89f
D/e       (  584): Getting from URL: https://devs.ouya.tv/api/v1/apps/6e2fa865-3d0d-4dbb-925d-678d61bde89f/download?auth_token=16a67b73-f776-4b59-9d66-8b90dfdfb510
D/HTTP    (  584): Request 97: GET /api/v1/apps/6e2fa865-3d0d-4dbb-925d-678d61bde89f/download?auth_token=16a67b73-f776-4b59-9d66-8b90dfdfb510 HTTP/1.1
D/HTTP    (  584): Response 97: GET /api/v1/apps/6e2fa865-3d0d-4dbb-925d-678d61bde89f/download?auth_token=16a67b73-f776-4b59-9d66-8b90dfdfb510 HTTP/1.1 (status: HTTP/1.1 200 OK)
D/l       (  584): {"app":{"downloadLink":"https://devs-ouya-tv-prod.s3.amazonaws.com/apps/2f6df1a7-c222-4a6d-b683-ad00c6b80889/air.com.distractionware.american/6e2fa865-3d0d-4dbb-925d-678d61bde89f/PDW6UcAHQsOU67jS2cdq_americandreamouya.apk?AWSAccessKeyId=AKIAJB2AZGYDUJBSZEYA&Expires=1373872465&Signature=DI6notMyG0FBeh1PsCvZE605gUo%3D"}}
V/Http    (  584): Response uncompressed len: 320
D/d       (  584): received success response
I/AppUtils(  526): startAppDownload: Enqueing 6e2fa865-3d0d-4dbb-925d-678d61bde89f
D/dalvikvm(  584): WAIT_FOR_CONCURRENT_GC blocked 0ms
D/dalvikvm(  584): GC_EXPLICIT freed 563K, 17% free 12012K/14407K, paused 3ms+3ms, total 33ms
D/AppDetailsActivity(  526): Received: Intent { act=tv.ouya.download.ACTION_DOWNLOAD_QUEUED flg=0x10 (has extras) }
D/AppDetailsActivity(  526): Received: Intent { act=tv.ouya.console.util.APP_DOWNLOADING flg=0x10 (has extras) }
D/StoreListFragment(  526): Restoring from saved state
D/AppDownloadServiceReceiver(  584): Received: Intent { act=tv.ouya.download.ACTION_RESUME_DOWNLOADS flg=0x10 cmp=tv.ouya/.provider.app.download.AppDownloadServiceReceiver }
D/dalvikvm(  526): GC_CONCURRENT freed 3803K, 51% free 36052K/72327K, paused 13ms+7ms, total 66ms
D/dalvikvm(  526): WAIT_FOR_CONCURRENT_GC blocked 33ms
D/dalvikvm(  526): WAIT_FOR_CONCURRENT_GC blocked 33ms
D/dalvikvm(  526): WAIT_FOR_CONCURRENT_GC blocked 0ms
D/dalvikvm(  526): GC_EXPLICIT freed 1690K, 46% free 39281K/72327K, paused 2ms+7ms, total 50ms
D/dalvikvm(  526): GC_CONCURRENT freed 7703K, 50% free 36589K/72327K, paused 5ms+7ms, total 91ms
W/ActivityManager(  312): Activity stop timeout for ActivityRecord{4270e730 tv.ouya.console/.launcher.store.adapter.DiscoverActivity}
I/ActivityManager(  312): Activity reported stop, but no longer stopping: ActivityRecord{4270e730 tv.ouya.console/.launcher.store.adapter.DiscoverActivity}
D/dalvikvm(  584): WAIT_FOR_CONCURRENT_GC blocked 0ms
D/dalvikvm(  584): GC_EXPLICIT freed 295K, 17% free 12013K/14407K, paused 3ms+4ms, total 39ms
D/dalvikvm(  312): WAIT_FOR_CONCURRENT_GC blocked 0ms
D/dalvikvm(  312): GC_EXPLICIT freed 688K, 51% free 22402K/45575K, paused 2ms+4ms, total 36ms
D/dalvikvm(  526): WAIT_FOR_CONCURRENT_GC blocked 0ms
D/dalvikvm(  526): GC_EXPLICIT freed 7890K, 54% free 33384K/72327K, paused 4ms+12ms, total 65ms
I/ActivityManager(  312): START {cmp=tv.ouya.console/.launcher.store.AppDetailsActivity (has extras) u=0} from pid 526
D/inAppPurchase(  526): Binding to StoreService
D/OUYAUM  (  526): Binding to UserService
D/AppDownloadServiceReceiver(  584): Received: Intent { act=tv.ouya.download.ACTION_RESUME_DOWNLOADS flg=0x10 cmp=tv.ouya/.provider.app.download.AppDownloadServiceReceiver }
D/AppDetailsActivity(  526): Destroying package
D/inAppPurchase(  526): Successfully bound to IapService
D/e       (  584): Getting from URL: https://devs.ouya.tv/api/v1/apps/com.CarvedGames.MarbleGoGo
D/HTTP    (  584): Request 98: GET /api/v1/apps/com.CarvedGames.MarbleGoGo HTTP/1.1
D/OUYAUM  (  526): Successfully bound to UserService
D/UserGateway(  584): requesting user likes
I/ActivityManager(  312): Displayed tv.ouya.console/.launcher.store.AppDetailsActivity: +111ms
E/JavaBinder(  526): !!! FAILED BINDER TRANSACTION !!!
D/HTTP    (  584): Response 98: GET /api/v1/apps/com.CarvedGames.MarbleGoGo HTTP/1.1 (status: HTTP/1.1 200 OK)
V/HTTP    (  584): Response compressed len: 1026
D/l       (  584): {"app":{"uuid":"d2567efd-5894-4734-852c-f4c4f7ddcac1","title":"Marble GoGo","description":"Feel the GoGo! and conquer Icy Mountains, Vast Deserts and Challenging Green Fields rolling your way across 60 levels in 5 different worlds. \r\nChange into one of five different forms to reach your goal and use your skills to avoid dangerous hazards as mine fields, difficult terrains, narrow paths, moving pistons and more.\r\nClear each mission to discover a new and exciting challenge with every level you play.\r\nWelcome to the world of Marble GoGo!\r\n","supportEmailAddress":"support@carved-games.com","supportPhone":null,"website":"http://carved-games.com/games/marble-gogo","mainImageFullUrl":"https://devs-ouya-tv-prod.s3.amazonaws.com/apps/a08b2df4-d615-46f4-9b81-130d0d9a25e0/com.CarvedGames.MarbleGoGo/d2567efd-5894-4734-852c-f4c4f7ddcac1/ouya_icon.png","founder":true,"apkFileSize":48046252,"publishedAt":"2013-07-08T18:17:27Z","versionNumber":"1.0.2","likeCount":26,"overview":"Released in July 2013 by Carved Games.","filepickerScreenshots":["https://www.filepicker.io/api/file/Mfswb8sfTkWeR7yPEOYQ","https://www.filepicker.io/api/file/VT9DSNSSYWxKwTyShxHA","https://www.filepicker.io/api/file/3ug5uuRQ7W4pQgn9VR1a","https://www.filepicker.io/api/file/uAFuU2p9R8W1dhLJ4AB0","https://www.filepicker.io/api/file/ytKJy8R6TfiIFn4ekTlF","https://www.filepicker.io/api/file/RIW5ZyhTaqh5do7yfYfL","https://www.filepicker.io/api/file/Hls9OYUQAG0XT3xyReOg","https://www.filepicker.io/api/file/7qVD4kPFSWqNUdJyJ1Nm","https://www.filepicker.io/api/file/6eygLavBQoOx2YfcTKov","https://www.filepicker.io/api/file/obvs6VSIQwORb1tZGaS7","https://www.filepicker.io/api/file/Ije85OmTAiXC5FUENGld","https://www.filepicker.io/api/file/XQelpQvVTuifWWGNheUR","https://www.filepicker.io/api/file/3QXCd5ETWvO4v7DY4Qwb","https://www.filepicker.io/api/file/uVhGInHdR7qPf7Qj6QKo","https://www.filepicker.io/api/file/gou4uKDT2u7ER125N1nU"],"contentRating":"Everyone","latestVersion":"d2567efd-5894-4734-852c-f4c4f7ddcac1","screenshots":[],"developer":"Carved Games"}}
V/Http    (  584): Response uncompressed len: 2048
D/d       (  584): received success response
D/e       (  584): Getting from URL: https://devs.ouya.tv/api/v1/likes?auth_token=16a67b73-f776-4b59-9d66-8b90dfdfb510
D/HTTP    (  584): Request 99: GET /api/v1/likes?auth_token=16a67b73-f776-4b59-9d66-8b90dfdfb510 HTTP/1.1
D/HTTP    (  584): Response 99: GET /api/v1/likes?auth_token=16a67b73-f776-4b59-9d66-8b90dfdfb510 HTTP/1.1 (status: HTTP/1.1 200 OK)
D/l       (  584): {"likes":[{"uuid":"com.captain.Valet"},{"uuid":"com.stalagflight"},{"uuid":"ATS.AdamSpraggGames.HiddenInPlainSight"},{"uuid":"com.MattMakesGames.TowerFall"},{"uuid":"com.nimblebit.nimblequest"}]}
V/Http    (  584): Response uncompressed len: 195
D/d       (  584): received success response
I/dalvikvm-heap(  526): Grow heap (frag case) to 43.854MB for 1598344-byte allocation
D/dalvikvm(  526): GC_CONCURRENT freed 3911K, 51% free 35792K/72327K, paused 2ms+8ms, total 55ms
D/dalvikvm(  526): GC_CONCURRENT freed 3521K, 49% free 37277K/72327K, paused 2ms+5ms, total 52ms
D/dalvikvm(  526): WAIT_FOR_CONCURRENT_GC blocked 0ms
D/dalvikvm(  526): GC_EXPLICIT freed 136K, 49% free 37292K/72327K, paused 2ms+9ms, total 48ms
I/AppDetailsActivity(  526): Starting download of d2567efd-5894-4734-852c-f4c4f7ddcac1
I/AppUtils(  526): startAppDownload: d2567efd-5894-4734-852c-f4c4f7ddcac1
D/e       (  584): Getting from URL: https://devs.ouya.tv/api/v1/apps/d2567efd-5894-4734-852c-f4c4f7ddcac1/download?auth_token=16a67b73-f776-4b59-9d66-8b90dfdfb510
D/HTTP    (  584): Request 100: GET /api/v1/apps/d2567efd-5894-4734-852c-f4c4f7ddcac1/download?auth_token=16a67b73-f776-4b59-9d66-8b90dfdfb510 HTTP/1.1
D/StoreListFragment(  526): Restoring from saved state
D/AppDownloadServiceReceiver(  584): Received: Intent { act=tv.ouya.download.ACTION_RESUME_DOWNLOADS flg=0x10 cmp=tv.ouya/.provider.app.download.AppDownloadServiceReceiver }
D/HTTP    (  584): Response 100: GET /api/v1/apps/d2567efd-5894-4734-852c-f4c4f7ddcac1/download?auth_token=16a67b73-f776-4b59-9d66-8b90dfdfb510 HTTP/1.1 (status: HTTP/1.1 200 OK)
D/l       (  584): {"app":{"downloadLink":"https://devs-ouya-tv-prod.s3.amazonaws.com/apps/a08b2df4-d615-46f4-9b81-130d0d9a25e0/com.CarvedGames.MarbleGoGo/d2567efd-5894-4734-852c-f4c4f7ddcac1/8iAPk1CVRvmDV70yVqMU_MarbleGoGo.apk?AWSAccessKeyId=AKIAJB2AZGYDUJBSZEYA&Expires=1373872486&Signature=gViIWPszqiSyFzN8TRbhLWBq%2B%2Fc%3D"}}
V/Http    (  584): Response uncompressed len: 311
D/d       (  584): received success response
I/dalvikvm-heap(  526): Grow heap (frag case) to 46.516MB for 200272-byte allocation
D/dalvikvm(  312): WAIT_FOR_CONCURRENT_GC blocked 0ms
D/dalvikvm(  526): GC_CONCURRENT freed 4271K, 46% free 39740K/72327K, paused 12ms+30ms, total 107ms
D/dalvikvm(  312): GC_EXPLICIT freed 1095K, 51% free 22393K/45575K, paused 2ms+6ms, total 60ms
I/AppUtils(  526): startAppDownload: Enqueing d2567efd-5894-4734-852c-f4c4f7ddcac1
D/dalvikvm(  584): WAIT_FOR_CONCURRENT_GC blocked 0ms
D/dalvikvm(  584): GC_EXPLICIT freed 584K, 17% free 12023K/14407K, paused 2ms+4ms, total 26ms
D/dalvikvm(  526): GC_CONCURRENT freed 8378K, 50% free 36369K/72327K, paused 4ms+9ms, total 68ms
D/dalvikvm(  526): WAIT_FOR_CONCURRENT_GC blocked 0ms
D/dalvikvm(  526): GC_EXPLICIT freed 2281K, 53% free 34414K/72327K, paused 3ms+4ms, total 57ms
D/dalvikvm(  467): GC_CONCURRENT freed 1006K, 10% free 11453K/12679K, paused 3ms+3ms, total 29ms
W/ActivityManager(  312): Activity stop timeout for ActivityRecord{4270e730 tv.ouya.console/.launcher.store.adapter.DiscoverActivity}
I/ActivityManager(  312): Activity reported stop, but no longer stopping: ActivityRecord{4270e730 tv.ouya.console/.launcher.store.adapter.DiscoverActivity}
D/dalvikvm(  467): WAIT_FOR_CONCURRENT_GC blocked 0ms
D/dalvikvm(  467): GC_EXPLICIT freed 216K, 12% free 11246K/12679K, paused 2ms+2ms, total 29ms
D/dalvikvm(  584): WAIT_FOR_CONCURRENT_GC blocked 0ms
D/dalvikvm(  584): GC_EXPLICIT freed 294K, 17% free 12027K/14407K, paused 2ms+3ms, total 25ms
D/dalvikvm(  526): WAIT_FOR_CONCURRENT_GC blocked 0ms
D/dalvikvm(  526): GC_EXPLICIT freed 4060K, 54% free 33685K/72327K, paused 6ms+7ms, total 80ms
D/dalvikvm(  312): WAIT_FOR_CONCURRENT_GC blocked 0ms
D/dalvikvm(  312): GC_EXPLICIT freed 319K, 51% free 22410K/45575K, paused 6ms+4ms, total 60ms
D/dalvikvm(  584): WAIT_FOR_CONCURRENT_GC blocked 0ms
D/dalvikvm(  584): GC_EXPLICIT freed 320K, 17% free 12042K/14407K, paused 4ms+5ms, total 50ms
D/dalvikvm(  467): GC_CONCURRENT freed 971K, 10% free 11428K/12679K, paused 3ms+5ms, total 35ms
I/DownloadManager(  467): Broadcasting Intent { act=android.intent.action.DOWNLOAD_COMPLETE pkg=tv.ouya (has extras) }
D/AppDownloadBroadcastTranslator(  584): Received broadcast: Intent { act=android.intent.action.DOWNLOAD_COMPLETE flg=0x10 pkg=tv.ouya cmp=tv.ouya/.provider.app.download.AppDownloadBroadcastTranslator (has extras) }
D/AppDownloadBroadcastTranslator(  584): Sending broadcast: Intent { act=android.intent.action.DOWNLOAD_COMPLETE (has extras) }
I/StoreDownloadReceiver(  526): Download complete for com.norwindinteractive.simplerunner
I/StoreDownloadReceiver(  526): Auto-installing com.norwindinteractive.simplerunner
D/AppDownloadBroadcastTranslator(  584): Received broadcast: Intent { act=android.intent.action.DOWNLOAD_COMPLETE flg=0x10 cmp=tv.ouya/.provider.app.download.AppDownloadBroadcastTranslator (has extras) }
I/ActivityManager(  312): Start proc com.android.defcontainer for service com.android.defcontainer/.DefaultContainerService: pid=3984 uid=10005 gids={1015, 1023, 2001, 1028}
D/AppDownloadServiceReceiver(  584): Received: Intent { act=tv.ouya.PACKAGE_INSTALLING flg=0x10 cmp=tv.ouya/.provider.app.download.AppDownloadServiceReceiver (has extras) }
I/AppDownloadService(  584): Entering SUSPENDED state
W/ActivityManager(  312): No content provider found for permission revoke: file:///storage/sdcard0/com.norwindinteractive.simplerunner.apk
W/ActivityManager(  312): No content provider found for permission revoke: file:///storage/sdcard0/com.norwindinteractive.simplerunner.apk
I/PackageManager(  312): Running dexopt on: com.norwindinteractive.simplerunner
D/dalvikvm( 3997): DexOpt: 'Ltv/ouya/console/api/OuyaIntent;' has an earlier definition; blocking out
D/dalvikvm( 3997): DexOpt: not verifying/optimizing 'Ltv/ouya/console/api/OuyaIntent;': multiple definitions
D/dalvikvm( 3997): DexOpt: load 54ms, verify+opt 234ms, 1537388 bytes
I/ActivityManager(  312): Force stopping package com.norwindinteractive.simplerunner uid=10052
D/PackageManager(  312): New package installed in /data/app/com.norwindinteractive.simplerunner-1.apk
D/dalvikvm(  312): WAIT_FOR_CONCURRENT_GC blocked 0ms
D/PackageManager(  312): generateServicesMap(android.accounts.AccountAuthenticator): 1 services unchanged
I/InputReader(  312): Reconfiguring input devices.  changes=0x00000010
D/PackageManager(  312): generateServicesMap(android.content.SyncAdapter): 3 services unchanged
D/BackupManagerService(  312): Received broadcast Intent { act=android.intent.action.PACKAGE_ADDED dat=package:com.norwindinteractive.simplerunner flg=0x8000010 (has extras) }
I/ActivityManager(  312): Start proc com.android.musicfx for broadcast com.android.musicfx/.Compatibility$Receiver: pid=3998 uid=10013 gids={3003, 3002, 1028}
W/RecognitionManagerService(  312): no available voice recognition services found
V/BackupManagerService(  312): addPackageParticipantsLocked: #1
W/Searchables(  312): No global search activity found
I/PackageEventReceiver(  526): Broadcast Received Intent { act=android.intent.action.PACKAGE_ADDED dat=package:com.norwindinteractive.simplerunner flg=0x8000010 cmp=tv.ouya.console/.launcher.store.PackageEventReceiver (has extras) }
D/dalvikvm(  312): GC_EXPLICIT freed 1453K, 51% free 22518K/45575K, paused 4ms+15ms, total 74ms
I/StoreDownloadReceiver+InstallTask(  526): Installed: com.norwindinteractive.simplerunner
I/ActivityManager(  312): No longer want fishnoodle.canabalt (pid 3719): hidden #2
I/PackageEventReceiver(  526): Installed app: com.norwindinteractive.simplerunner
D/dalvikvm(  108): WAIT_FOR_CONCURRENT_GC blocked 0ms
I/ActivityManager(  312): Start proc com.svox.pico for broadcast com.svox.pico/.VoiceDataInstallerReceiver: pid=4012 uid=10022 gids={1015, 1023, 1028}
D/dalvikvm(  108): GC_EXPLICIT freed 38K, 7% free 10748K/11459K, paused 1ms+2ms, total 21ms
D/dalvikvm(  108): WAIT_FOR_CONCURRENT_GC blocked 0ms
I/ActivityThread( 4012): Pub com.svox.pico.providers.SettingsProvider: com.svox.pico.providers.SettingsProvider
D/AppDownloadServiceReceiver(  584): Received: Intent { act=tv.ouya.PACKAGE_INSTALLED flg=0x10 cmp=tv.ouya/.provider.app.download.AppDownloadServiceReceiver (has extras) }
I/AppDownloadService(  584): Entering RUNNING state
I/ActivityManager(  312): No longer want com.android.musicfx (pid 3998): hidden #2
D/dalvikvm(  108): GC_EXPLICIT freed <1K, 7% free 10748K/11459K, paused 1ms+1ms, total 19ms
D/dalvikvm(  108): WAIT_FOR_CONCURRENT_GC blocked 0ms
D/AppDownloadService(  584): Building app download URL
D/dalvikvm(  108): GC_EXPLICIT freed <1K, 7% free 10748K/11459K, paused 1ms+2ms, total 14ms
D/e       (  584): Getting from URL: https://devs.ouya.tv/api/v1/apps/e0bacc7f-388b-42c3-9749-4d80bb41fb4e/download?auth_token=16a67b73-f776-4b59-9d66-8b90dfdfb510
D/HTTP    (  584): Request 101: GET /api/v1/apps/e0bacc7f-388b-42c3-9749-4d80bb41fb4e/download?auth_token=16a67b73-f776-4b59-9d66-8b90dfdfb510 HTTP/1.1
D/HTTP    (  584): Response 101: GET /api/v1/apps/e0bacc7f-388b-42c3-9749-4d80bb41fb4e/download?auth_token=16a67b73-f776-4b59-9d66-8b90dfdfb510 HTTP/1.1 (status: HTTP/1.1 200 OK)
D/l       (  584): {"app":{"downloadLink":"https://devs-ouya-tv-prod.s3.amazonaws.com/apps/1cd30203-4b1c-4207-b50a-0a3e8766cb73/com.robotinvader.knightmare/e0bacc7f-388b-42c3-9749-4d80bb41fb4e/oyLdnnQiuFRACJo42FHg_knightmare_7_2_2013_OUYA_RC3.apk?AWSAccessKeyId=AKIAJB2AZGYDUJBSZEYA&Expires=1373872518&Signature=C%2F3OArqt%2FyPs%2FTDN7CovpqdM67g%3D"}}
V/Http    (  584): Response uncompressed len: 332
D/d       (  584): received success response
D/dalvikvm(  467): WAIT_FOR_CONCURRENT_GC blocked 0ms
D/dalvikvm(  467): GC_EXPLICIT freed 463K, 12% free 11260K/12679K, paused 5ms+4ms, total 48ms
W/NotificationTrackerService(  312): Dropping notification from com.android.providers.downloads
D/dalvikvm(  526): WAIT_FOR_CONCURRENT_GC blocked 0ms
D/dalvikvm(  526): GC_EXPLICIT freed 583K, 54% free 33476K/72327K, paused 7ms+9ms, total 75ms
D/dalvikvm(  312): WAIT_FOR_CONCURRENT_GC blocked 0ms
D/dalvikvm(  312): GC_EXPLICIT freed 235K, 51% free 22398K/45575K, paused 6ms+4ms, total 64ms
I/ActivityManager(  312): No longer want com.svox.pico (pid 4012): hidden #2
D/dalvikvm(  467): GC_CONCURRENT freed 1036K, 11% free 11400K/12679K, paused 13ms+3ms, total 38ms
D/dalvikvm(  584): WAIT_FOR_CONCURRENT_GC blocked 0ms
D/dalvikvm(  584): GC_EXPLICIT freed 494K, 17% free 12067K/14407K, paused 6ms+3ms, total 38ms
I/dalvikvm(  467): Jit: resizing JitTable from 4096 to 8192
D/dalvikvm(  526): WAIT_FOR_CONCURRENT_GC blocked 0ms
D/dalvikvm(  526): GC_EXPLICIT freed 343K, 54% free 33456K/72327K, paused 5ms+9ms, total 75ms
D/g       (  584): Posting to URL: https://devs.ouya.tv/api/v1/events?auth_token=16a67b73-f776-4b59-9d66-8b90dfdfb510
D/HTTP    (  584): Request 102: POST /api/v1/events?auth_token=16a67b73-f776-4b59-9d66-8b90dfdfb510 HTTP/1.1
D/dalvikvm(  584): WAIT_FOR_CONCURRENT_GC blocked 0ms
D/dalvikvm(  584): GC_EXPLICIT freed 427K, 17% free 12068K/14407K, paused 4ms+4ms, total 45ms
D/HTTP    (  584): Response 102: POST /api/v1/events?auth_token=16a67b73-f776-4b59-9d66-8b90dfdfb510 HTTP/1.1 (status: HTTP/1.1 200 OK)
D/l       (  584): {}
V/Http    (  584): Response uncompressed len: 2
D/d       (  584): received success response
I/MetricsSyncAdapter(  584): Deleted : 1 : 288
I/MetricsSyncAdapter(  584): Deleted : 1 : 289
I/MetricsSyncAdapter(  584): Deleted : 1 : 290
D/dalvikvm(  467): GC_CONCURRENT freed 1247K, 11% free 11398K/12743K, paused 4ms+5ms, total 43ms
D/dalvikvm(  312): WAIT_FOR_CONCURRENT_GC blocked 0ms
D/dalvikvm(  312): GC_EXPLICIT freed 522K, 51% free 22373K/45575K, paused 6ms+4ms, total 75ms
D/dalvikvm(  467): WAIT_FOR_CONCURRENT_GC blocked 0ms
D/dalvikvm(  467): GC_EXPLICIT freed 792K, 12% free 11335K/12743K, paused 4ms+3ms, total 44ms
D/dalvikvm(  584): WAIT_FOR_CONCURRENT_GC blocked 0ms
D/dalvikvm(  584): GC_EXPLICIT freed 434K, 17% free 12062K/14407K, paused 5ms+3ms, total 48ms
D/dalvikvm(  526): WAIT_FOR_CONCURRENT_GC blocked 0ms
D/dalvikvm(  526): GC_EXPLICIT freed 326K, 54% free 33455K/72327K, paused 5ms+9ms, total 87ms
D/dalvikvm(  312): WAIT_FOR_CONCURRENT_GC blocked 0ms
D/dalvikvm(  312): GC_EXPLICIT freed 429K, 51% free 22333K/45575K, paused 6ms+4ms, total 62ms
D/dalvikvm(  584): WAIT_FOR_CONCURRENT_GC blocked 0ms
D/dalvikvm(  584): GC_EXPLICIT freed 375K, 17% free 12065K/14407K, paused 5ms+6ms, total 51ms
D/dalvikvm(  467): GC_CONCURRENT freed 1139K, 11% free 11400K/12743K, paused 15ms+15ms, total 61ms
D/dalvikvm(  526): WAIT_FOR_CONCURRENT_GC blocked 0ms
D/dalvikvm(  526): GC_EXPLICIT freed 330K, 54% free 33445K/72327K, paused 6ms+7ms, total 83ms
W/ThrottleService(  312): unable to find stats for iface wlan0
D/dalvikvm(  584): WAIT_FOR_CONCURRENT_GC blocked 0ms
D/dalvikvm(  584): GC_EXPLICIT freed 374K, 17% free 12068K/14407K, paused 7ms+3ms, total 47ms
D/dalvikvm(  467): WAIT_FOR_CONCURRENT_GC blocked 0ms
D/dalvikvm(  467): GC_EXPLICIT freed 1080K, 11% free 11416K/12743K, paused 4ms+12ms, total 56ms
D/dalvikvm(  312): WAIT_FOR_CONCURRENT_GC blocked 0ms
D/dalvikvm(  312): GC_EXPLICIT freed 439K, 51% free 22332K/45575K, paused 6ms+4ms, total 60ms
I/DownloadManager(  467): Broadcasting Intent { act=android.intent.action.DOWNLOAD_COMPLETE pkg=tv.ouya (has extras) }
D/AppDownloadBroadcastTranslator(  584): Received broadcast: Intent { act=android.intent.action.DOWNLOAD_COMPLETE flg=0x10 pkg=tv.ouya cmp=tv.ouya/.provider.app.download.AppDownloadBroadcastTranslator (has extras) }
D/AppDownloadBroadcastTranslator(  584): Sending broadcast: Intent { act=android.intent.action.DOWNLOAD_COMPLETE (has extras) }
I/StoreDownloadReceiver(  526): Download complete for com.robotinvader.knightmare
I/StoreDownloadReceiver(  526): Auto-installing com.robotinvader.knightmare
D/AppDownloadBroadcastTranslator(  584): Received broadcast: Intent { act=android.intent.action.DOWNLOAD_COMPLETE flg=0x10 cmp=tv.ouya/.provider.app.download.AppDownloadBroadcastTranslator (has extras) }
D/AppDownloadServiceReceiver(  584): Received: Intent { act=tv.ouya.PACKAGE_INSTALLING flg=0x10 cmp=tv.ouya/.provider.app.download.AppDownloadServiceReceiver (has extras) }
I/AppDownloadService(  584): Entering SUSPENDED state
W/ActivityManager(  312): No content provider found for permission revoke: file:///storage/sdcard0/com.robotinvader.knightmare.apk
D/dalvikvm(  526): WAIT_FOR_CONCURRENT_GC blocked 0ms
D/dalvikvm(  526): GC_EXPLICIT freed 325K, 54% free 33449K/72327K, paused 5ms+5ms, total 65ms
W/ActivityManager(  312): No content provider found for permission revoke: file:///storage/sdcard0/com.robotinvader.knightmare.apk
D/dalvikvm(  312): GC_CONCURRENT freed 2040K, 50% free 23137K/45575K, paused 12ms+4ms, total 45ms
D/dalvikvm(  312): GC_CONCURRENT freed 3050K, 50% free 23183K/45575K, paused 2ms+4ms, total 34ms
D/dalvikvm(  312): WAIT_FOR_CONCURRENT_GC blocked 21ms
I/PackageManager(  312): Running dexopt on: com.robotinvader.knightmare
D/dalvikvm( 4103): DexOpt: 'Landroid/annotation/SuppressLint;' has an earlier definition; blocking out
D/dalvikvm( 4103): DexOpt: 'Landroid/annotation/TargetApi;' has an earlier definition; blocking out
D/dalvikvm( 4103): DexOpt: 'Ltv/ouya/console/api/OuyaIntent;' has an earlier definition; blocking out
D/dalvikvm( 4103): DexOpt: not verifying/optimizing 'Landroid/annotation/SuppressLint;': multiple definitions
D/dalvikvm( 4103): DexOpt: not verifying/optimizing 'Landroid/annotation/TargetApi;': multiple definitions
D/dalvikvm( 4103): DexOpt: not verifying/optimizing 'Ltv/ouya/console/api/OuyaIntent;': multiple definitions
D/dalvikvm( 4103): DexOpt: load 70ms, verify+opt 2155ms, 1928444 bytes
I/ActivityManager(  312): Force stopping package com.robotinvader.knightmare uid=10053
D/PackageManager(  312): New package installed in /data/app/com.robotinvader.knightmare-1.apk
W/PackageManager(  312): Unknown permission com.android.vending.BILLING in package com.robotinvader.knightmare
D/dalvikvm(  312): WAIT_FOR_CONCURRENT_GC blocked 0ms
D/PackageManager(  312): generateServicesMap(android.accounts.AccountAuthenticator): 1 services unchanged
D/PackageManager(  312): generateServicesMap(android.content.SyncAdapter): 3 services unchanged
D/BackupManagerService(  312): Received broadcast Intent { act=android.intent.action.PACKAGE_ADDED dat=package:com.robotinvader.knightmare flg=0x8000010 (has extras) }
I/InputReader(  312): Reconfiguring input devices.  changes=0x00000010
I/ActivityManager(  312): Start proc com.android.musicfx for broadcast com.android.musicfx/.Compatibility$Receiver: pid=4104 uid=10013 gids={3003, 3002, 1028}
W/RecognitionManagerService(  312): no available voice recognition services found
V/BackupManagerService(  312): addPackageParticipantsLocked: #1
W/Searchables(  312): No global search activity found
I/PackageEventReceiver(  526): Broadcast Received Intent { act=android.intent.action.PACKAGE_ADDED dat=package:com.robotinvader.knightmare flg=0x8000010 cmp=tv.ouya.console/.launcher.store.PackageEventReceiver (has extras) }
D/dalvikvm(  312): GC_EXPLICIT freed 2093K, 50% free 23195K/45575K, paused 6ms+8ms, total 94ms
I/StoreDownloadReceiver+InstallTask(  526): Installed: com.robotinvader.knightmare
I/PackageEventReceiver(  526): Installed app: com.robotinvader.knightmare
I/ActivityManager(  312): Start proc com.svox.pico for broadcast com.svox.pico/.VoiceDataInstallerReceiver: pid=4118 uid=10022 gids={1015, 1023, 1028}
I/ActivityThread( 4118): Pub com.svox.pico.providers.SettingsProvider: com.svox.pico.providers.SettingsProvider
D/AppDownloadServiceReceiver(  584): Received: Intent { act=tv.ouya.PACKAGE_INSTALLED flg=0x10 cmp=tv.ouya/.provider.app.download.AppDownloadServiceReceiver (has extras) }
I/AppDownloadService(  584): Entering RUNNING state
I/ActivityManager(  312): No longer want com.android.musicfx (pid 4104): hidden #2
D/AppDownloadService(  584): Building app download URL
D/e       (  584): Getting from URL: https://devs.ouya.tv/api/v1/apps/6e2fa865-3d0d-4dbb-925d-678d61bde89f/download?auth_token=16a67b73-f776-4b59-9d66-8b90dfdfb510
D/HTTP    (  584): Request 103: GET /api/v1/apps/6e2fa865-3d0d-4dbb-925d-678d61bde89f/download?auth_token=16a67b73-f776-4b59-9d66-8b90dfdfb510 HTTP/1.1
W/HTTP    (  584): Caught exception: ClientProtocolException
W/HTTP    (  584): org.apache.http.client.ClientProtocolException
W/HTTP    (  584): 	at org.apache.http.impl.client.AbstractHttpClient.execute(AbstractHttpClient.java:901)
W/HTTP    (  584): 	at org.apache.http.impl.client.cache.CachingHttpClient.callBackend(CachingHttpClient.java:670)
W/HTTP    (  584): 	at org.apache.http.impl.client.cache.CachingHttpClient.handleCacheMiss(CachingHttpClient.java:451)
W/HTTP    (  584): 	at org.apache.http.impl.client.cache.CachingHttpClient.execute(CachingHttpClient.java:377)
W/HTTP    (  584): 	at org.apache.http.impl.client.AbstractHttpClient.execute(AbstractHttpClient.java:797)
W/HTTP    (  584): 	at org.apache.http.impl.client.AbstractHttpClient.execute(AbstractHttpClient.java:776)
W/HTTP    (  584): 	at tv.ouya.console.util.a.q.a(Unknown Source)
W/HTTP    (  584): 	at tv.ouya.console.util.a.q.a(Unknown Source)
W/HTTP    (  584): 	at tv.ouya.console.util.a.e.a(Unknown Source)
W/HTTP    (  584): 	at tv.ouya.console.util.a.d.a(Unknown Source)
W/HTTP    (  584): 	at tv.ouya.console.util.a.d.a(Unknown Source)
W/HTTP    (  584): 	at tv.ouya.console.util.a.d.doInBackground(Unknown Source)
W/HTTP    (  584): 	at android.os.AsyncTask$2.call(AsyncTask.java:287)
W/HTTP    (  584): 	at java.util.concurrent.FutureTask$Sync.innerRun(FutureTask.java:305)
W/HTTP    (  584): 	at java.util.concurrent.FutureTask.run(FutureTask.java:137)
W/HTTP    (  584): 	at android.os.AsyncTask$SerialExecutor$1.run(AsyncTask.java:230)
W/HTTP    (  584): 	at java.util.concurrent.ThreadPoolExecutor.runWorker(ThreadPoolExecutor.java:1076)
W/HTTP    (  584): 	at java.util.concurrent.ThreadPoolExecutor$Worker.run(ThreadPoolExecutor.java:569)
W/HTTP    (  584): 	at java.lang.Thread.run(Thread.java:856)
W/HTTP    (  584): Caused by: org.apache.http.ProtocolException: The server failed to respond with a valid HTTP response
W/HTTP    (  584): 	at org.apache.http.impl.conn.DefaultHttpResponseParser.parseHead(DefaultHttpResponseParser.java:103)
W/HTTP    (  584): 	at org.apache.http.impl.conn.DefaultHttpResponseParser.parseHead(DefaultHttpResponseParser.java:61)
W/HTTP    (  584): 	at org.apache.http.impl.io.AbstractMessageParser.parse(AbstractMessageParser.java:254)
W/HTTP    (  584): 	at org.apache.http.impl.AbstractHttpClientConnection.receiveResponseHeader(AbstractHttpClientConnection.java:289)
W/HTTP    (  584): 	at org.apache.http.impl.conn.DefaultClientConnection.receiveResponseHeader(DefaultClientConnection.java:252)
W/HTTP    (  584): 	at org.apache.http.impl.conn.AbstractClientConnAdapter.receiveResponseHeader(AbstractClientConnAdapter.java:219)
W/HTTP    (  584): 	at org.apache.http.protocol.HttpRequestExecutor.doReceiveResponse(HttpRequestExecutor.java:300)
W/HTTP    (  584): 	at org.apache.http.protocol.HttpRequestExecutor.execute(HttpRequestExecutor.java:127)
W/HTTP    (  584): 	at org.apache.http.impl.client.DefaultRequestDirector.tryExecute(DefaultRequestDirector.java:717)
W/HTTP    (  584): 	at org.apache.http.impl.client.DefaultRequestDirector.execute(DefaultRequestDirector.java:522)
W/HTTP    (  584): 	at org.apache.http.impl.client.AbstractHttpClient.execute(AbstractHttpClient.java:898)
W/HTTP    (  584): 	... 18 more
E/c       (  584): Error fetching https://devs.ouya.tv/api/v1/apps/6e2fa865-3d0d-4dbb-925d-678d61bde89f/download?auth_token=16a67b73-f776-4b59-9d66-8b90dfdfb510
E/c       (  584): java.lang.RuntimeException: org.apache.http.client.ClientProtocolException
E/c       (  584): 	at tv.ouya.console.util.a.q.a(Unknown Source)
E/c       (  584): 	at tv.ouya.console.util.a.q.a(Unknown Source)
E/c       (  584): 	at tv.ouya.console.util.a.e.a(Unknown Source)
E/c       (  584): 	at tv.ouya.console.util.a.d.a(Unknown Source)
E/c       (  584): 	at tv.ouya.console.util.a.d.a(Unknown Source)
E/c       (  584): 	at tv.ouya.console.util.a.d.doInBackground(Unknown Source)
E/c       (  584): 	at android.os.AsyncTask$2.call(AsyncTask.java:287)
E/c       (  584): 	at java.util.concurrent.FutureTask$Sync.innerRun(FutureTask.java:305)
E/c       (  584): 	at java.util.concurrent.FutureTask.run(FutureTask.java:137)
E/c       (  584): 	at android.os.AsyncTask$SerialExecutor$1.run(AsyncTask.java:230)
E/c       (  584): 	at java.util.concurrent.ThreadPoolExecutor.runWorker(ThreadPoolExecutor.java:1076)
E/c       (  584): 	at java.util.concurrent.ThreadPoolExecutor$Worker.run(ThreadPoolExecutor.java:569)
E/c       (  584): 	at java.lang.Thread.run(Thread.java:856)
E/c       (  584): Caused by: org.apache.http.client.ClientProtocolException
E/c       (  584): 	at org.apache.http.impl.client.AbstractHttpClient.execute(AbstractHttpClient.java:901)
E/c       (  584): 	at org.apache.http.impl.client.cache.CachingHttpClient.callBackend(CachingHttpClient.java:670)
E/c       (  584): 	at org.apache.http.impl.client.cache.CachingHttpClient.handleCacheMiss(CachingHttpClient.java:451)
E/c       (  584): 	at org.apache.http.impl.client.cache.CachingHttpClient.execute(CachingHttpClient.java:377)
E/c       (  584): 	at org.apache.http.impl.client.AbstractHttpClient.execute(AbstractHttpClient.java:797)
E/c       (  584): 	at org.apache.http.impl.client.AbstractHttpClient.execute(AbstractHttpClient.java:776)
E/c       (  584): 	... 13 more
E/c       (  584): Caused by: org.apache.http.ProtocolException: The server failed to respond with a valid HTTP response
E/c       (  584): 	at org.apache.http.impl.conn.DefaultHttpResponseParser.parseHead(DefaultHttpResponseParser.java:103)
E/c       (  584): 	at org.apache.http.impl.conn.DefaultHttpResponseParser.parseHead(DefaultHttpResponseParser.java:61)
E/c       (  584): 	at org.apache.http.impl.io.AbstractMessageParser.parse(AbstractMessageParser.java:254)
E/c       (  584): 	at org.apache.http.impl.AbstractHttpClientConnection.receiveResponseHeader(AbstractHttpClientConnection.java:289)
E/c       (  584): 	at org.apache.http.impl.conn.DefaultClientConnection.receiveResponseHeader(DefaultClientConnection.java:252)
E/c       (  584): 	at org.apache.http.impl.conn.AbstractClientConnAdapter.receiveResponseHeader(AbstractClientConnAdapter.java:219)
E/c       (  584): 	at org.apache.http.protocol.HttpRequestExecutor.doReceiveResponse(HttpRequestExecutor.java:300)
E/c       (  584): 	at org.apache.http.protocol.HttpRequestExecutor.execute(HttpRequestExecutor.java:127)
E/c       (  584): 	at org.apache.http.impl.client.DefaultRequestDirector.tryExecute(DefaultRequestDirector.java:717)
E/c       (  584): 	at org.apache.http.impl.client.DefaultRequestDirector.execute(DefaultRequestDirector.java:522)
E/c       (  584): 	at org.apache.http.impl.client.AbstractHttpClient.execute(AbstractHttpClient.java:898)
E/c       (  584): 	... 18 more
D/l       (  584): org.apache.http.client.ClientProtocolException
V/Http    (  584): Response uncompressed len: 46
E/d       (  584): Got failure response with message: org.apache.http.client.ClientProtocolException
W/AppDownloadService(  584): Getting download url failed for: air.com.distractionware.american because {-1} org.apache.http.client.ClientProtocolException
D/dalvikvm(  584): WAIT_FOR_CONCURRENT_GC blocked 0ms
D/dalvikvm(  584): GC_EXPLICIT freed 622K, 17% free 12045K/14407K, paused 6ms+3ms, total 56ms
D/AppDownloadService(  584): Building app download URL
D/e       (  584): Getting from URL: https://devs.ouya.tv/api/v1/apps/d2567efd-5894-4734-852c-f4c4f7ddcac1/download?auth_token=16a67b73-f776-4b59-9d66-8b90dfdfb510
D/HTTP    (  584): Request 104: GET /api/v1/apps/d2567efd-5894-4734-852c-f4c4f7ddcac1/download?auth_token=16a67b73-f776-4b59-9d66-8b90dfdfb510 HTTP/1.1
D/HTTP    (  584): Response 104: GET /api/v1/apps/d2567efd-5894-4734-852c-f4c4f7ddcac1/download?auth_token=16a67b73-f776-4b59-9d66-8b90dfdfb510 HTTP/1.1 (status: HTTP/1.1 200 OK)
D/l       (  584): {"app":{"downloadLink":"https://devs-ouya-tv-prod.s3.amazonaws.com/apps/a08b2df4-d615-46f4-9b81-130d0d9a25e0/com.CarvedGames.MarbleGoGo/d2567efd-5894-4734-852c-f4c4f7ddcac1/8iAPk1CVRvmDV70yVqMU_MarbleGoGo.apk?AWSAccessKeyId=AKIAJB2AZGYDUJBSZEYA&Expires=1373872662&Signature=HLmy%2BAPpR4ADPF3zP82dvFJbZz4%3D"}}
V/Http    (  584): Response uncompressed len: 309
D/d       (  584): received success response
W/NotificationTrackerService(  312): Dropping notification from com.android.providers.downloads
D/dalvikvm(  467): GC_CONCURRENT freed 1175K, 10% free 11548K/12807K, paused 4ms+5ms, total 41ms
D/dalvikvm(  467): WAIT_FOR_CONCURRENT_GC blocked 14ms
I/ActivityManager(  312): No longer want com.svox.pico (pid 4118): hidden #2
D/dalvikvm(  312): WAIT_FOR_CONCURRENT_GC blocked 0ms
D/dalvikvm(  312): GC_EXPLICIT freed 1068K, 51% free 22357K/45575K, paused 6ms+5ms, total 60ms
D/dalvikvm(  526): WAIT_FOR_CONCURRENT_GC blocked 0ms
D/dalvikvm(  526): GC_EXPLICIT freed 398K, 54% free 33467K/72327K, paused 6ms+6ms, total 70ms
D/dalvikvm(  467): WAIT_FOR_CONCURRENT_GC blocked 0ms
D/dalvikvm(  467): GC_EXPLICIT freed 1134K, 11% free 11453K/12807K, paused 15ms+5ms, total 59ms
D/dalvikvm(  584): WAIT_FOR_CONCURRENT_GC blocked 0ms
D/dalvikvm(  584): GC_EXPLICIT freed 644K, 16% free 12120K/14407K, paused 4ms+6ms, total 56ms
D/dalvikvm(  312): WAIT_FOR_CONCURRENT_GC blocked 0ms
D/dalvikvm(  312): GC_EXPLICIT freed 336K, 51% free 22346K/45575K, paused 6ms+4ms, total 55ms
D/dalvikvm(  526): WAIT_FOR_CONCURRENT_GC blocked 0ms
D/dalvikvm(  526): GC_EXPLICIT freed 357K, 54% free 33455K/72327K, paused 7ms+7ms, total 75ms
D/dalvikvm(  467): GC_CONCURRENT freed 1269K, 11% free 11437K/12807K, paused 4ms+7ms, total 44ms
D/dalvikvm(  467): WAIT_FOR_CONCURRENT_GC blocked 0ms
D/dalvikvm(  467): GC_EXPLICIT freed 427K, 12% free 11301K/12807K, paused 4ms+3ms, total 42ms
D/dalvikvm(  584): WAIT_FOR_CONCURRENT_GC blocked 0ms
D/dalvikvm(  584): GC_EXPLICIT freed 422K, 17% free 12065K/14407K, paused 5ms+5ms, total 53ms
D/dalvikvm(  312): WAIT_FOR_CONCURRENT_GC blocked 0ms
D/dalvikvm(  312): GC_EXPLICIT freed 311K, 51% free 22340K/45575K, paused 6ms+4ms, total 51ms
D/dalvikvm(  526): WAIT_FOR_CONCURRENT_GC blocked 0ms
D/dalvikvm(  526): GC_EXPLICIT freed 343K, 54% free 33455K/72327K, paused 5ms+5ms, total 75ms
D/dalvikvm(  467): GC_CONCURRENT freed 1067K, 11% free 11439K/12807K, paused 6ms+4ms, total 55ms
D/dalvikvm(  467): WAIT_FOR_CONCURRENT_GC blocked 0ms
D/dalvikvm(  467): GC_EXPLICIT freed 357K, 12% free 11286K/12807K, paused 4ms+3ms, total 39ms
D/dalvikvm(  584): WAIT_FOR_CONCURRENT_GC blocked 0ms
D/dalvikvm(  584): GC_EXPLICIT freed 369K, 17% free 12066K/14407K, paused 4ms+3ms, total 45ms
D/dalvikvm(  526): WAIT_FOR_CONCURRENT_GC blocked 1ms
D/dalvikvm(  526): GC_EXPLICIT freed 346K, 54% free 33453K/72327K, paused 5ms+6ms, total 68ms
D/dalvikvm(  312): WAIT_FOR_CONCURRENT_GC blocked 0ms
D/dalvikvm(  312): GC_EXPLICIT freed 297K, 51% free 22340K/45575K, paused 6ms+4ms, total 71ms
D/dalvikvm(  467): GC_CONCURRENT freed 999K, 11% free 11445K/12807K, paused 13ms+5ms, total 45ms
D/dalvikvm(  467): WAIT_FOR_CONCURRENT_GC blocked 0ms
D/dalvikvm(  467): GC_EXPLICIT freed 349K, 12% free 11278K/12807K, paused 3ms+3ms, total 40ms
D/dalvikvm(  584): WAIT_FOR_CONCURRENT_GC blocked 0ms
D/dalvikvm(  584): GC_EXPLICIT freed 366K, 17% free 12067K/14407K, paused 5ms+3ms, total 42ms
D/dalvikvm(  526): WAIT_FOR_CONCURRENT_GC blocked 0ms
D/dalvikvm(  526): GC_EXPLICIT freed 344K, 54% free 33451K/72327K, paused 8ms+5ms, total 67ms
D/dalvikvm(  312): WAIT_FOR_CONCURRENT_GC blocked 0ms
D/dalvikvm(  312): GC_EXPLICIT freed 320K, 51% free 22332K/45575K, paused 6ms+4ms, total 58ms
D/dalvikvm(  467): GC_CONCURRENT freed 1025K, 11% free 11425K/12807K, paused 14ms+6ms, total 52ms
D/dalvikvm(  526): WAIT_FOR_CONCURRENT_GC blocked 0ms
D/dalvikvm(  526): GC_EXPLICIT freed 344K, 54% free 33449K/72327K, paused 6ms+9ms, total 72ms
D/dalvikvm(  467): WAIT_FOR_CONCURRENT_GC blocked 0ms
D/dalvikvm(  467): GC_EXPLICIT freed 489K, 12% free 11311K/12807K, paused 2ms+2ms, total 20ms
D/dalvikvm(  584): WAIT_FOR_CONCURRENT_GC blocked 0ms
D/dalvikvm(  584): GC_EXPLICIT freed 367K, 17% free 12067K/14407K, paused 4ms+3ms, total 48ms
D/dalvikvm(  312): WAIT_FOR_CONCURRENT_GC blocked 0ms
D/dalvikvm(  312): GC_EXPLICIT freed 316K, 51% free 22337K/45575K, paused 6ms+4ms, total 61ms
I/DownloadManager(  467): Broadcasting Intent { act=android.intent.action.DOWNLOAD_COMPLETE pkg=tv.ouya (has extras) }
D/AppDownloadBroadcastTranslator(  584): Received broadcast: Intent { act=android.intent.action.DOWNLOAD_COMPLETE flg=0x10 pkg=tv.ouya cmp=tv.ouya/.provider.app.download.AppDownloadBroadcastTranslator (has extras) }
D/AppDownloadBroadcastTranslator(  584): Sending broadcast: Intent { act=android.intent.action.DOWNLOAD_COMPLETE (has extras) }
I/StoreDownloadReceiver(  526): Download complete for com.CarvedGames.MarbleGoGo
I/StoreDownloadReceiver(  526): Auto-installing com.CarvedGames.MarbleGoGo
D/AppDownloadBroadcastTranslator(  584): Received broadcast: Intent { act=android.intent.action.DOWNLOAD_COMPLETE flg=0x10 cmp=tv.ouya/.provider.app.download.AppDownloadBroadcastTranslator (has extras) }
D/AppDownloadServiceReceiver(  584): Received: Intent { act=tv.ouya.PACKAGE_INSTALLING flg=0x10 cmp=tv.ouya/.provider.app.download.AppDownloadServiceReceiver (has extras) }
W/ActivityManager(  312): No content provider found for permission revoke: file:///storage/sdcard0/com.CarvedGames.MarbleGoGo.apk
I/AppDownloadService(  584): Entering SUSPENDED state
W/ActivityManager(  312): No content provider found for permission revoke: file:///storage/sdcard0/com.CarvedGames.MarbleGoGo.apk
W/PackageParser(  312): Unknown element under <manifest>: supports-gl-texture at /data/app/vmdl1993176485.tmp Binary XML file line #15
W/PackageParser(  312): Unknown element under <manifest>: supports-gl-texture at /data/app/vmdl1993176485.tmp Binary XML file line #16
D/dalvikvm(  312): GC_CONCURRENT freed 2417K, 51% free 22712K/45575K, paused 2ms+4ms, total 33ms
I/PackageManager(  312): Running dexopt on: com.CarvedGames.MarbleGoGo
D/dalvikvm( 4226): DexOpt: 'Ltv/ouya/console/api/OuyaIntent;' has an earlier definition; blocking out
D/dalvikvm( 4226): DexOpt: not verifying/optimizing 'Ltv/ouya/console/api/OuyaIntent;': multiple definitions
D/dalvikvm( 4226): DexOpt: load 52ms, verify+opt 235ms, 1540212 bytes
I/ActivityManager(  312): Force stopping package com.CarvedGames.MarbleGoGo uid=10054
D/PackageManager(  312): New package installed in /data/app/com.CarvedGames.MarbleGoGo-1.apk
D/dalvikvm(  312): WAIT_FOR_CONCURRENT_GC blocked 0ms
D/PackageManager(  312): generateServicesMap(android.accounts.AccountAuthenticator): 1 services unchanged
D/PackageManager(  312): generateServicesMap(android.content.SyncAdapter): 3 services unchanged
D/BackupManagerService(  312): Received broadcast Intent { act=android.intent.action.PACKAGE_ADDED dat=package:com.CarvedGames.MarbleGoGo flg=0x8000010 (has extras) }
I/InputReader(  312): Reconfiguring input devices.  changes=0x00000010
I/ActivityManager(  312): Start proc com.android.musicfx for broadcast com.android.musicfx/.Compatibility$Receiver: pid=4227 uid=10013 gids={3003, 3002, 1028}
W/RecognitionManagerService(  312): no available voice recognition services found
V/BackupManagerService(  312): addPackageParticipantsLocked: #1
W/Searchables(  312): No global search activity found
I/PackageEventReceiver(  526): Broadcast Received Intent { act=android.intent.action.PACKAGE_ADDED dat=package:com.CarvedGames.MarbleGoGo flg=0x8000010 cmp=tv.ouya.console/.launcher.store.PackageEventReceiver (has extras) }
D/dalvikvm(  312): GC_EXPLICIT freed 921K, 51% free 22706K/45575K, paused 12ms+7ms, total 76ms
I/StoreDownloadReceiver+InstallTask(  526): Installed: com.CarvedGames.MarbleGoGo
I/PackageEventReceiver(  526): Installed app: com.CarvedGames.MarbleGoGo
I/ActivityManager(  312): Start proc com.svox.pico for broadcast com.svox.pico/.VoiceDataInstallerReceiver: pid=4241 uid=10022 gids={1015, 1023, 1028}
I/ActivityThread( 4241): Pub com.svox.pico.providers.SettingsProvider: com.svox.pico.providers.SettingsProvider
D/AppDownloadServiceReceiver(  584): Received: Intent { act=tv.ouya.PACKAGE_INSTALLED flg=0x10 cmp=tv.ouya/.provider.app.download.AppDownloadServiceReceiver (has extras) }
I/AppDownloadService(  584): Entering RUNNING state
I/ActivityManager(  312): No longer want com.android.musicfx (pid 4227): hidden #2
I/ActivityManager(  312): No longer want com.svox.pico (pid 4241): hidden #2
D/dalvikvm(  312): WAIT_FOR_CONCURRENT_GC blocked 0ms
D/dalvikvm(  312): GC_EXPLICIT freed 526K, 51% free 22358K/45575K, paused 6ms+3ms, total 51ms
D/dalvikvm(  467): WAIT_FOR_CONCURRENT_GC blocked 0ms
D/dalvikvm(  467): GC_EXPLICIT freed 848K, 11% free 11461K/12807K, paused 1ms+4ms, total 25ms
D/dalvikvm(  312): WAIT_FOR_CONCURRENT_GC blocked 0ms
D/dalvikvm(  312): GC_EXPLICIT freed 121K, 51% free 22336K/45575K, paused 6ms+3ms, total 63ms
D/dalvikvm(  467): WAIT_FOR_CONCURRENT_GC blocked 0ms
D/dalvikvm(  467): GC_EXPLICIT freed 609K, 12% free 11373K/12807K, paused 4ms+6ms, total 45ms
D/dalvikvm(  312): WAIT_FOR_CONCURRENT_GC blocked 0ms
D/dalvikvm(  312): GC_EXPLICIT freed 294K, 51% free 22353K/45575K, paused 3ms+4ms, total 42ms
D/dalvikvm(  584): WAIT_FOR_CONCURRENT_GC blocked 0ms
D/dalvikvm(  584): GC_EXPLICIT freed 609K, 16% free 12128K/14407K, paused 4ms+6ms, total 53ms
D/dalvikvm(  467): WAIT_FOR_CONCURRENT_GC blocked 0ms
D/dalvikvm(  467): GC_EXPLICIT freed 557K, 13% free 11204K/12807K, paused 4ms+4ms, total 46ms
D/dalvikvm(  584): WAIT_FOR_CONCURRENT_GC blocked 0ms
D/dalvikvm(  584): GC_EXPLICIT freed 688K, 16% free 12144K/14407K, paused 4ms+6ms, total 54ms
D/dalvikvm(  312): WAIT_FOR_CONCURRENT_GC blocked 0ms
D/dalvikvm(  312): GC_EXPLICIT freed 514K, 51% free 22382K/45575K, paused 6ms+4ms, total 60ms
D/BluetoothEventLoop(  312): Input Device : Name of Property is: Connected
I/EventHub(  312): Removing device '/dev/input/js0' due to inotify event
D/BluetoothInputProfileHandler(  312): InputDevice state : device: B8:5A:F7:C1:69:CF State:2->0
D/BluetoothAdapterStateMachine(  312): BluetoothOn process message: 52
I/BluetoothDeviceProfileState(  312): Entering ACL Connected state with: 102
D/BluetoothService(  312): CONNECTION_STATE_CHANGE: B8:5A:F7:C1:69:CF: 2 -> 0
D/BluetoothBroadcastReceiver(  584): Got action: android.bluetooth.adapter.action.CONNECTION_STATE_CHANGED
D/BluetoothBroadcastReceiver(  584): Adapter CONNECTION_STATE_CHANGED device: state: 0
D/ControllerService(  584): Controller service created! 1116646120
D/ControllerService(  584): Controller service destroyed!
I/EventHub(  312): Removing device OUYA Game Controller due to epoll hang-up event.
